Archive member included because of file (symbol)

contiki-sky.a(process.o)      obj_sky/contiki-sky-main.o (process_init)
contiki-sky.a(autostart.o)    obj_sky/contiki-sky-main.o (autostart_start)
contiki-sky.a(etimer.o)       obj_sky/contiki-sky-main.o (etimer_process)
contiki-sky.a(energest.o)     glossy-test-hda.co (energest_init)
contiki-sky.a(rtimer.o)       obj_sky/contiki-sky-main.o (rtimer_init)
contiki-sky.a(glossy_queue.o)
                              glossy-test-hda.co (createQueue)
contiki-sky.a(glossy.o)       glossy-test-hda.co (glossy_stop)
contiki-sky.a(msp430.o)       contiki-sky.a(glossy.o) (w_memcpy)
contiki-sky.a(leds.o)         obj_sky/contiki-sky-main.o (leds_init)
contiki-sky.a(watchdog.o)     obj_sky/contiki-sky-main.o (watchdog_start)
contiki-sky.a(xmem.o)         obj_sky/contiki-sky-main.o (xmem_init)
contiki-sky.a(cc2420.o)       obj_sky/contiki-sky-main.o (cc2420_init)
contiki-sky.a(node-id.o)      obj_sky/contiki-sky-main.o (node_id_restore)
contiki-sky.a(uart1.o)        obj_sky/contiki-sky-main.o (uart1_active)
contiki-sky.a(clock.o)        contiki-sky.a(etimer.o) (clock_time)
contiki-sky.a(leds-arch.o)    contiki-sky.a(leds.o) (leds_arch_init)
contiki-sky.a(uart1-putchar.o)
                              obj_sky/contiki-sky-main.o (putchar)
contiki-sky.a(rtimer-arch.o)  contiki-sky.a(rtimer.o) (rtimer_arch_init)
contiki-sky.a(timer.o)        contiki-sky.a(etimer.o) (timer_set)
contiki-sky.a(ringbuf.o)      contiki-sky.a(uart1.o) (ringbuf_init)
contiki-sky.a(spi.o)          contiki-sky.a(xmem.o) (spi_init)
/usr/lib/gcc/msp430/4.5.3/mmpy-16/libgcc.a(_mulsi3.o)
                              contiki-sky.a(glossy.o) (__mulsi3)
/usr/lib/gcc/msp430/4.5.3/mmpy-16/libgcc.a(_udivmodsi4.o)
                              glossy-test-hda.co (__udivmodsi4)
/usr/lib/gcc/msp430/4.5.3/mmpy-16/libgcc.a(_fixunssfsi.o)
                              glossy-test-hda.co (__fixunssfsi)
/usr/lib/gcc/msp430/4.5.3/mmpy-16/libgcc.a(_addsub_sf.o)
                              /usr/lib/gcc/msp430/4.5.3/mmpy-16/libgcc.a(_fixunssfsi.o) (__subsf3)
/usr/lib/gcc/msp430/4.5.3/mmpy-16/libgcc.a(_mul_sf.o)
                              glossy-test-hda.co (__mulsf3)
/usr/lib/gcc/msp430/4.5.3/mmpy-16/libgcc.a(_div_sf.o)
                              glossy-test-hda.co (__divsf3)
/usr/lib/gcc/msp430/4.5.3/mmpy-16/libgcc.a(_ge_sf.o)
                              /usr/lib/gcc/msp430/4.5.3/mmpy-16/libgcc.a(_fixunssfsi.o) (__gesf2)
/usr/lib/gcc/msp430/4.5.3/mmpy-16/libgcc.a(_sf_to_si.o)
                              /usr/lib/gcc/msp430/4.5.3/mmpy-16/libgcc.a(_fixunssfsi.o) (__fixsfsi)
/usr/lib/gcc/msp430/4.5.3/mmpy-16/libgcc.a(_thenan_sf.o)
                              /usr/lib/gcc/msp430/4.5.3/mmpy-16/libgcc.a(_addsub_sf.o) (__thenan_sf)
/usr/lib/gcc/msp430/4.5.3/mmpy-16/libgcc.a(_usi_to_sf.o)
                              glossy-test-hda.co (__floatunsisf)
/usr/lib/gcc/msp430/4.5.3/mmpy-16/libgcc.a(_clzsi2.o)
                              /usr/lib/gcc/msp430/4.5.3/mmpy-16/libgcc.a(_usi_to_sf.o) (__clzsi2)
/usr/lib/gcc/msp430/4.5.3/mmpy-16/libgcc.a(_pack_sf.o)
                              /usr/lib/gcc/msp430/4.5.3/mmpy-16/libgcc.a(_addsub_sf.o) (__pack_f)
/usr/lib/gcc/msp430/4.5.3/mmpy-16/libgcc.a(_unpack_sf.o)
                              /usr/lib/gcc/msp430/4.5.3/mmpy-16/libgcc.a(_addsub_sf.o) (__unpack_f)
/usr/lib/gcc/msp430/4.5.3/mmpy-16/libgcc.a(_fpcmp_parts_sf.o)
                              /usr/lib/gcc/msp430/4.5.3/mmpy-16/libgcc.a(_ge_sf.o) (__fpcmp_parts_f)
/usr/lib/gcc/msp430/4.5.3/mmpy-16/libgcc.a(_clz.o)
                              /usr/lib/gcc/msp430/4.5.3/mmpy-16/libgcc.a(_clzsi2.o) (__clz_tab)
/usr/lib/gcc/msp430/4.5.3/../../../../msp430/lib/mmpy-16/libc.a(memcpy.o)
                              contiki-sky.a(watchdog.o) (memcpy)
/usr/lib/gcc/msp430/4.5.3/../../../../msp430/lib/mmpy-16/libc.a(malloc.o)
                              contiki-sky.a(glossy_queue.o) (malloc)
/usr/lib/gcc/msp430/4.5.3/../../../../msp430/lib/mmpy-16/libc.a(printf.o)
                              glossy-test-hda.co (printf)
/usr/lib/gcc/msp430/4.5.3/../../../../msp430/lib/mmpy-16/libc.a(vuprintf.o)
                              /usr/lib/gcc/msp430/4.5.3/../../../../msp430/lib/mmpy-16/libc.a(printf.o) (vuprintf)
/usr/lib/gcc/msp430/4.5.3/../../../../msp430/lib/mmpy-16/libc.a(puts.o)
                              glossy-test-hda.co (puts)
/usr/lib/gcc/msp430/4.5.3/mmpy-16/libcrt0.a(_reset_vector__.o)
                              /usr/lib/gcc/msp430/4.5.3/mmpy-16/crt0ivtbl16.o (_reset_vector__)
/usr/lib/gcc/msp430/4.5.3/mmpy-16/libcrt0.a(__init_stack.o)
                              /usr/lib/gcc/msp430/4.5.3/mmpy-16/libcrt0.a(_reset_vector__.o) (__init_stack)
/usr/lib/gcc/msp430/4.5.3/mmpy-16/libcrt0.a(__low_level_init.o)
                              /usr/lib/gcc/msp430/4.5.3/mmpy-16/libcrt0.a(_reset_vector__.o) (__low_level_init)
/usr/lib/gcc/msp430/4.5.3/mmpy-16/libcrt0.a(_copy_data.o)
                              /usr/lib/gcc/msp430/4.5.3/mmpy-16/libcrt0.a(_reset_vector__.o) (__do_copy_data)
/usr/lib/gcc/msp430/4.5.3/mmpy-16/libcrt0.a(_clear_bss.o)
                              /usr/lib/gcc/msp430/4.5.3/mmpy-16/libcrt0.a(_reset_vector__.o) (__do_clear_bss)
/usr/lib/gcc/msp430/4.5.3/mmpy-16/libcrt0.a(__stop_progExec__.o)
                              /usr/lib/gcc/msp430/4.5.3/mmpy-16/libcrt0.a(_reset_vector__.o) (__stop_progExec__)
/usr/lib/gcc/msp430/4.5.3/mmpy-16/libcrt0.a(_endless_loop__.o)
                              /usr/lib/gcc/msp430/4.5.3/mmpy-16/libcrt0.a(_reset_vector__.o) (_endless_loop__)
/usr/lib/gcc/msp430/4.5.3/mmpy-16/libcrt0.a(_unexpected_.o)
                              /usr/lib/gcc/msp430/4.5.3/mmpy-16/crt0ivtbl16.o (_unexpected_)

Allocating common symbols
Common symbol       size              file

energest_total_time
                    0x30              contiki-sky.a(energest.o)
energest_total_count
                    0x2               contiki-sky.a(energest.o)
energest_current_mode
                    0xc               contiki-sky.a(energest.o)
process_maxevents   0x1               contiki-sky.a(process.o)
myQueue             0x2               glossy-test-hda.co
energest_current_time
                    0x18              contiki-sky.a(energest.o)

Memory Configuration

Name             Origin             Length             Attributes
sfr              0x00000000         0x00000010
peripheral_8bit  0x00000010         0x000000f0
peripheral_16bit 0x00000100         0x00000100
infomem          0x00001000         0x00000100
infob            0x00001000         0x00000080
infoa            0x00001080         0x00000080
ram              0x00001100         0x00002800         xw
rom              0x00004000         0x0000bfe0         xr
vectors          0x0000ffe0         0x00000020
bsl              0x00000000         0x00000000
infoc            0x00000000         0x00000000
infod            0x00000000         0x00000000
far_rom          0x00000000         0x00000000
*default*        0x00000000         0xffffffff

Linker script and memory map

LOAD /usr/lib/gcc/msp430/4.5.3/mmpy-16/crt0ivtbl16.o
Address of section .glossy set to 0x4000
Address of section .text set to 0x4400
LOAD glossy-test-hda.co
LOAD obj_sky/contiki-sky-main.o
LOAD contiki-sky.a
LOAD /usr/lib/gcc/msp430/4.5.3/mmpy-16/libgcc.a
LOAD /usr/lib/gcc/msp430/4.5.3/../../../../msp430/lib/mmpy-16/libc.a
LOAD /usr/lib/gcc/msp430/4.5.3/mmpy-16/libgcc.a
LOAD /usr/lib/gcc/msp430/4.5.3/mmpy-16/libcrt0.a
                0x00000000                __IE1 = 0x0
                0x00000002                __IFG1 = 0x2
                0x00000004                __ME1 = 0x4
                0x00000001                __IE2 = 0x1
                0x00000003                __IFG2 = 0x3
                0x00000005                __ME2 = 0x5
                0x00000120                __WDTCTL = 0x120
                0x00000130                __MPY = 0x130
                0x00000132                __MPYS = 0x132
                0x00000134                __MAC = 0x134
                0x00000136                __MACS = 0x136
                0x00000138                __OP2 = 0x138
                0x0000013a                __RESLO = 0x13a
                0x0000013c                __RESHI = 0x13c
                0x0000013e                __SUMEXT = 0x13e
                0x00000020                __P1IN = 0x20
                0x00000021                __P1OUT = 0x21
                0x00000022                __P1DIR = 0x22
                0x00000023                __P1IFG = 0x23
                0x00000024                __P1IES = 0x24
                0x00000025                __P1IE = 0x25
                0x00000026                __P1SEL = 0x26
                0x00000028                __P2IN = 0x28
                0x00000029                __P2OUT = 0x29
                0x0000002a                __P2DIR = 0x2a
                0x0000002b                __P2IFG = 0x2b
                0x0000002c                __P2IES = 0x2c
                0x0000002d                __P2IE = 0x2d
                0x0000002e                __P2SEL = 0x2e
                0x00000018                __P3IN = 0x18
                0x00000019                __P3OUT = 0x19
                0x0000001a                __P3DIR = 0x1a
                0x0000001b                __P3SEL = 0x1b
                0x0000001c                __P4IN = 0x1c
                0x0000001d                __P4OUT = 0x1d
                0x0000001e                __P4DIR = 0x1e
                0x0000001f                __P4SEL = 0x1f
                0x00000030                __P5IN = 0x30
                0x00000031                __P5OUT = 0x31
                0x00000032                __P5DIR = 0x32
                0x00000033                __P5SEL = 0x33
                0x00000034                __P6IN = 0x34
                0x00000035                __P6OUT = 0x35
                0x00000036                __P6DIR = 0x36
                0x00000037                __P6SEL = 0x37
                0x00000070                __U0CTL = 0x70
                0x00000071                __U0TCTL = 0x71
                0x00000072                __U0RCTL = 0x72
                0x00000073                __U0MCTL = 0x73
                0x00000074                __U0BR0 = 0x74
                0x00000075                __U0BR1 = 0x75
                0x00000076                __U0RXBUF = 0x76
                0x00000077                __U0TXBUF = 0x77
                0x00000078                __U1CTL = 0x78
                0x00000079                __U1TCTL = 0x79
                0x0000007a                __U1RCTL = 0x7a
                0x0000007b                __U1MCTL = 0x7b
                0x0000007c                __U1BR0 = 0x7c
                0x0000007d                __U1BR1 = 0x7d
                0x0000007e                __U1RXBUF = 0x7e
                0x0000007f                __U1TXBUF = 0x7f
                0x00000050                __I2CIE = 0x50
                0x00000051                __I2CIFG = 0x51
                0x00000052                __I2CNDAT = 0x52
                0x00000071                __I2CTCTL = 0x71
                0x00000072                __I2CDCTL = 0x72
                0x00000073                __I2CPSC = 0x73
                0x00000074                __I2CSCLH = 0x74
                0x00000075                __I2CSCLL = 0x75
                0x00000076                __I2CDRB = 0x76
                0x00000076                __I2CDRW = 0x76
                0x00000118                __I2COA = 0x118
                0x0000011a                __I2CSA = 0x11a
                0x0000011c                __I2CIV = 0x11c
                0x0000012e                __TAIV = 0x12e
                0x00000160                __TACTL = 0x160
                0x00000162                __TACCTL0 = 0x162
                0x00000164                __TACCTL1 = 0x164
                0x00000166                __TACCTL2 = 0x166
                0x00000170                __TAR = 0x170
                0x00000172                __TACCR0 = 0x172
                0x00000174                __TACCR1 = 0x174
                0x00000176                __TACCR2 = 0x176
                0x0000011e                __TBIV = 0x11e
                0x00000180                __TBCTL = 0x180
                0x00000182                __TBCCTL0 = 0x182
                0x00000184                __TBCCTL1 = 0x184
                0x00000186                __TBCCTL2 = 0x186
                0x00000188                __TBCCTL3 = 0x188
                0x0000018a                __TBCCTL4 = 0x18a
                0x0000018c                __TBCCTL5 = 0x18c
                0x0000018e                __TBCCTL6 = 0x18e
                0x00000190                __TBR = 0x190
                0x00000192                __TBCCR0 = 0x192
                0x00000194                __TBCCR1 = 0x194
                0x00000196                __TBCCR2 = 0x196
                0x00000198                __TBCCR3 = 0x198
                0x0000019a                __TBCCR4 = 0x19a
                0x0000019c                __TBCCR5 = 0x19c
                0x0000019e                __TBCCR6 = 0x19e
                0x00000056                __DCOCTL = 0x56
                0x00000057                __BCSCTL1 = 0x57
                0x00000058                __BCSCTL2 = 0x58
                0x00000055                __SVSCTL = 0x55
                0x00000128                __FCTL1 = 0x128
                0x0000012a                __FCTL2 = 0x12a
                0x0000012c                __FCTL3 = 0x12c
                0x00000059                __CACTL1 = 0x59
                0x0000005a                __CACTL2 = 0x5a
                0x0000005b                __CAPD = 0x5b
                0x000001a0                __ADC12CTL0 = 0x1a0
                0x000001a2                __ADC12CTL1 = 0x1a2
                0x000001a4                __ADC12IFG = 0x1a4
                0x000001a6                __ADC12IE = 0x1a6
                0x000001a8                __ADC12IV = 0x1a8
                0x00000140                __ADC12MEM0 = 0x140
                0x00000142                __ADC12MEM1 = 0x142
                0x00000144                __ADC12MEM2 = 0x144
                0x00000146                __ADC12MEM3 = 0x146
                0x00000148                __ADC12MEM4 = 0x148
                0x0000014a                __ADC12MEM5 = 0x14a
                0x0000014c                __ADC12MEM6 = 0x14c
                0x0000014e                __ADC12MEM7 = 0x14e
                0x00000150                __ADC12MEM8 = 0x150
                0x00000152                __ADC12MEM9 = 0x152
                0x00000154                __ADC12MEM10 = 0x154
                0x00000156                __ADC12MEM11 = 0x156
                0x00000158                __ADC12MEM12 = 0x158
                0x0000015a                __ADC12MEM13 = 0x15a
                0x0000015c                __ADC12MEM14 = 0x15c
                0x0000015e                __ADC12MEM15 = 0x15e
                0x00000080                __ADC12MCTL0 = 0x80
                0x00000081                __ADC12MCTL1 = 0x81
                0x00000082                __ADC12MCTL2 = 0x82
                0x00000083                __ADC12MCTL3 = 0x83
                0x00000084                __ADC12MCTL4 = 0x84
                0x00000085                __ADC12MCTL5 = 0x85
                0x00000086                __ADC12MCTL6 = 0x86
                0x00000087                __ADC12MCTL7 = 0x87
                0x00000088                __ADC12MCTL8 = 0x88
                0x00000089                __ADC12MCTL9 = 0x89
                0x0000008a                __ADC12MCTL10 = 0x8a
                0x0000008b                __ADC12MCTL11 = 0x8b
                0x0000008c                __ADC12MCTL12 = 0x8c
                0x0000008d                __ADC12MCTL13 = 0x8d
                0x0000008e                __ADC12MCTL14 = 0x8e
                0x0000008f                __ADC12MCTL15 = 0x8f
                0x000001c0                __DAC12_0CTL = 0x1c0
                0x000001c2                __DAC12_1CTL = 0x1c2
                0x000001c8                __DAC12_0DAT = 0x1c8
                0x000001ca                __DAC12_1DAT = 0x1ca
                0x00000122                __DMACTL0 = 0x122
                0x00000124                __DMACTL1 = 0x124
                0x000001e0                __DMA0CTL = 0x1e0
                0x000001e8                __DMA1CTL = 0x1e8
                0x000001f0                __DMA2CTL = 0x1f0
                0x000001e2                __DMA0SA = 0x1e2
                0x000001e4                __DMA0DA = 0x1e4
                0x000001e6                __DMA0SZ = 0x1e6
                0x000001ea                __DMA1SA = 0x1ea
                0x000001ec                __DMA1DA = 0x1ec
                0x000001ee                __DMA1SZ = 0x1ee
                0x000001f2                __DMA2SA = 0x1f2
                0x000001f4                __DMA2DA = 0x1f4
                0x000001f6                __DMA2SZ = 0x1f6

.hash
 *(.hash)

.dynsym
 *(.dynsym)

.dynstr
 *(.dynstr)

.gnu.version
 *(.gnu.version)

.gnu.version_d
 *(.gnu.version_d)

.gnu.version_r
 *(.gnu.version_r)

.rel.init
 *(.rel.init)

.rela.init
 *(.rela.init)

.rel.text
 *(.rel.text)
 *(.rel.text.*)
 *(.rel.gnu.linkonce.t*)

.rela.text
 *(.rela.text)
 *(.rela.text.*)
 *(.rela.gnu.linkonce.t*)

.rel.fini
 *(.rel.fini)

.rela.fini
 *(.rela.fini)

.rel.rodata
 *(.rel.rodata)
 *(.rel.rodata.*)
 *(.rel.gnu.linkonce.r*)

.rela.rodata
 *(.rela.rodata)
 *(.rela.rodata.*)
 *(.rela.gnu.linkonce.r*)

.rel.data
 *(.rel.data)
 *(.rel.data.*)
 *(.rel.gnu.linkonce.d*)

.rela.data
 *(.rela.data)
 *(.rela.data.*)
 *(.rela.gnu.linkonce.d*)

.rel.ctors
 *(.rel.ctors)

.rela.ctors
 *(.rela.ctors)

.rel.dtors
 *(.rel.dtors)

.rela.dtors
 *(.rela.dtors)

.rel.got
 *(.rel.got)

.rela.got
 *(.rela.got)

.rel.bss
 *(.rel.bss)

.rela.bss
 *(.rela.bss)

.rel.plt
 *(.rel.plt)

.rela.plt
 *(.rela.plt)

.text           0x00004400     0x4008
                0x00004400                . = ALIGN (0x2)
 *(.init)
 *(.init0)
 .init0         0x00004400        0x0 /usr/lib/gcc/msp430/4.5.3/mmpy-16/libcrt0.a(_reset_vector__.o)
                0x00004400                _reset_vector__
 *(.init1)
 *(.init2)
 .init2         0x00004400        0x4 /usr/lib/gcc/msp430/4.5.3/mmpy-16/libcrt0.a(__init_stack.o)
                0x00004400                __init_stack
 *(.init3)
 .init3         0x00004404        0xa /usr/lib/gcc/msp430/4.5.3/mmpy-16/libcrt0.a(__low_level_init.o)
                0x00004404                __low_level_init
 *(.init4)
 .init4         0x0000440e       0x16 /usr/lib/gcc/msp430/4.5.3/mmpy-16/libcrt0.a(_copy_data.o)
                0x0000440e                __do_copy_data
 .init4         0x00004424       0x14 /usr/lib/gcc/msp430/4.5.3/mmpy-16/libcrt0.a(_clear_bss.o)
                0x00004424                __do_clear_bss
 *(.init5)
 *(.init6)
 *(.init7)
 *(.init8)
 *(.init9)
 .init9         0x00004438      0x174 obj_sky/contiki-sky-main.o
                0x00004438                main
 *(.fini9)
 .fini9         0x000045ac        0x0 /usr/lib/gcc/msp430/4.5.3/mmpy-16/libcrt0.a(__stop_progExec__.o)
                0x000045ac                __stop_progExec__
 *(.fini8)
 *(.fini7)
 *(.fini6)
 *(.fini5)
 *(.fini4)
 *(.fini3)
 *(.fini2)
 *(.fini1)
 *(.fini0)
 .fini0         0x000045ac        0x6 /usr/lib/gcc/msp430/4.5.3/mmpy-16/libcrt0.a(_endless_loop__.o)
                0x000045ac                _endless_loop__
 *(.fini)
                0x000045b2                . = ALIGN (0x2)
                0x000045b2                __ctors_start = .
 *(.ctors)
                0x000045b2                __ctors_end = .
                0x000045b2                __dtors_start = .
 *(.dtors)
                0x000045b2                __dtors_end = .
                0x000045b2                . = ALIGN (0x2)
 *(.text)
 .text          0x000045b2        0x4 /usr/lib/gcc/msp430/4.5.3/mmpy-16/crt0ivtbl16.o
                0x000045b2                __isr_14
                0x000045b2                __isr_4
                0x000045b2                __isr_11
                0x000045b2                __isr_7
                0x000045b2                __isr_0
                0x000045b2                __isr_8
                0x000045b2                __isr_13
                0x000045b2                __isr_9
                0x000045b2                __isr_1
 .text          0x000045b6      0x734 glossy-test-hda.co
                0x00004a5a                glossy_scheduler
                0x00004c5a                packet_queue
                0x00004cb2                create_queue
                0x00004ce6                autostart_processes
 .text          0x00004cea       0x50 obj_sky/contiki-sky-main.o
 .text          0x00004d3a      0x298 contiki-sky.a(process.o)
                0x00004e36                process_alloc_event
                0x00004e44                process_exit
                0x00004e4e                process_init
                0x00004e6a                process_run
                0x00004f06                process_nevents
                0x00004f12                process_post
                0x00004f66                process_post_synch
                0x00004f78                process_start
                0x00004faa                process_poll
                0x00004fc4                process_is_running
 .text          0x00004fd2       0x2e contiki-sky.a(autostart.o)
                0x00004fd2                autostart_start
                0x00004fea                autostart_exit
 .text          0x00005000      0x26e contiki-sky.a(etimer.o)
                0x00005078                etimer_request_poll
                0x00005188                etimer_set
                0x0000519a                etimer_reset
                0x000051ac                etimer_restart
                0x000051be                etimer_adjust
                0x000051d8                etimer_expired
                0x000051e6                etimer_expiration_time
                0x000051fa                etimer_start_time
                0x00005202                etimer_pending
                0x00005210                etimer_next_expiration_time
                0x00005226                etimer_stop
 .text          0x0000526e       0xbc contiki-sky.a(energest.o)
                0x0000526e                energest_init
                0x00005298                energest_type_time
                0x000052d8                energest_leveldevice_leveltime
                0x000052de                energest_type_set
                0x000052ec                energest_flush
 .text          0x0000532a       0x50 contiki-sky.a(rtimer.o)
                0x0000532a                rtimer_init
                0x00005330                rtimer_set
                0x00005354                rtimer_run_next
 .text          0x0000537a       0xec contiki-sky.a(glossy_queue.o)
                0x0000537a                createQueue
                0x000053be                Dequeue
                0x000053ea                front
                0x00005420                Enqueue
 .text          0x00005466      0xa24 contiki-sky.a(glossy.o)
                0x0000562a                glossy_stop
                0x00005698                get_rx_cnt
                0x0000569e                get_relay_cnt
                0x000056a4                get_T_slot_h
                0x000056aa                is_t_ref_l_updated
                0x000056b0                get_t_first_rx_l
                0x000056b6                get_t_ref_l
                0x000056bc                set_t_ref_l
                0x000056c2                set_t_ref_l_updated
                0x000056c8                get_state
                0x000056ce                glossy_end_rx
                0x00005914                glossy_begin_tx
                0x000059fe                glossy_end_tx
                0x00005a60                glossy_schedule_rx_timeout
                0x00005a6e                glossy_begin_rx
                0x00005c32                glossy_stop_rx_timeout
                0x00005c38                glossy_schedule_initiator_timeout
                0x00005ca4                glossy_start
                0x00005e68                glossy_stop_initiator_timeout
 .text          0x00005e8a      0x188 contiki-sky.a(msp430.o)
                0x00005e8a                w_memcpy
                0x00005eac                w_memset
                0x00005ebe                msp430_init_dco
                0x00005f32                msp430_cpu_init
                0x00005f58                sbrk
                0x00005fb0                splhigh_
                0x00005fb8                splx_
                0x00005fbc                msp430_sync_dco
 .text          0x00006012      0x166 contiki-sky.a(leds.o)
                0x000060ca                leds_init
                0x000060d8                leds_get
                0x000060de                leds_on
                0x000060f2                leds_off
                0x00006106                leds_invert
                0x00006110                leds_toggle
                0x00006116                leds_blink
                0x0000613c                leds_green
                0x00006150                leds_yellow
                0x00006164                leds_red
 .text          0x00006178      0x17e contiki-sky.a(watchdog.o)
                0x00006210                __isr_10
                0x00006210                watchdog_interrupt
                0x000062a4                watchdog_start
                0x000062b8                watchdog_periodic
                0x000062d0                watchdog_stop
                0x000062dc                watchdog_init
                0x000062f0                watchdog_reboot
 .text          0x000062f6      0x32c contiki-sky.a(xmem.o)
                0x00006362                xmem_init
                0x0000637e                xmem_pread
                0x00006446                xmem_pwrite
                0x00006570                xmem_erase
 .text          0x00006622      0x33c contiki-sky.a(cc2420.o)
                0x0000663e                cc2420_init
                0x00006902                cc2420_set_channel
 .text          0x0000695e       0x6e contiki-sky.a(node-id.o)
                0x0000695e                node_id_restore
                0x00006996                node_id_burn
 .text          0x000069cc      0x1a8 contiki-sky.a(uart1.o)
                0x000069cc                uart1_active
                0x000069e4                uart1_set_input
                0x000069ea                uart1_writeb
                0x00006a1a                uart1_init
                0x00006af0                uart1_rx_interrupt
                0x00006af0                __isr_3
                0x00006b44                __isr_2
                0x00006b44                uart1_tx_interrupt
 .text          0x00006b74      0x19a contiki-sky.a(clock.o)
                0x00006b74                etimer_interrupt
                0x00006bd4                __isr_5
                0x00006bd4                timera1
                0x00006c40                clock_time
                0x00006c5a                clock_set
                0x00006c70                clock_fine_max
                0x00006c76                clock_fine
                0x00006c80                clock_init
                0x00006ca8                clock_delay
                0x00006cae                clock_wait
                0x00006cec                clock_set_seconds
                0x00006cee                clock_seconds
                0x00006d08                clock_counter
 .text          0x00006d0e       0x7e contiki-sky.a(leds-arch.o)
                0x00006d0e                leds_arch_init
                0x00006d1c                leds_arch_get
                0x00006d52                leds_arch_set
 .text          0x00006d8c        0xe contiki-sky.a(uart1-putchar.o)
                0x00006d8c                putchar
 .text          0x00006d9a       0x3c contiki-sky.a(rtimer-arch.o)
                0x00006d9a                __isr_6
                0x00006d9a                timera0
                0x00006db6                rtimer_arch_init
                0x00006dc4                rtimer_arch_schedule
 .text          0x00006dd6       0x90 contiki-sky.a(timer.o)
                0x00006dd6                timer_set
                0x00006df2                timer_reset
                0x00006e00                timer_restart
                0x00006e14                timer_expired
                0x00006e3e                timer_remaining
 .text          0x00006e66       0x9c contiki-sky.a(ringbuf.o)
                0x00006e66                ringbuf_init
                0x00006e7a                ringbuf_put
                0x00006eb6                ringbuf_get
                0x00006ee8                ringbuf_size
                0x00006ef0                ringbuf_elements
 .text          0x00006f02       0x32 contiki-sky.a(spi.o)
                0x00006f02                spi_init
 .text          0x00006f34        0x0 /usr/lib/gcc/msp430/4.5.3/mmpy-16/libgcc.a(_mulsi3.o)
 .text          0x00006f34        0x0 /usr/lib/gcc/msp430/4.5.3/mmpy-16/libgcc.a(_udivmodsi4.o)
 .text          0x00006f34       0x42 /usr/lib/gcc/msp430/4.5.3/mmpy-16/libgcc.a(_fixunssfsi.o)
                0x00006f34                __fixunssfsi
 .text          0x00006f76      0x352 /usr/lib/gcc/msp430/4.5.3/mmpy-16/libgcc.a(_addsub_sf.o)
                0x00007224                __addsf3
                0x00007274                __subsf3
 .text          0x000072c8      0x1fe /usr/lib/gcc/msp430/4.5.3/mmpy-16/libgcc.a(_mul_sf.o)
                0x000072c8                __mulsf3
 .text          0x000074c6      0x160 /usr/lib/gcc/msp430/4.5.3/mmpy-16/libgcc.a(_div_sf.o)
                0x000074c6                __divsf3
 .text          0x00007626       0x58 /usr/lib/gcc/msp430/4.5.3/mmpy-16/libgcc.a(_ge_sf.o)
                0x00007626                __gesf2
 .text          0x0000767e       0x8a /usr/lib/gcc/msp430/4.5.3/mmpy-16/libgcc.a(_sf_to_si.o)
                0x0000767e                __fixsfsi
 .text          0x00007708        0x8 /usr/lib/gcc/msp430/4.5.3/mmpy-16/libgcc.a(_thenan_sf.o)
                0x00007708                __thenan_sf
 .text          0x00007710       0xd8 /usr/lib/gcc/msp430/4.5.3/mmpy-16/libgcc.a(_usi_to_sf.o)
                0x00007710                __floatunsisf
 .text          0x000077e8       0x58 /usr/lib/gcc/msp430/4.5.3/mmpy-16/libgcc.a(_clzsi2.o)
                0x000077e8                __clzsi2
 .text          0x00007840      0x1d6 /usr/lib/gcc/msp430/4.5.3/mmpy-16/libgcc.a(_pack_sf.o)
                0x00007840                __pack_f
 .text          0x00007a16      0x132 /usr/lib/gcc/msp430/4.5.3/mmpy-16/libgcc.a(_unpack_sf.o)
                0x00007a16                __unpack_f
 .text          0x00007b48       0xa2 /usr/lib/gcc/msp430/4.5.3/mmpy-16/libgcc.a(_fpcmp_parts_sf.o)
                0x00007b48                __fpcmp_parts_f
 .text          0x00007bea      0x100 /usr/lib/gcc/msp430/4.5.3/mmpy-16/libgcc.a(_clz.o)
                0x00007bea                __clz_tab
 .text          0x00007cea      0x104 /usr/lib/gcc/msp430/4.5.3/../../../../msp430/lib/mmpy-16/libc.a(memcpy.o)
                0x00007cea                memcpy
 .text          0x00007dee      0x10c /usr/lib/gcc/msp430/4.5.3/../../../../msp430/lib/mmpy-16/libc.a(malloc.o)
                0x00007dee                malloc
                0x00007ef2                free
 .text          0x00007efa       0x20 /usr/lib/gcc/msp430/4.5.3/../../../../msp430/lib/mmpy-16/libc.a(printf.o)
                0x00007efa                printf
                0x00007f0c                vprintf
 .text          0x00007f1a      0x476 /usr/lib/gcc/msp430/4.5.3/../../../../msp430/lib/mmpy-16/libc.a(vuprintf.o)
                0x00008026                vuprintf
 .text          0x00008390       0x2c /usr/lib/gcc/msp430/4.5.3/../../../../msp430/lib/mmpy-16/libc.a(puts.o)
                0x00008390                puts
 .text          0x000083bc        0x0 /usr/lib/gcc/msp430/4.5.3/mmpy-16/libcrt0.a(_reset_vector__.o)
 .text          0x000083bc        0x0 /usr/lib/gcc/msp430/4.5.3/mmpy-16/libcrt0.a(__init_stack.o)
 .text          0x000083bc        0x0 /usr/lib/gcc/msp430/4.5.3/mmpy-16/libcrt0.a(__low_level_init.o)
 .text          0x000083bc        0x0 /usr/lib/gcc/msp430/4.5.3/mmpy-16/libcrt0.a(_copy_data.o)
 .text          0x000083bc        0x0 /usr/lib/gcc/msp430/4.5.3/mmpy-16/libcrt0.a(_clear_bss.o)
 .text          0x000083bc        0x0 /usr/lib/gcc/msp430/4.5.3/mmpy-16/libcrt0.a(__stop_progExec__.o)
 .text          0x000083bc        0x0 /usr/lib/gcc/msp430/4.5.3/mmpy-16/libcrt0.a(_endless_loop__.o)
 .text          0x000083bc        0x0 /usr/lib/gcc/msp430/4.5.3/mmpy-16/libcrt0.a(_unexpected_.o)
                0x000083bc                . = ALIGN (0x2)
 *(.text.*)
 .text.crt0     0x000083bc        0x0 /usr/lib/gcc/msp430/4.5.3/mmpy-16/crt0ivtbl16.o
 .text.libgcc   0x000083bc       0x20 /usr/lib/gcc/msp430/4.5.3/mmpy-16/libgcc.a(_mulsi3.o)
                0x000083bc                __mulsi3
 .text.libgcc   0x000083dc       0x2a /usr/lib/gcc/msp430/4.5.3/mmpy-16/libgcc.a(_udivmodsi4.o)
                0x000083dc                __udivmodsi4
 .text.crt0     0x00008406        0x2 /usr/lib/gcc/msp430/4.5.3/mmpy-16/libcrt0.a(_unexpected_.o)
                0x00008406                _unexpected_

.rodata         0x00008408        0x0
                0x00008408                . = ALIGN (0x2)
 *(.rodata .rodata.* .gnu.linkonce.r.*)
                0x00008408                . = ALIGN (0x2)
                0x00008408                _etext = .

.data           0x00001100       0x2a load address 0x00008408
                0x00001100                . = ALIGN (0x2)
                0x00001100                PROVIDE (__data_start, .)
 *(.data)
 .data          0x00001100        0x0 /usr/lib/gcc/msp430/4.5.3/mmpy-16/crt0ivtbl16.o
 .data          0x00001100       0x14 glossy-test-hda.co
                0x00001100                glossy_print_stats_process
                0x0000110a                glossy_test
 .data          0x00001114        0x0 obj_sky/contiki-sky-main.o
 .data          0x00001114        0x0 contiki-sky.a(process.o)
 .data          0x00001114        0x0 contiki-sky.a(autostart.o)
 .data          0x00001114        0xa contiki-sky.a(etimer.o)
                0x00001114                etimer_process
 .data          0x0000111e        0x0 contiki-sky.a(energest.o)
 .data          0x0000111e        0x0 contiki-sky.a(rtimer.o)
 .data          0x0000111e        0x0 contiki-sky.a(glossy_queue.o)
 .data          0x0000111e        0xa contiki-sky.a(glossy.o)
                0x0000111e                glossy_process
 .data          0x00001128        0x2 contiki-sky.a(msp430.o)
 .data          0x0000112a        0x0 contiki-sky.a(leds.o)
 .data          0x0000112a        0x0 contiki-sky.a(watchdog.o)
 .data          0x0000112a        0x0 contiki-sky.a(xmem.o)
 .data          0x0000112a        0x0 contiki-sky.a(cc2420.o)
 .data          0x0000112a        0x0 contiki-sky.a(node-id.o)
 .data          0x0000112a        0x0 contiki-sky.a(uart1.o)
 .data          0x0000112a        0x0 contiki-sky.a(clock.o)
 .data          0x0000112a        0x0 contiki-sky.a(leds-arch.o)
 .data          0x0000112a        0x0 contiki-sky.a(uart1-putchar.o)
 .data          0x0000112a        0x0 contiki-sky.a(rtimer-arch.o)
 .data          0x0000112a        0x0 contiki-sky.a(timer.o)
 .data          0x0000112a        0x0 contiki-sky.a(ringbuf.o)
 .data          0x0000112a        0x0 contiki-sky.a(spi.o)
 .data          0x0000112a        0x0 /usr/lib/gcc/msp430/4.5.3/mmpy-16/libgcc.a(_mulsi3.o)
 .data          0x0000112a        0x0 /usr/lib/gcc/msp430/4.5.3/mmpy-16/libgcc.a(_udivmodsi4.o)
 .data          0x0000112a        0x0 /usr/lib/gcc/msp430/4.5.3/mmpy-16/libgcc.a(_fixunssfsi.o)
 .data          0x0000112a        0x0 /usr/lib/gcc/msp430/4.5.3/mmpy-16/libgcc.a(_addsub_sf.o)
 .data          0x0000112a        0x0 /usr/lib/gcc/msp430/4.5.3/mmpy-16/libgcc.a(_mul_sf.o)
 .data          0x0000112a        0x0 /usr/lib/gcc/msp430/4.5.3/mmpy-16/libgcc.a(_div_sf.o)
 .data          0x0000112a        0x0 /usr/lib/gcc/msp430/4.5.3/mmpy-16/libgcc.a(_ge_sf.o)
 .data          0x0000112a        0x0 /usr/lib/gcc/msp430/4.5.3/mmpy-16/libgcc.a(_sf_to_si.o)
 .data          0x0000112a        0x0 /usr/lib/gcc/msp430/4.5.3/mmpy-16/libgcc.a(_thenan_sf.o)
 .data          0x0000112a        0x0 /usr/lib/gcc/msp430/4.5.3/mmpy-16/libgcc.a(_usi_to_sf.o)
 .data          0x0000112a        0x0 /usr/lib/gcc/msp430/4.5.3/mmpy-16/libgcc.a(_clzsi2.o)
 .data          0x0000112a        0x0 /usr/lib/gcc/msp430/4.5.3/mmpy-16/libgcc.a(_pack_sf.o)
 .data          0x0000112a        0x0 /usr/lib/gcc/msp430/4.5.3/mmpy-16/libgcc.a(_unpack_sf.o)
 .data          0x0000112a        0x0 /usr/lib/gcc/msp430/4.5.3/mmpy-16/libgcc.a(_fpcmp_parts_sf.o)
 .data          0x0000112a        0x0 /usr/lib/gcc/msp430/4.5.3/mmpy-16/libgcc.a(_clz.o)
 .data          0x0000112a        0x0 /usr/lib/gcc/msp430/4.5.3/../../../../msp430/lib/mmpy-16/libc.a(memcpy.o)
 .data          0x0000112a        0x0 /usr/lib/gcc/msp430/4.5.3/../../../../msp430/lib/mmpy-16/libc.a(malloc.o)
 .data          0x0000112a        0x0 /usr/lib/gcc/msp430/4.5.3/../../../../msp430/lib/mmpy-16/libc.a(printf.o)
 .data          0x0000112a        0x0 /usr/lib/gcc/msp430/4.5.3/../../../../msp430/lib/mmpy-16/libc.a(vuprintf.o)
 .data          0x0000112a        0x0 /usr/lib/gcc/msp430/4.5.3/../../../../msp430/lib/mmpy-16/libc.a(puts.o)
 .data          0x0000112a        0x0 /usr/lib/gcc/msp430/4.5.3/mmpy-16/libcrt0.a(_reset_vector__.o)
 .data          0x0000112a        0x0 /usr/lib/gcc/msp430/4.5.3/mmpy-16/libcrt0.a(__init_stack.o)
 .data          0x0000112a        0x0 /usr/lib/gcc/msp430/4.5.3/mmpy-16/libcrt0.a(__low_level_init.o)
 .data          0x0000112a        0x0 /usr/lib/gcc/msp430/4.5.3/mmpy-16/libcrt0.a(_copy_data.o)
 .data          0x0000112a        0x0 /usr/lib/gcc/msp430/4.5.3/mmpy-16/libcrt0.a(_clear_bss.o)
 .data          0x0000112a        0x0 /usr/lib/gcc/msp430/4.5.3/mmpy-16/libcrt0.a(__stop_progExec__.o)
 .data          0x0000112a        0x0 /usr/lib/gcc/msp430/4.5.3/mmpy-16/libcrt0.a(_endless_loop__.o)
 .data          0x0000112a        0x0 /usr/lib/gcc/msp430/4.5.3/mmpy-16/libcrt0.a(_unexpected_.o)
 *(SORT(.data.*))
                0x0000112a                . = ALIGN (0x2)
 *(.gnu.linkonce.d*)
                0x0000112a                . = ALIGN (0x2)
                0x0000112a                _edata = .
                0x00008408                PROVIDE (__data_load_start, LOADADDR (.data))
                0x0000002a                PROVIDE (__data_size, SIZEOF (.data))

.bss            0x0000112a      0x180 load address 0x00008432
                0x0000112a                PROVIDE (__bss_start, .)
 *(.bss)
 .bss           0x0000112a        0x0 /usr/lib/gcc/msp430/4.5.3/mmpy-16/crt0ivtbl16.o
 .bss           0x0000112a       0x28 glossy-test-hda.co
 .bss           0x00001152        0x4 obj_sky/contiki-sky-main.o
 .bss           0x00001156       0x42 contiki-sky.a(process.o)
                0x00001156                process_list
                0x00001158                process_current
 .bss           0x00001198        0x0 contiki-sky.a(autostart.o)
 .bss           0x00001198        0x6 contiki-sky.a(etimer.o)
 .bss           0x0000119e        0x0 contiki-sky.a(energest.o)
 .bss           0x0000119e        0x2 contiki-sky.a(rtimer.o)
 .bss           0x000011a0        0x0 contiki-sky.a(glossy_queue.o)
 .bss           0x000011a0       0x4e contiki-sky.a(glossy.o)
 .bss           0x000011ee        0x0 contiki-sky.a(msp430.o)
 .bss           0x000011ee        0x2 contiki-sky.a(leds.o)
 .bss           0x000011f0        0x6 contiki-sky.a(watchdog.o)
 .bss           0x000011f6        0x0 contiki-sky.a(xmem.o)
 .bss           0x000011f6        0x0 contiki-sky.a(cc2420.o)
 .bss           0x000011f6        0x2 contiki-sky.a(node-id.o)
                0x000011f6                node_id
 .bss           0x000011f8       0x4a contiki-sky.a(uart1.o)
 .bss           0x00001242        0xa contiki-sky.a(clock.o)
 .bss           0x0000124c        0x0 contiki-sky.a(leds-arch.o)
 .bss           0x0000124c        0x0 contiki-sky.a(uart1-putchar.o)
 .bss           0x0000124c        0x0 contiki-sky.a(rtimer-arch.o)
 .bss           0x0000124c        0x0 contiki-sky.a(timer.o)
 .bss           0x0000124c        0x0 contiki-sky.a(ringbuf.o)
 .bss           0x0000124c        0x2 contiki-sky.a(spi.o)
                0x0000124c                spi_busy
 .bss           0x0000124e        0x0 /usr/lib/gcc/msp430/4.5.3/mmpy-16/libgcc.a(_mulsi3.o)
 .bss           0x0000124e        0x0 /usr/lib/gcc/msp430/4.5.3/mmpy-16/libgcc.a(_udivmodsi4.o)
 .bss           0x0000124e        0x0 /usr/lib/gcc/msp430/4.5.3/mmpy-16/libgcc.a(_fixunssfsi.o)
 .bss           0x0000124e        0x0 /usr/lib/gcc/msp430/4.5.3/mmpy-16/libgcc.a(_addsub_sf.o)
 .bss           0x0000124e        0x0 /usr/lib/gcc/msp430/4.5.3/mmpy-16/libgcc.a(_mul_sf.o)
 .bss           0x0000124e        0x0 /usr/lib/gcc/msp430/4.5.3/mmpy-16/libgcc.a(_div_sf.o)
 .bss           0x0000124e        0x0 /usr/lib/gcc/msp430/4.5.3/mmpy-16/libgcc.a(_ge_sf.o)
 .bss           0x0000124e        0x0 /usr/lib/gcc/msp430/4.5.3/mmpy-16/libgcc.a(_sf_to_si.o)
 .bss           0x0000124e        0x0 /usr/lib/gcc/msp430/4.5.3/mmpy-16/libgcc.a(_thenan_sf.o)
 .bss           0x0000124e        0x0 /usr/lib/gcc/msp430/4.5.3/mmpy-16/libgcc.a(_usi_to_sf.o)
 .bss           0x0000124e        0x0 /usr/lib/gcc/msp430/4.5.3/mmpy-16/libgcc.a(_clzsi2.o)
 .bss           0x0000124e        0x0 /usr/lib/gcc/msp430/4.5.3/mmpy-16/libgcc.a(_pack_sf.o)
 .bss           0x0000124e        0x0 /usr/lib/gcc/msp430/4.5.3/mmpy-16/libgcc.a(_unpack_sf.o)
 .bss           0x0000124e        0x0 /usr/lib/gcc/msp430/4.5.3/mmpy-16/libgcc.a(_fpcmp_parts_sf.o)
 .bss           0x0000124e        0x0 /usr/lib/gcc/msp430/4.5.3/mmpy-16/libgcc.a(_clz.o)
 .bss           0x0000124e        0x0 /usr/lib/gcc/msp430/4.5.3/../../../../msp430/lib/mmpy-16/libc.a(memcpy.o)
 .bss           0x0000124e        0x1 /usr/lib/gcc/msp430/4.5.3/../../../../msp430/lib/mmpy-16/libc.a(malloc.o)
 .bss           0x0000124f        0x0 /usr/lib/gcc/msp430/4.5.3/../../../../msp430/lib/mmpy-16/libc.a(printf.o)
 .bss           0x0000124f        0x0 /usr/lib/gcc/msp430/4.5.3/../../../../msp430/lib/mmpy-16/libc.a(vuprintf.o)
 .bss           0x0000124f        0x0 /usr/lib/gcc/msp430/4.5.3/../../../../msp430/lib/mmpy-16/libc.a(puts.o)
 .bss           0x0000124f        0x0 /usr/lib/gcc/msp430/4.5.3/mmpy-16/libcrt0.a(_reset_vector__.o)
 .bss           0x0000124f        0x0 /usr/lib/gcc/msp430/4.5.3/mmpy-16/libcrt0.a(__init_stack.o)
 .bss           0x0000124f        0x0 /usr/lib/gcc/msp430/4.5.3/mmpy-16/libcrt0.a(__low_level_init.o)
 .bss           0x0000124f        0x0 /usr/lib/gcc/msp430/4.5.3/mmpy-16/libcrt0.a(_copy_data.o)
 .bss           0x0000124f        0x0 /usr/lib/gcc/msp430/4.5.3/mmpy-16/libcrt0.a(_clear_bss.o)
 .bss           0x0000124f        0x0 /usr/lib/gcc/msp430/4.5.3/mmpy-16/libcrt0.a(__stop_progExec__.o)
 .bss           0x0000124f        0x0 /usr/lib/gcc/msp430/4.5.3/mmpy-16/libcrt0.a(_endless_loop__.o)
 .bss           0x0000124f        0x0 /usr/lib/gcc/msp430/4.5.3/mmpy-16/libcrt0.a(_unexpected_.o)
 *(SORT(.bss.*))
 *(COMMON)
 *fill*         0x0000124f        0x1 00
 COMMON         0x00001250        0x2 glossy-test-hda.co
                0x00001250                myQueue
 COMMON         0x00001252        0x1 contiki-sky.a(process.o)
                0x00001252                process_maxevents
 *fill*         0x00001253        0x1 00
 COMMON         0x00001254       0x56 contiki-sky.a(energest.o)
                0x00001254                energest_total_time
                0x00001284                energest_total_count
                0x00001286                energest_current_mode
                0x00001292                energest_current_time
                0x000012aa                PROVIDE (__bss_end, .)
                0x000012aa                _end = .
                0x00000180                PROVIDE (__bss_size, SIZEOF (.bss))

.noinit         0x000012aa        0x0 load address 0x00008432
                0x000012aa                PROVIDE (__noinit_start, .)
 *(.noinit)
 *(.noinit.*)
 *(COMMON)
                0x000012aa                PROVIDE (__noinit_end, .)
                0x000012aa                _end = .

.infomem        0x00001000        0x0
 *(.infomem)
                0x00001000                . = ALIGN (0x2)
 *(.infomem.*)

.infomemnobits  0x00001000        0x0
                0x00001000                . = ALIGN (0x2)
 *(.infomemnobits)
                0x00001000                . = ALIGN (0x2)
 *(.infomemnobits.*)

.vectors        0x0000ffe0       0x20
                0x0000ffe0                PROVIDE (__vectors_start, .)
 *(.vectors*)
 .vectors       0x0000ffe0       0x20 /usr/lib/gcc/msp430/4.5.3/mmpy-16/crt0ivtbl16.o
                0x0000ffe0                __ivtbl_16
                0x00010000                _vectors_end = .

.fartext        0x00000000        0x0
                0x00000000                . = ALIGN (0x2)
 *(.fartext)
                0x00000000                . = ALIGN (0x2)
 *(.fartext.*)
                0x00000000                _efartext = .

.profiler
 *(.profiler)

.stab
 *(.stab)

.stabstr
 *(.stabstr)

.stab.excl
 *(.stab.excl)

.stab.exclstr
 *(.stab.exclstr)

.stab.index
 *(.stab.index)

.stab.indexstr
 *(.stab.indexstr)

.comment
 *(.comment)

.debug
 *(.debug)

.line
 *(.line)

.debug_srcinfo
 *(.debug_srcinfo)

.debug_sfnames
 *(.debug_sfnames)

.debug_aranges  0x00000000      0x3b0
 *(.debug_aranges)
 .debug_aranges
                0x00000000       0x14 glossy-test-hda.co
 .debug_aranges
                0x00000014       0x14 obj_sky/contiki-sky-main.o
 .debug_aranges
                0x00000028       0x14 contiki-sky.a(process.o)
 .debug_aranges
                0x0000003c       0x14 contiki-sky.a(autostart.o)
 .debug_aranges
                0x00000050       0x14 contiki-sky.a(etimer.o)
 .debug_aranges
                0x00000064       0x14 contiki-sky.a(energest.o)
 .debug_aranges
                0x00000078       0x14 contiki-sky.a(rtimer.o)
 .debug_aranges
                0x0000008c       0x14 contiki-sky.a(glossy_queue.o)
 .debug_aranges
                0x000000a0       0x18 contiki-sky.a(glossy.o)
 .debug_aranges
                0x000000b8       0x14 contiki-sky.a(msp430.o)
 .debug_aranges
                0x000000cc       0x14 contiki-sky.a(leds.o)
 .debug_aranges
                0x000000e0       0x14 contiki-sky.a(watchdog.o)
 .debug_aranges
                0x000000f4       0x14 contiki-sky.a(xmem.o)
 .debug_aranges
                0x00000108       0x14 contiki-sky.a(cc2420.o)
 .debug_aranges
                0x0000011c       0x14 contiki-sky.a(node-id.o)
 .debug_aranges
                0x00000130       0x14 contiki-sky.a(uart1.o)
 .debug_aranges
                0x00000144       0x14 contiki-sky.a(clock.o)
 .debug_aranges
                0x00000158       0x14 contiki-sky.a(leds-arch.o)
 .debug_aranges
                0x0000016c       0x14 contiki-sky.a(uart1-putchar.o)
 .debug_aranges
                0x00000180       0x14 contiki-sky.a(rtimer-arch.o)
 .debug_aranges
                0x00000194       0x14 contiki-sky.a(timer.o)
 .debug_aranges
                0x000001a8       0x14 contiki-sky.a(ringbuf.o)
 .debug_aranges
                0x000001bc       0x14 contiki-sky.a(spi.o)
 .debug_aranges
                0x000001d0       0x14 /usr/lib/gcc/msp430/4.5.3/mmpy-16/libgcc.a(_mulsi3.o)
 .debug_aranges
                0x000001e4       0x14 /usr/lib/gcc/msp430/4.5.3/mmpy-16/libgcc.a(_udivmodsi4.o)
 .debug_aranges
                0x000001f8       0x14 /usr/lib/gcc/msp430/4.5.3/mmpy-16/libgcc.a(_fixunssfsi.o)
 .debug_aranges
                0x0000020c       0x14 /usr/lib/gcc/msp430/4.5.3/mmpy-16/libgcc.a(_addsub_sf.o)
 .debug_aranges
                0x00000220       0x14 /usr/lib/gcc/msp430/4.5.3/mmpy-16/libgcc.a(_mul_sf.o)
 .debug_aranges
                0x00000234       0x14 /usr/lib/gcc/msp430/4.5.3/mmpy-16/libgcc.a(_div_sf.o)
 .debug_aranges
                0x00000248       0x14 /usr/lib/gcc/msp430/4.5.3/mmpy-16/libgcc.a(_ge_sf.o)
 .debug_aranges
                0x0000025c       0x14 /usr/lib/gcc/msp430/4.5.3/mmpy-16/libgcc.a(_sf_to_si.o)
 .debug_aranges
                0x00000270       0x14 /usr/lib/gcc/msp430/4.5.3/mmpy-16/libgcc.a(_usi_to_sf.o)
 .debug_aranges
                0x00000284       0x14 /usr/lib/gcc/msp430/4.5.3/mmpy-16/libgcc.a(_clzsi2.o)
 .debug_aranges
                0x00000298       0x14 /usr/lib/gcc/msp430/4.5.3/mmpy-16/libgcc.a(_pack_sf.o)
 .debug_aranges
                0x000002ac       0x14 /usr/lib/gcc/msp430/4.5.3/mmpy-16/libgcc.a(_unpack_sf.o)
 .debug_aranges
                0x000002c0       0x14 /usr/lib/gcc/msp430/4.5.3/mmpy-16/libgcc.a(_fpcmp_parts_sf.o)
 .debug_aranges
                0x000002d4       0x14 /usr/lib/gcc/msp430/4.5.3/../../../../msp430/lib/mmpy-16/libc.a(memcpy.o)
 .debug_aranges
                0x000002e8       0x14 /usr/lib/gcc/msp430/4.5.3/../../../../msp430/lib/mmpy-16/libc.a(malloc.o)
 .debug_aranges
                0x000002fc       0x14 /usr/lib/gcc/msp430/4.5.3/../../../../msp430/lib/mmpy-16/libc.a(printf.o)
 .debug_aranges
                0x00000310       0x14 /usr/lib/gcc/msp430/4.5.3/../../../../msp430/lib/mmpy-16/libc.a(vuprintf.o)
 .debug_aranges
                0x00000324       0x14 /usr/lib/gcc/msp430/4.5.3/../../../../msp430/lib/mmpy-16/libc.a(puts.o)
 .debug_aranges
                0x00000338       0x14 /usr/lib/gcc/msp430/4.5.3/mmpy-16/libcrt0.a(__init_stack.o)
 .debug_aranges
                0x0000034c       0x14 /usr/lib/gcc/msp430/4.5.3/mmpy-16/libcrt0.a(__low_level_init.o)
 .debug_aranges
                0x00000360       0x14 /usr/lib/gcc/msp430/4.5.3/mmpy-16/libcrt0.a(_copy_data.o)
 .debug_aranges
                0x00000374       0x14 /usr/lib/gcc/msp430/4.5.3/mmpy-16/libcrt0.a(_clear_bss.o)
 .debug_aranges
                0x00000388       0x14 /usr/lib/gcc/msp430/4.5.3/mmpy-16/libcrt0.a(_endless_loop__.o)
 .debug_aranges
                0x0000039c       0x14 /usr/lib/gcc/msp430/4.5.3/mmpy-16/libcrt0.a(_unexpected_.o)

.debug_pubnames
                0x00000000      0xe31
 *(.debug_pubnames)
 .debug_pubnames
                0x00000000       0x9c glossy-test-hda.co
 .debug_pubnames
                0x0000009c       0x1b obj_sky/contiki-sky-main.o
 .debug_pubnames
                0x000000b7      0x10d contiki-sky.a(process.o)
 .debug_pubnames
                0x000001c4       0x39 contiki-sky.a(autostart.o)
 .debug_pubnames
                0x000001fd      0x109 contiki-sky.a(etimer.o)
 .debug_pubnames
                0x00000306       0xec contiki-sky.a(energest.o)
 .debug_pubnames
                0x000003f2       0x45 contiki-sky.a(rtimer.o)
 .debug_pubnames
                0x00000437       0x44 contiki-sky.a(glossy_queue.o)
 .debug_pubnames
                0x0000047b      0x1ce contiki-sky.a(glossy.o)
 .debug_pubnames
                0x00000649       0x88 contiki-sky.a(msp430.o)
 .debug_pubnames
                0x000006d1       0xa1 contiki-sky.a(leds.o)
 .debug_pubnames
                0x00000772       0x8a contiki-sky.a(watchdog.o)
 .debug_pubnames
                0x000007fc       0x4e contiki-sky.a(xmem.o)
 .debug_pubnames
                0x0000084a       0x39 contiki-sky.a(cc2420.o)
 .debug_pubnames
                0x00000883       0x43 contiki-sky.a(node-id.o)
 .debug_pubnames
                0x000008c6       0x85 contiki-sky.a(uart1.o)
 .debug_pubnames
                0x0000094b       0xda contiki-sky.a(clock.o)
 .debug_pubnames
                0x00000a25       0x49 contiki-sky.a(leds-arch.o)
 .debug_pubnames
                0x00000a6e       0x1e contiki-sky.a(uart1-putchar.o)
 .debug_pubnames
                0x00000a8c       0x4c contiki-sky.a(rtimer-arch.o)
 .debug_pubnames
                0x00000ad8       0x68 contiki-sky.a(timer.o)
 .debug_pubnames
                0x00000b40       0x69 contiki-sky.a(ringbuf.o)
 .debug_pubnames
                0x00000ba9       0x2c contiki-sky.a(spi.o)
 .debug_pubnames
                0x00000bd5       0x23 /usr/lib/gcc/msp430/4.5.3/mmpy-16/libgcc.a(_fixunssfsi.o)
 .debug_pubnames
                0x00000bf8       0x2c /usr/lib/gcc/msp430/4.5.3/mmpy-16/libgcc.a(_addsub_sf.o)
 .debug_pubnames
                0x00000c24       0x1f /usr/lib/gcc/msp430/4.5.3/mmpy-16/libgcc.a(_mul_sf.o)
 .debug_pubnames
                0x00000c43       0x1f /usr/lib/gcc/msp430/4.5.3/mmpy-16/libgcc.a(_div_sf.o)
 .debug_pubnames
                0x00000c62       0x1e /usr/lib/gcc/msp430/4.5.3/mmpy-16/libgcc.a(_ge_sf.o)
 .debug_pubnames
                0x00000c80       0x20 /usr/lib/gcc/msp430/4.5.3/mmpy-16/libgcc.a(_sf_to_si.o)
 .debug_pubnames
                0x00000ca0       0x22 /usr/lib/gcc/msp430/4.5.3/mmpy-16/libgcc.a(_thenan_sf.o)
 .debug_pubnames
                0x00000cc2       0x24 /usr/lib/gcc/msp430/4.5.3/mmpy-16/libgcc.a(_usi_to_sf.o)
 .debug_pubnames
                0x00000ce6       0x1f /usr/lib/gcc/msp430/4.5.3/mmpy-16/libgcc.a(_clzsi2.o)
 .debug_pubnames
                0x00000d05       0x1f /usr/lib/gcc/msp430/4.5.3/mmpy-16/libgcc.a(_pack_sf.o)
 .debug_pubnames
                0x00000d24       0x21 /usr/lib/gcc/msp430/4.5.3/mmpy-16/libgcc.a(_unpack_sf.o)
 .debug_pubnames
                0x00000d45       0x26 /usr/lib/gcc/msp430/4.5.3/mmpy-16/libgcc.a(_fpcmp_parts_sf.o)
 .debug_pubnames
                0x00000d6b       0x20 /usr/lib/gcc/msp430/4.5.3/mmpy-16/libgcc.a(_clz.o)
 .debug_pubnames
                0x00000d8b       0x1d /usr/lib/gcc/msp430/4.5.3/../../../../msp430/lib/mmpy-16/libc.a(memcpy.o)
 .debug_pubnames
                0x00000da8       0x26 /usr/lib/gcc/msp430/4.5.3/../../../../msp430/lib/mmpy-16/libc.a(malloc.o)
 .debug_pubnames
                0x00000dce       0x29 /usr/lib/gcc/msp430/4.5.3/../../../../msp430/lib/mmpy-16/libc.a(printf.o)
 .debug_pubnames
                0x00000df7       0x1f /usr/lib/gcc/msp430/4.5.3/../../../../msp430/lib/mmpy-16/libc.a(vuprintf.o)
 .debug_pubnames
                0x00000e16       0x1b /usr/lib/gcc/msp430/4.5.3/../../../../msp430/lib/mmpy-16/libc.a(puts.o)

.debug_info     0x00000000     0x7b11
 *(.debug_info)
 .debug_info    0x00000000      0x66a glossy-test-hda.co
 .debug_info    0x0000066a      0x38e obj_sky/contiki-sky-main.o
 .debug_info    0x000009f8      0x51b contiki-sky.a(process.o)
 .debug_info    0x00000f13      0x1ad contiki-sky.a(autostart.o)
 .debug_info    0x000010c0      0x494 contiki-sky.a(etimer.o)
 .debug_info    0x00001554      0x29e contiki-sky.a(energest.o)
 .debug_info    0x000017f2      0x203 contiki-sky.a(rtimer.o)
 .debug_info    0x000019f5      0x17f contiki-sky.a(glossy_queue.o)
 .debug_info    0x00001b74     0x1139 contiki-sky.a(glossy.o)
 .debug_info    0x00002cad      0x436 contiki-sky.a(msp430.o)
 .debug_info    0x000030e3      0x331 contiki-sky.a(leds.o)
 .debug_info    0x00003414      0x266 contiki-sky.a(watchdog.o)
 .debug_info    0x0000367a      0x548 contiki-sky.a(xmem.o)
 .debug_info    0x00003bc2      0x40c contiki-sky.a(cc2420.o)
 .debug_info    0x00003fce       0xeb contiki-sky.a(node-id.o)
 .debug_info    0x000040b9      0x3bd contiki-sky.a(uart1.o)
 .debug_info    0x00004476      0x413 contiki-sky.a(clock.o)
 .debug_info    0x00004889       0xfd contiki-sky.a(leds-arch.o)
 .debug_info    0x00004986       0x8b contiki-sky.a(uart1-putchar.o)
 .debug_info    0x00004a11      0x125 contiki-sky.a(rtimer-arch.o)
 .debug_info    0x00004b36      0x170 contiki-sky.a(timer.o)
 .debug_info    0x00004ca6      0x1b0 contiki-sky.a(ringbuf.o)
 .debug_info    0x00004e56      0x1c1 contiki-sky.a(spi.o)
 .debug_info    0x00005017       0xd7 /usr/lib/gcc/msp430/4.5.3/mmpy-16/libgcc.a(_mulsi3.o)
 .debug_info    0x000050ee       0xd7 /usr/lib/gcc/msp430/4.5.3/mmpy-16/libgcc.a(_udivmodsi4.o)
 .debug_info    0x000051c5       0xae /usr/lib/gcc/msp430/4.5.3/mmpy-16/libgcc.a(_fixunssfsi.o)
 .debug_info    0x00005273      0x432 /usr/lib/gcc/msp430/4.5.3/mmpy-16/libgcc.a(_addsub_sf.o)
 .debug_info    0x000056a5      0x3d6 /usr/lib/gcc/msp430/4.5.3/mmpy-16/libgcc.a(_mul_sf.o)
 .debug_info    0x00005a7b      0x369 /usr/lib/gcc/msp430/4.5.3/mmpy-16/libgcc.a(_div_sf.o)
 .debug_info    0x00005de4      0x27b /usr/lib/gcc/msp430/4.5.3/mmpy-16/libgcc.a(_ge_sf.o)
 .debug_info    0x0000605f      0x296 /usr/lib/gcc/msp430/4.5.3/mmpy-16/libgcc.a(_sf_to_si.o)
 .debug_info    0x000062f5      0x151 /usr/lib/gcc/msp430/4.5.3/mmpy-16/libgcc.a(_thenan_sf.o)
 .debug_info    0x00006446      0x217 /usr/lib/gcc/msp430/4.5.3/mmpy-16/libgcc.a(_usi_to_sf.o)
 .debug_info    0x0000665d      0x115 /usr/lib/gcc/msp430/4.5.3/mmpy-16/libgcc.a(_clzsi2.o)
 .debug_info    0x00006772      0x2c2 /usr/lib/gcc/msp430/4.5.3/mmpy-16/libgcc.a(_pack_sf.o)
 .debug_info    0x00006a34      0x24d /usr/lib/gcc/msp430/4.5.3/mmpy-16/libgcc.a(_unpack_sf.o)
 .debug_info    0x00006c81      0x1e2 /usr/lib/gcc/msp430/4.5.3/mmpy-16/libgcc.a(_fpcmp_parts_sf.o)
 .debug_info    0x00006e63       0x99 /usr/lib/gcc/msp430/4.5.3/mmpy-16/libgcc.a(_clz.o)
 .debug_info    0x00006efc      0x113 /usr/lib/gcc/msp430/4.5.3/../../../../msp430/lib/mmpy-16/libc.a(memcpy.o)
 .debug_info    0x0000700f      0x15e /usr/lib/gcc/msp430/4.5.3/../../../../msp430/lib/mmpy-16/libc.a(malloc.o)
 .debug_info    0x0000716d      0x103 /usr/lib/gcc/msp430/4.5.3/../../../../msp430/lib/mmpy-16/libc.a(printf.o)
 .debug_info    0x00007270      0x3b5 /usr/lib/gcc/msp430/4.5.3/../../../../msp430/lib/mmpy-16/libc.a(vuprintf.o)
 .debug_info    0x00007625       0x96 /usr/lib/gcc/msp430/4.5.3/../../../../msp430/lib/mmpy-16/libc.a(puts.o)
 .debug_info    0x000076bb       0xb9 /usr/lib/gcc/msp430/4.5.3/mmpy-16/libcrt0.a(__init_stack.o)
 .debug_info    0x00007774       0xb9 /usr/lib/gcc/msp430/4.5.3/mmpy-16/libcrt0.a(__low_level_init.o)
 .debug_info    0x0000782d       0xb9 /usr/lib/gcc/msp430/4.5.3/mmpy-16/libcrt0.a(_copy_data.o)
 .debug_info    0x000078e6       0xb9 /usr/lib/gcc/msp430/4.5.3/mmpy-16/libcrt0.a(_clear_bss.o)
 .debug_info    0x0000799f       0xb9 /usr/lib/gcc/msp430/4.5.3/mmpy-16/libcrt0.a(_endless_loop__.o)
 .debug_info    0x00007a58       0xb9 /usr/lib/gcc/msp430/4.5.3/mmpy-16/libcrt0.a(_unexpected_.o)
 *(.gnu.linkonce.wi.*)

.debug_abbrev   0x00000000     0x35b3
 *(.debug_abbrev)
 .debug_abbrev  0x00000000      0x298 glossy-test-hda.co
 .debug_abbrev  0x00000298      0x1ab obj_sky/contiki-sky-main.o
 .debug_abbrev  0x00000443      0x2f6 contiki-sky.a(process.o)
 .debug_abbrev  0x00000739       0xf5 contiki-sky.a(autostart.o)
 .debug_abbrev  0x0000082e      0x229 contiki-sky.a(etimer.o)
 .debug_abbrev  0x00000a57      0x15f contiki-sky.a(energest.o)
 .debug_abbrev  0x00000bb6      0x139 contiki-sky.a(rtimer.o)
 .debug_abbrev  0x00000cef       0xd0 contiki-sky.a(glossy_queue.o)
 .debug_abbrev  0x00000dbf      0x418 contiki-sky.a(glossy.o)
 .debug_abbrev  0x000011d7      0x155 contiki-sky.a(msp430.o)
 .debug_abbrev  0x0000132c      0x161 contiki-sky.a(leds.o)
 .debug_abbrev  0x0000148d      0x14c contiki-sky.a(watchdog.o)
 .debug_abbrev  0x000015d9      0x21f contiki-sky.a(xmem.o)
 .debug_abbrev  0x000017f8      0x143 contiki-sky.a(cc2420.o)
 .debug_abbrev  0x0000193b       0x93 contiki-sky.a(node-id.o)
 .debug_abbrev  0x000019ce      0x162 contiki-sky.a(uart1.o)
 .debug_abbrev  0x00001b30      0x1b5 contiki-sky.a(clock.o)
 .debug_abbrev  0x00001ce5       0x97 contiki-sky.a(leds-arch.o)
 .debug_abbrev  0x00001d7c       0x50 contiki-sky.a(uart1-putchar.o)
 .debug_abbrev  0x00001dcc       0xa2 contiki-sky.a(rtimer-arch.o)
 .debug_abbrev  0x00001e6e       0xf8 contiki-sky.a(timer.o)
 .debug_abbrev  0x00001f66      0x109 contiki-sky.a(ringbuf.o)
 .debug_abbrev  0x0000206f       0x97 contiki-sky.a(spi.o)
 .debug_abbrev  0x00002106       0x14 /usr/lib/gcc/msp430/4.5.3/mmpy-16/libgcc.a(_mulsi3.o)
 .debug_abbrev  0x0000211a       0x14 /usr/lib/gcc/msp430/4.5.3/mmpy-16/libgcc.a(_udivmodsi4.o)
 .debug_abbrev  0x0000212e       0x5d /usr/lib/gcc/msp430/4.5.3/mmpy-16/libgcc.a(_fixunssfsi.o)
 .debug_abbrev  0x0000218b      0x1ab /usr/lib/gcc/msp430/4.5.3/mmpy-16/libgcc.a(_addsub_sf.o)
 .debug_abbrev  0x00002336      0x1d9 /usr/lib/gcc/msp430/4.5.3/mmpy-16/libgcc.a(_mul_sf.o)
 .debug_abbrev  0x0000250f      0x1c4 /usr/lib/gcc/msp430/4.5.3/mmpy-16/libgcc.a(_div_sf.o)
 .debug_abbrev  0x000026d3      0x151 /usr/lib/gcc/msp430/4.5.3/mmpy-16/libgcc.a(_ge_sf.o)
 .debug_abbrev  0x00002824      0x160 /usr/lib/gcc/msp430/4.5.3/mmpy-16/libgcc.a(_sf_to_si.o)
 .debug_abbrev  0x00002984       0xcb /usr/lib/gcc/msp430/4.5.3/mmpy-16/libgcc.a(_thenan_sf.o)
 .debug_abbrev  0x00002a4f      0x16d /usr/lib/gcc/msp430/4.5.3/mmpy-16/libgcc.a(_usi_to_sf.o)
 .debug_abbrev  0x00002bbc       0xbd /usr/lib/gcc/msp430/4.5.3/mmpy-16/libgcc.a(_clzsi2.o)
 .debug_abbrev  0x00002c79      0x183 /usr/lib/gcc/msp430/4.5.3/mmpy-16/libgcc.a(_pack_sf.o)
 .debug_abbrev  0x00002dfc      0x14b /usr/lib/gcc/msp430/4.5.3/mmpy-16/libgcc.a(_unpack_sf.o)
 .debug_abbrev  0x00002f47      0x10b /usr/lib/gcc/msp430/4.5.3/mmpy-16/libgcc.a(_fpcmp_parts_sf.o)
 .debug_abbrev  0x00003052       0x61 /usr/lib/gcc/msp430/4.5.3/mmpy-16/libgcc.a(_clz.o)
 .debug_abbrev  0x000030b3       0x97 /usr/lib/gcc/msp430/4.5.3/../../../../msp430/lib/mmpy-16/libc.a(memcpy.o)
 .debug_abbrev  0x0000314a       0xf8 /usr/lib/gcc/msp430/4.5.3/../../../../msp430/lib/mmpy-16/libc.a(malloc.o)
 .debug_abbrev  0x00003242       0xce /usr/lib/gcc/msp430/4.5.3/../../../../msp430/lib/mmpy-16/libc.a(printf.o)
 .debug_abbrev  0x00003310      0x1cb /usr/lib/gcc/msp430/4.5.3/../../../../msp430/lib/mmpy-16/libc.a(vuprintf.o)
 .debug_abbrev  0x000034db       0x60 /usr/lib/gcc/msp430/4.5.3/../../../../msp430/lib/mmpy-16/libc.a(puts.o)
 .debug_abbrev  0x0000353b       0x14 /usr/lib/gcc/msp430/4.5.3/mmpy-16/libcrt0.a(__init_stack.o)
 .debug_abbrev  0x0000354f       0x14 /usr/lib/gcc/msp430/4.5.3/mmpy-16/libcrt0.a(__low_level_init.o)
 .debug_abbrev  0x00003563       0x14 /usr/lib/gcc/msp430/4.5.3/mmpy-16/libcrt0.a(_copy_data.o)
 .debug_abbrev  0x00003577       0x14 /usr/lib/gcc/msp430/4.5.3/mmpy-16/libcrt0.a(_clear_bss.o)
 .debug_abbrev  0x0000358b       0x14 /usr/lib/gcc/msp430/4.5.3/mmpy-16/libcrt0.a(_endless_loop__.o)
 .debug_abbrev  0x0000359f       0x14 /usr/lib/gcc/msp430/4.5.3/mmpy-16/libcrt0.a(_unexpected_.o)

.debug_line     0x00000000     0x2f68
 *(.debug_line)
 .debug_line    0x00000000      0x219 glossy-test-hda.co
 .debug_line    0x00000219      0x16d obj_sky/contiki-sky-main.o
 .debug_line    0x00000386      0x13d contiki-sky.a(process.o)
 .debug_line    0x000004c3       0x96 contiki-sky.a(autostart.o)
 .debug_line    0x00000559      0x168 contiki-sky.a(etimer.o)
 .debug_line    0x000006c1       0xe1 contiki-sky.a(energest.o)
 .debug_line    0x000007a2       0x81 contiki-sky.a(rtimer.o)
 .debug_line    0x00000823       0x6e contiki-sky.a(glossy_queue.o)
 .debug_line    0x00000891      0x4e6 contiki-sky.a(glossy.o)
 .debug_line    0x00000d77      0x145 contiki-sky.a(msp430.o)
 .debug_line    0x00000ebc      0x12b contiki-sky.a(leds.o)
 .debug_line    0x00000fe7       0xec contiki-sky.a(watchdog.o)
 .debug_line    0x000010d3      0x1be contiki-sky.a(xmem.o)
 .debug_line    0x00001291      0x2a4 contiki-sky.a(cc2420.o)
 .debug_line    0x00001535       0x6e contiki-sky.a(node-id.o)
 .debug_line    0x000015a3      0x106 contiki-sky.a(uart1.o)
 .debug_line    0x000016a9      0x167 contiki-sky.a(clock.o)
 .debug_line    0x00001810       0xdb contiki-sky.a(leds-arch.o)
 .debug_line    0x000018eb       0x95 contiki-sky.a(uart1-putchar.o)
 .debug_line    0x00001980       0xbe contiki-sky.a(rtimer-arch.o)
 .debug_line    0x00001a3e       0xa2 contiki-sky.a(timer.o)
 .debug_line    0x00001ae0       0xb3 contiki-sky.a(ringbuf.o)
 .debug_line    0x00001b93       0x96 contiki-sky.a(spi.o)
 .debug_line    0x00001c29       0x9d /usr/lib/gcc/msp430/4.5.3/mmpy-16/libgcc.a(_mulsi3.o)
 .debug_line    0x00001cc6       0xa1 /usr/lib/gcc/msp430/4.5.3/mmpy-16/libgcc.a(_udivmodsi4.o)
 .debug_line    0x00001d67       0x94 /usr/lib/gcc/msp430/4.5.3/mmpy-16/libgcc.a(_fixunssfsi.o)
 .debug_line    0x00001dfb      0x144 /usr/lib/gcc/msp430/4.5.3/mmpy-16/libgcc.a(_addsub_sf.o)
 .debug_line    0x00001f3f      0x13d /usr/lib/gcc/msp430/4.5.3/mmpy-16/libgcc.a(_mul_sf.o)
 .debug_line    0x0000207c      0x102 /usr/lib/gcc/msp430/4.5.3/mmpy-16/libgcc.a(_div_sf.o)
 .debug_line    0x0000217e       0xb1 /usr/lib/gcc/msp430/4.5.3/mmpy-16/libgcc.a(_ge_sf.o)
 .debug_line    0x0000222f       0xc3 /usr/lib/gcc/msp430/4.5.3/mmpy-16/libgcc.a(_sf_to_si.o)
 .debug_line    0x000022f2       0x94 /usr/lib/gcc/msp430/4.5.3/mmpy-16/libgcc.a(_thenan_sf.o)
 .debug_line    0x00002386       0xc4 /usr/lib/gcc/msp430/4.5.3/mmpy-16/libgcc.a(_usi_to_sf.o)
 .debug_line    0x0000244a       0xbd /usr/lib/gcc/msp430/4.5.3/mmpy-16/libgcc.a(_clzsi2.o)
 .debug_line    0x00002507       0xfd /usr/lib/gcc/msp430/4.5.3/mmpy-16/libgcc.a(_pack_sf.o)
 .debug_line    0x00002604       0xd9 /usr/lib/gcc/msp430/4.5.3/mmpy-16/libgcc.a(_unpack_sf.o)
 .debug_line    0x000026dd       0xe8 /usr/lib/gcc/msp430/4.5.3/mmpy-16/libgcc.a(_fpcmp_parts_sf.o)
 .debug_line    0x000027c5       0x80 /usr/lib/gcc/msp430/4.5.3/mmpy-16/libgcc.a(_clz.o)
 .debug_line    0x00002845       0xf3 /usr/lib/gcc/msp430/4.5.3/../../../../msp430/lib/mmpy-16/libc.a(memcpy.o)
 .debug_line    0x00002938       0xbe /usr/lib/gcc/msp430/4.5.3/../../../../msp430/lib/mmpy-16/libc.a(malloc.o)
 .debug_line    0x000029f6       0x72 /usr/lib/gcc/msp430/4.5.3/../../../../msp430/lib/mmpy-16/libc.a(printf.o)
 .debug_line    0x00002a68      0x198 /usr/lib/gcc/msp430/4.5.3/../../../../msp430/lib/mmpy-16/libc.a(vuprintf.o)
 .debug_line    0x00002c00       0x4d /usr/lib/gcc/msp430/4.5.3/../../../../msp430/lib/mmpy-16/libc.a(puts.o)
 .debug_line    0x00002c4d       0x82 /usr/lib/gcc/msp430/4.5.3/mmpy-16/libcrt0.a(__init_stack.o)
 .debug_line    0x00002ccf       0x84 /usr/lib/gcc/msp430/4.5.3/mmpy-16/libcrt0.a(__low_level_init.o)
 .debug_line    0x00002d53       0x88 /usr/lib/gcc/msp430/4.5.3/mmpy-16/libcrt0.a(_copy_data.o)
 .debug_line    0x00002ddb       0x88 /usr/lib/gcc/msp430/4.5.3/mmpy-16/libcrt0.a(_clear_bss.o)
 .debug_line    0x00002e63       0x83 /usr/lib/gcc/msp430/4.5.3/mmpy-16/libcrt0.a(_endless_loop__.o)
 .debug_line    0x00002ee6       0x82 /usr/lib/gcc/msp430/4.5.3/mmpy-16/libcrt0.a(_unexpected_.o)

.debug_frame    0x00000000     0x104c
 *(.debug_frame)
 .debug_frame   0x00000000      0x180 glossy-test-hda.co
 .debug_frame   0x00000180       0x50 obj_sky/contiki-sky-main.o
 .debug_frame   0x000001d0       0xe8 contiki-sky.a(process.o)
 .debug_frame   0x000002b8       0x36 contiki-sky.a(autostart.o)
 .debug_frame   0x000002ee       0xf8 contiki-sky.a(etimer.o)
 .debug_frame   0x000003e6       0x62 contiki-sky.a(energest.o)
 .debug_frame   0x00000448       0x36 contiki-sky.a(rtimer.o)
 .debug_frame   0x0000047e       0x58 contiki-sky.a(glossy_queue.o)
 .debug_frame   0x000004d6      0x1c2 contiki-sky.a(glossy.o)
 .debug_frame   0x00000698       0x8c contiki-sky.a(msp430.o)
 .debug_frame   0x00000724       0x9c contiki-sky.a(leds.o)
 .debug_frame   0x000007c0       0xae contiki-sky.a(watchdog.o)
 .debug_frame   0x0000086e       0xbe contiki-sky.a(xmem.o)
 .debug_frame   0x0000092c       0x46 contiki-sky.a(cc2420.o)
 .debug_frame   0x00000972       0x32 contiki-sky.a(node-id.o)
 .debug_frame   0x000009a4       0x88 contiki-sky.a(uart1.o)
 .debug_frame   0x00000a2c       0xd0 contiki-sky.a(clock.o)
 .debug_frame   0x00000afc       0x36 contiki-sky.a(leds-arch.o)
 .debug_frame   0x00000b32       0x24 contiki-sky.a(uart1-putchar.o)
 .debug_frame   0x00000b56       0x4a contiki-sky.a(rtimer-arch.o)
 .debug_frame   0x00000ba0       0x6a contiki-sky.a(timer.o)
 .debug_frame   0x00000c0a       0x62 contiki-sky.a(ringbuf.o)
 .debug_frame   0x00000c6c       0x1e contiki-sky.a(spi.o)
 .debug_frame   0x00000c8a       0x28 /usr/lib/gcc/msp430/4.5.3/mmpy-16/libgcc.a(_fixunssfsi.o)
 .debug_frame   0x00000cb2       0x7e /usr/lib/gcc/msp430/4.5.3/mmpy-16/libgcc.a(_addsub_sf.o)
 .debug_frame   0x00000d30       0x4a /usr/lib/gcc/msp430/4.5.3/mmpy-16/libgcc.a(_mul_sf.o)
 .debug_frame   0x00000d7a       0x44 /usr/lib/gcc/msp430/4.5.3/mmpy-16/libgcc.a(_div_sf.o)
 .debug_frame   0x00000dbe       0x2c /usr/lib/gcc/msp430/4.5.3/mmpy-16/libgcc.a(_ge_sf.o)
 .debug_frame   0x00000dea       0x22 /usr/lib/gcc/msp430/4.5.3/mmpy-16/libgcc.a(_sf_to_si.o)
 .debug_frame   0x00000e0c       0x3a /usr/lib/gcc/msp430/4.5.3/mmpy-16/libgcc.a(_usi_to_sf.o)
 .debug_frame   0x00000e46       0x24 /usr/lib/gcc/msp430/4.5.3/mmpy-16/libgcc.a(_clzsi2.o)
 .debug_frame   0x00000e6a       0x3c /usr/lib/gcc/msp430/4.5.3/mmpy-16/libgcc.a(_pack_sf.o)
 .debug_frame   0x00000ea6       0x2e /usr/lib/gcc/msp430/4.5.3/mmpy-16/libgcc.a(_unpack_sf.o)
 .debug_frame   0x00000ed4       0x24 /usr/lib/gcc/msp430/4.5.3/mmpy-16/libgcc.a(_fpcmp_parts_sf.o)
 .debug_frame   0x00000ef8       0x32 /usr/lib/gcc/msp430/4.5.3/../../../../msp430/lib/mmpy-16/libc.a(memcpy.o)
 .debug_frame   0x00000f2a       0x52 /usr/lib/gcc/msp430/4.5.3/../../../../msp430/lib/mmpy-16/libc.a(malloc.o)
 .debug_frame   0x00000f7c       0x2a /usr/lib/gcc/msp430/4.5.3/../../../../msp430/lib/mmpy-16/libc.a(printf.o)
 .debug_frame   0x00000fa6       0x82 /usr/lib/gcc/msp430/4.5.3/../../../../msp430/lib/mmpy-16/libc.a(vuprintf.o)
 .debug_frame   0x00001028       0x24 /usr/lib/gcc/msp430/4.5.3/../../../../msp430/lib/mmpy-16/libc.a(puts.o)

.debug_str      0x00000000     0x1f3a
 *(.debug_str)
 .debug_str     0x00000000      0x3fc glossy-test-hda.co
                                0x4b0 (size before relaxing)
 .debug_str     0x000003fc       0x9f obj_sky/contiki-sky-main.o
                                0x318 (size before relaxing)
 .debug_str     0x0000049b      0x178 contiki-sky.a(process.o)
                                0x28b (size before relaxing)
 .debug_str     0x00000613       0x3a contiki-sky.a(autostart.o)
                                0x143 (size before relaxing)
 .debug_str     0x0000064d      0x150 contiki-sky.a(etimer.o)
                                0x298 (size before relaxing)
 .debug_str     0x0000079d       0x9b contiki-sky.a(energest.o)
                                0x2e2 (size before relaxing)
 .debug_str     0x00000838       0x9b contiki-sky.a(rtimer.o)
                                0x2ac (size before relaxing)
 .debug_str     0x000008d3       0x37 contiki-sky.a(glossy_queue.o)
                                0x11b (size before relaxing)
 .debug_str     0x0000090a      0x97c contiki-sky.a(glossy.o)
                                0xd96 (size before relaxing)
 .debug_str     0x00001286      0x105 contiki-sky.a(msp430.o)
                                0x25c (size before relaxing)
 .debug_str     0x0000138b       0x94 contiki-sky.a(leds.o)
                                0x2e2 (size before relaxing)
 .debug_str     0x0000141f       0xca contiki-sky.a(watchdog.o)
                                0x19f (size before relaxing)
 .debug_str     0x000014e9       0xbc contiki-sky.a(xmem.o)
                                0x35c (size before relaxing)
 .debug_str     0x000015a5       0x37 contiki-sky.a(cc2420.o)
                                0x51e (size before relaxing)
 .debug_str     0x000015dc       0x3c contiki-sky.a(node-id.o)
                                 0xf6 (size before relaxing)
 .debug_str     0x00001618      0x133 contiki-sky.a(uart1.o)
                                0x25a (size before relaxing)
 .debug_str     0x0000174b       0xd5 contiki-sky.a(clock.o)
                                0x36c (size before relaxing)
 .debug_str     0x00001820       0x5c contiki-sky.a(leds-arch.o)
                                0x11f (size before relaxing)
 .debug_str     0x0000187c       0x2d contiki-sky.a(uart1-putchar.o)
                                 0xdf (size before relaxing)
 .debug_str     0x000018a9       0x64 contiki-sky.a(rtimer-arch.o)
                                0x143 (size before relaxing)
 .debug_str     0x0000190d       0x27 contiki-sky.a(timer.o)
                                0x132 (size before relaxing)
 .debug_str     0x00001934       0x64 contiki-sky.a(ringbuf.o)
                                0x145 (size before relaxing)
 .debug_str     0x00001998       0x62 contiki-sky.a(spi.o)
                                0x15c (size before relaxing)
 .debug_str     0x000019fa       0xcf /usr/lib/gcc/msp430/4.5.3/mmpy-16/libgcc.a(_fixunssfsi.o)
                                0x14f (size before relaxing)
 .debug_str     0x00001ac9      0x14f /usr/lib/gcc/msp430/4.5.3/mmpy-16/libgcc.a(_addsub_sf.o)
                                0x22c (size before relaxing)
 .debug_str     0x00001c18       0x27 /usr/lib/gcc/msp430/4.5.3/mmpy-16/libgcc.a(_mul_sf.o)
                                0x1e5 (size before relaxing)
 .debug_str     0x00001c3f       0x35 /usr/lib/gcc/msp430/4.5.3/mmpy-16/libgcc.a(_div_sf.o)
                                0x1ee (size before relaxing)
 .debug_str     0x00001c74        0x8 /usr/lib/gcc/msp430/4.5.3/mmpy-16/libgcc.a(_ge_sf.o)
                                0x1b3 (size before relaxing)
 .debug_str     0x00001c7c        0xa /usr/lib/gcc/msp430/4.5.3/mmpy-16/libgcc.a(_sf_to_si.o)
                                0x1bc (size before relaxing)
 .debug_str     0x00000000      0x15e /usr/lib/gcc/msp430/4.5.3/mmpy-16/libgcc.a(_thenan_sf.o)
 .debug_str     0x00001c86       0x2a /usr/lib/gcc/msp430/4.5.3/mmpy-16/libgcc.a(_usi_to_sf.o)
                                0x19e (size before relaxing)
 .debug_str     0x00001cb0       0x17 /usr/lib/gcc/msp430/4.5.3/mmpy-16/libgcc.a(_clzsi2.o)
                                0x15b (size before relaxing)
 .debug_str     0x00001cc7       0x10 /usr/lib/gcc/msp430/4.5.3/mmpy-16/libgcc.a(_pack_sf.o)
                                0x1bb (size before relaxing)
 .debug_str     0x00001cd7        0xb /usr/lib/gcc/msp430/4.5.3/mmpy-16/libgcc.a(_unpack_sf.o)
                                0x19d (size before relaxing)
 .debug_str     0x00001ce2       0x10 /usr/lib/gcc/msp430/4.5.3/mmpy-16/libgcc.a(_fpcmp_parts_sf.o)
                                0x181 (size before relaxing)
 .debug_str     0x00000000      0x13e /usr/lib/gcc/msp430/4.5.3/mmpy-16/libgcc.a(_clz.o)
 .debug_str     0x00001cf2       0x4d /usr/lib/gcc/msp430/4.5.3/../../../../msp430/lib/mmpy-16/libc.a(memcpy.o)
                                 0xed (size before relaxing)
 .debug_str     0x00001d3f       0x52 /usr/lib/gcc/msp430/4.5.3/../../../../msp430/lib/mmpy-16/libc.a(malloc.o)
                                0x119 (size before relaxing)
 .debug_str     0x00001d91       0x40 /usr/lib/gcc/msp430/4.5.3/../../../../msp430/lib/mmpy-16/libc.a(printf.o)
                                0x101 (size before relaxing)
 .debug_str     0x00001dd1      0x154 /usr/lib/gcc/msp430/4.5.3/../../../../msp430/lib/mmpy-16/libc.a(vuprintf.o)
                                0x25d (size before relaxing)
 .debug_str     0x00001f25       0x15 /usr/lib/gcc/msp430/4.5.3/../../../../msp430/lib/mmpy-16/libc.a(puts.o)
                                 0xc7 (size before relaxing)

.debug_loc      0x00000000     0x2ab5
 *(.debug_loc)
 .debug_loc     0x00000000      0x4fb glossy-test-hda.co
 .debug_loc     0x000004fb       0xa1 obj_sky/contiki-sky-main.o
 .debug_loc     0x0000059c      0x20d contiki-sky.a(process.o)
 .debug_loc     0x000007a9       0x56 contiki-sky.a(autostart.o)
 .debug_loc     0x000007ff      0x285 contiki-sky.a(etimer.o)
 .debug_loc     0x00000a84       0x83 contiki-sky.a(energest.o)
 .debug_loc     0x00000b07       0x5b contiki-sky.a(rtimer.o)
 .debug_loc     0x00000b62       0xd1 contiki-sky.a(glossy_queue.o)
 .debug_loc     0x00000c33      0x238 contiki-sky.a(glossy.o)
 .debug_loc     0x00000e6b       0xed contiki-sky.a(msp430.o)
 .debug_loc     0x00000f58       0xbd contiki-sky.a(leds.o)
 .debug_loc     0x00001015       0xaa contiki-sky.a(watchdog.o)
 .debug_loc     0x000010bf      0x2a1 contiki-sky.a(xmem.o)
 .debug_loc     0x00001360       0xa4 contiki-sky.a(cc2420.o)
 .debug_loc     0x00001404       0x33 contiki-sky.a(node-id.o)
 .debug_loc     0x00001437       0x99 contiki-sky.a(uart1.o)
 .debug_loc     0x000014d0       0xaa contiki-sky.a(clock.o)
 .debug_loc     0x0000157a        0xb contiki-sky.a(leds-arch.o)
 .debug_loc     0x00001585       0x2d contiki-sky.a(uart1-putchar.o)
 .debug_loc     0x000015b2       0x2c contiki-sky.a(rtimer-arch.o)
 .debug_loc     0x000015de       0xb9 contiki-sky.a(timer.o)
 .debug_loc     0x00001697       0xab contiki-sky.a(ringbuf.o)
 .debug_loc     0x00001742       0x44 /usr/lib/gcc/msp430/4.5.3/mmpy-16/libgcc.a(_fixunssfsi.o)
 .debug_loc     0x00001786      0x315 /usr/lib/gcc/msp430/4.5.3/mmpy-16/libgcc.a(_addsub_sf.o)
 .debug_loc     0x00001a9b      0x266 /usr/lib/gcc/msp430/4.5.3/mmpy-16/libgcc.a(_mul_sf.o)
 .debug_loc     0x00001d01      0x16c /usr/lib/gcc/msp430/4.5.3/mmpy-16/libgcc.a(_div_sf.o)
 .debug_loc     0x00001e6d       0x4c /usr/lib/gcc/msp430/4.5.3/mmpy-16/libgcc.a(_ge_sf.o)
 .debug_loc     0x00001eb9       0x3c /usr/lib/gcc/msp430/4.5.3/mmpy-16/libgcc.a(_sf_to_si.o)
 .debug_loc     0x00001ef5       0xc6 /usr/lib/gcc/msp430/4.5.3/mmpy-16/libgcc.a(_usi_to_sf.o)
 .debug_loc     0x00001fbb       0x58 /usr/lib/gcc/msp430/4.5.3/mmpy-16/libgcc.a(_clzsi2.o)
 .debug_loc     0x00002013      0x18a /usr/lib/gcc/msp430/4.5.3/mmpy-16/libgcc.a(_pack_sf.o)
 .debug_loc     0x0000219d       0xc5 /usr/lib/gcc/msp430/4.5.3/mmpy-16/libgcc.a(_unpack_sf.o)
 .debug_loc     0x00002262       0x5b /usr/lib/gcc/msp430/4.5.3/mmpy-16/libgcc.a(_fpcmp_parts_sf.o)
 .debug_loc     0x000022bd      0x1d6 /usr/lib/gcc/msp430/4.5.3/../../../../msp430/lib/mmpy-16/libc.a(memcpy.o)
 .debug_loc     0x00002493      0x135 /usr/lib/gcc/msp430/4.5.3/../../../../msp430/lib/mmpy-16/libc.a(malloc.o)
 .debug_loc     0x000025c8       0x24 /usr/lib/gcc/msp430/4.5.3/../../../../msp430/lib/mmpy-16/libc.a(printf.o)
 .debug_loc     0x000025ec      0x49c /usr/lib/gcc/msp430/4.5.3/../../../../msp430/lib/mmpy-16/libc.a(vuprintf.o)
 .debug_loc     0x00002a88       0x2d /usr/lib/gcc/msp430/4.5.3/../../../../msp430/lib/mmpy-16/libc.a(puts.o)

.debug_macinfo
 *(.debug_macinfo)

.debug_pubtypes
                0x00000000      0xd85
 *(.debug_pubtypes)
 .debug_pubtypes
                0x00000000       0xe0 glossy-test-hda.co
 .debug_pubtypes
                0x000000e0       0x89 obj_sky/contiki-sky-main.o
 .debug_pubtypes
                0x00000169       0x7d contiki-sky.a(process.o)
 .debug_pubtypes
                0x000001e6       0x55 contiki-sky.a(autostart.o)
 .debug_pubtypes
                0x0000023b       0x7b contiki-sky.a(etimer.o)
 .debug_pubtypes
                0x000002b6       0x46 contiki-sky.a(energest.o)
 .debug_pubtypes
                0x000002fc       0x58 contiki-sky.a(rtimer.o)
 .debug_pubtypes
                0x00000354       0x34 contiki-sky.a(glossy_queue.o)
 .debug_pubtypes
                0x00000388       0xfb contiki-sky.a(glossy.o)
 .debug_pubtypes
                0x00000483       0x44 contiki-sky.a(msp430.o)
 .debug_pubtypes
                0x000004c7       0x46 contiki-sky.a(leds.o)
 .debug_pubtypes
                0x0000050d       0x1e contiki-sky.a(watchdog.o)
 .debug_pubtypes
                0x0000052b       0x46 contiki-sky.a(xmem.o)
 .debug_pubtypes
                0x00000571       0x5f contiki-sky.a(cc2420.o)
 .debug_pubtypes
                0x000005d0       0x12 contiki-sky.a(node-id.o)
 .debug_pubtypes
                0x000005e2       0x2a contiki-sky.a(uart1.o)
 .debug_pubtypes
                0x0000060c       0x57 contiki-sky.a(clock.o)
 .debug_pubtypes
                0x00000663       0x12 contiki-sky.a(leds-arch.o)
 .debug_pubtypes
                0x00000675       0x12 contiki-sky.a(uart1-putchar.o)
 .debug_pubtypes
                0x00000687       0x25 contiki-sky.a(rtimer-arch.o)
 .debug_pubtypes
                0x000006ac       0x2d contiki-sky.a(timer.o)
 .debug_pubtypes
                0x000006d9       0x2a contiki-sky.a(ringbuf.o)
 .debug_pubtypes
                0x00000703       0x12 contiki-sky.a(spi.o)
 .debug_pubtypes
                0x00000715       0x34 /usr/lib/gcc/msp430/4.5.3/mmpy-16/libgcc.a(_fixunssfsi.o)
 .debug_pubtypes
                0x00000749       0x9d /usr/lib/gcc/msp430/4.5.3/mmpy-16/libgcc.a(_addsub_sf.o)
 .debug_pubtypes
                0x000007e6       0x86 /usr/lib/gcc/msp430/4.5.3/mmpy-16/libgcc.a(_mul_sf.o)
 .debug_pubtypes
                0x0000086c       0x86 /usr/lib/gcc/msp430/4.5.3/mmpy-16/libgcc.a(_div_sf.o)
 .debug_pubtypes
                0x000008f2       0x91 /usr/lib/gcc/msp430/4.5.3/mmpy-16/libgcc.a(_ge_sf.o)
 .debug_pubtypes
                0x00000983       0x91 /usr/lib/gcc/msp430/4.5.3/mmpy-16/libgcc.a(_sf_to_si.o)
 .debug_pubtypes
                0x00000a14       0x5b /usr/lib/gcc/msp430/4.5.3/mmpy-16/libgcc.a(_thenan_sf.o)
 .debug_pubtypes
                0x00000a6f       0x73 /usr/lib/gcc/msp430/4.5.3/mmpy-16/libgcc.a(_usi_to_sf.o)
 .debug_pubtypes
                0x00000ae2       0x35 /usr/lib/gcc/msp430/4.5.3/mmpy-16/libgcc.a(_clzsi2.o)
 .debug_pubtypes
                0x00000b17       0x86 /usr/lib/gcc/msp430/4.5.3/mmpy-16/libgcc.a(_pack_sf.o)
 .debug_pubtypes
                0x00000b9d       0x86 /usr/lib/gcc/msp430/4.5.3/mmpy-16/libgcc.a(_unpack_sf.o)
 .debug_pubtypes
                0x00000c23       0x5b /usr/lib/gcc/msp430/4.5.3/mmpy-16/libgcc.a(_fpcmp_parts_sf.o)
 .debug_pubtypes
                0x00000c7e       0x1e /usr/lib/gcc/msp430/4.5.3/mmpy-16/libgcc.a(_clz.o)
 .debug_pubtypes
                0x00000c9c       0x26 /usr/lib/gcc/msp430/4.5.3/../../../../msp430/lib/mmpy-16/libc.a(memcpy.o)
 .debug_pubtypes
                0x00000cc2       0x2a /usr/lib/gcc/msp430/4.5.3/../../../../msp430/lib/mmpy-16/libc.a(malloc.o)
 .debug_pubtypes
                0x00000cec       0x31 /usr/lib/gcc/msp430/4.5.3/../../../../msp430/lib/mmpy-16/libc.a(printf.o)
 .debug_pubtypes
                0x00000d1d       0x56 /usr/lib/gcc/msp430/4.5.3/../../../../msp430/lib/mmpy-16/libc.a(vuprintf.o)
 .debug_pubtypes
                0x00000d73       0x12 /usr/lib/gcc/msp430/4.5.3/../../../../msp430/lib/mmpy-16/libc.a(puts.o)

.debug_ranges   0x00000000       0xb0
 *(.debug_ranges)
 .debug_ranges  0x00000000        0x8 obj_sky/contiki-sky-main.o
 .debug_ranges  0x00000008        0xc contiki-sky.a(glossy.o)
 .debug_ranges  0x00000014       0x14 /usr/lib/gcc/msp430/4.5.3/mmpy-16/libgcc.a(_addsub_sf.o)
 .debug_ranges  0x00000028       0x28 /usr/lib/gcc/msp430/4.5.3/mmpy-16/libgcc.a(_mul_sf.o)
 .debug_ranges  0x00000050       0x24 /usr/lib/gcc/msp430/4.5.3/mmpy-16/libgcc.a(_div_sf.o)
 .debug_ranges  0x00000074        0xc /usr/lib/gcc/msp430/4.5.3/mmpy-16/libgcc.a(_usi_to_sf.o)
 .debug_ranges  0x00000080        0xc /usr/lib/gcc/msp430/4.5.3/mmpy-16/libgcc.a(_clzsi2.o)
 .debug_ranges  0x0000008c       0x18 /usr/lib/gcc/msp430/4.5.3/mmpy-16/libgcc.a(_pack_sf.o)
 .debug_ranges  0x000000a4        0xc /usr/lib/gcc/msp430/4.5.3/../../../../msp430/lib/mmpy-16/libc.a(vuprintf.o)
                0x00003900                PROVIDE (__stack, (ORIGIN (ram) + 0x2800))
                0x00008408                PROVIDE (__data_start_rom, _etext)
                0x00008432                PROVIDE (__data_end_rom, (_etext + SIZEOF (.data)))
OUTPUT(glossy-test-hda.sky elf32-msp430)

.glossy         0x00004000      0x160
 .glossy        0x00004000      0x160 contiki-sky.a(glossy.o)
                0x00004000                timerb1_interrupt
                0x00004000                __isr_12
