Archive member included because of file (symbol)

contiki-sky.a(contiki-sky-pla)
                              obj_sky/contiki-sky-main.o (init_platform)
contiki-sky.a(button-sensor.o)
                              contiki-sky.a(contiki-sky-pla) (button_sensor)
contiki-sky.a(ds2411.o)       obj_sky/contiki-sky-main.o (ds2411_init)
contiki-sky.a(xmem.o)         obj_sky/contiki-sky-main.o (xmem_init)
contiki-sky.a(node-id.o)      obj_sky/contiki-sky-main.o (node_id_restore)
contiki-sky.a(sensors.o)      contiki-sky.a(button-sensor.o) (sensors_changed)
contiki-sky.a(cc2420.o)       obj_sky/contiki-sky-main.o (cc2420_set_channel)
contiki-sky.a(cc2420-arch.o)  contiki-sky.a(cc2420.o) (cc2420_arch_init)
contiki-sky.a(uart1.o)        obj_sky/contiki-sky-main.o (uart1_active)
contiki-sky.a(uart1-putchar.o)
                              obj_sky/contiki-sky-main.o (putchar)
contiki-sky.a(msp430.o)       contiki-sky.a(uart1.o) (msp430_add_lpm_req)
contiki-sky.a(clock.o)        obj_sky/contiki-sky-main.o (clock_init)
contiki-sky.a(leds.o)         obj_sky/contiki-sky-main.o (leds_init)
contiki-sky.a(leds-arch.o)    contiki-sky.a(leds.o) (leds_arch_init)
contiki-sky.a(watchdog.o)     obj_sky/contiki-sky-main.o (watchdog_start)
contiki-sky.a(rtimer-arch.o)  glossy-test.co (rtimer_arch_now)
contiki-sky.a(autostart.o)    obj_sky/contiki-sky-main.o (autostart_start)
contiki-sky.a(ctimer.o)       obj_sky/contiki-sky-main.o (ctimer_init)
contiki-sky.a(energest.o)     glossy-test.co (energest_init)
contiki-sky.a(etimer.o)       contiki-sky.a(clock.o) (etimer_request_poll)
contiki-sky.a(process.o)      contiki-sky.a(ctimer.o) (process_current)
contiki-sky.a(rtimer.o)       obj_sky/contiki-sky-main.o (rtimer_init)
contiki-sky.a(timer.o)        obj_sky/contiki-sky-main.o (timer_set)
contiki-sky.a(glossy.o)       glossy-test.co (glossy_stop)
contiki-sky.a(serial-line.o)  obj_sky/contiki-sky-main.o (serial_line_input_byte)
contiki-sky.a(list.o)         contiki-sky.a(ctimer.o) (list_init)
contiki-sky.a(random.o)       obj_sky/contiki-sky-main.o (random_init)
contiki-sky.a(ringbuf.o)      contiki-sky.a(serial-line.o) (ringbuf_init)
contiki-sky.a(csma.o)         obj_sky/contiki-sky-main.o (csma_driver)
contiki-sky.a(mac.o)          contiki-sky.a(csma.o) (mac_call_sent_callback)
contiki-sky.a(packetbuf.o)    contiki-sky.a(cc2420.o) (packetbuf_set_datalen)
contiki-sky.a(queuebuf.o)     contiki-sky.a(csma.o) (queuebuf_new_from_packetbuf)
contiki-sky.a(contikimac.o)   obj_sky/contiki-sky-main.o (contikimac_driver)
contiki-sky.a(rimeaddr.o)     obj_sky/contiki-sky-main.o (rimeaddr_copy)
contiki-sky.a(rime.o)         obj_sky/contiki-sky-main.o (rime_driver)
contiki-sky.a(announcement.o)
                              contiki-sky.a(rime.o) (announcement_init)
contiki-sky.a(broadcast-annou)
                              contiki-sky.a(rime.o) (broadcast_announcement_init)
contiki-sky.a(broadcast.o)    contiki-sky.a(broadcast-annou) (broadcast_open)
contiki-sky.a(abc.o)          contiki-sky.a(broadcast.o) (abc_open)
contiki-sky.a(chameleon.o)    contiki-sky.a(rime.o) (chameleon_init)
contiki-sky.a(channel.o)      contiki-sky.a(chameleon.o) (channel_init)
contiki-sky.a(chameleon-bitop)
                              contiki-sky.a(chameleon.o) (chameleon_bitopt)
contiki-sky.a(spi.o)          contiki-sky.a(xmem.o) (spi_init)
contiki-sky.a(compower.o)     contiki-sky.a(contikimac.o) (compower_idle_activity)
contiki-sky.a(memb.o)         contiki-sky.a(csma.o) (memb_init)
contiki-sky.a(framer-802154.o)
                              contiki-sky.a(contikimac.o) (framer_802154)
contiki-sky.a(phase.o)        contiki-sky.a(contikimac.o) (phase_update)
contiki-sky.a(nbr-table.o)    contiki-sky.a(phase.o) (nbr_table_register)
contiki-sky.a(frame802154.o)  contiki-sky.a(framer-802154.o) (frame802154_hdrlen)
/usr/lib/gcc/msp430/4.5.3/mmpy-16/libgcc.a(_mulsi3.o)
                              contiki-sky.a(glossy.o) (__mulsi3)
/usr/lib/gcc/msp430/4.5.3/mmpy-16/libgcc.a(_udivmodhi4.o)
                              contiki-sky.a(phase.o) (__udivmodhi4)
/usr/lib/gcc/msp430/4.5.3/mmpy-16/libgcc.a(_divmodhi4.o)
                              contiki-sky.a(nbr-table.o) (__divmodhi4)
/usr/lib/gcc/msp430/4.5.3/mmpy-16/libgcc.a(_udivmodsi4.o)
                              glossy-test.co (__udivmodsi4)
/usr/lib/gcc/msp430/4.5.3/mmpy-16/libgcc.a(_fixunssfsi.o)
                              glossy-test.co (__fixunssfsi)
/usr/lib/gcc/msp430/4.5.3/mmpy-16/libgcc.a(_addsub_sf.o)
                              /usr/lib/gcc/msp430/4.5.3/mmpy-16/libgcc.a(_fixunssfsi.o) (__subsf3)
/usr/lib/gcc/msp430/4.5.3/mmpy-16/libgcc.a(_mul_sf.o)
                              glossy-test.co (__mulsf3)
/usr/lib/gcc/msp430/4.5.3/mmpy-16/libgcc.a(_div_sf.o)
                              glossy-test.co (__divsf3)
/usr/lib/gcc/msp430/4.5.3/mmpy-16/libgcc.a(_ge_sf.o)
                              /usr/lib/gcc/msp430/4.5.3/mmpy-16/libgcc.a(_fixunssfsi.o) (__gesf2)
[...]
Memory Configuration

Name             Origin             Length             Attributes
sfr              0x00000000         0x00000010
peripheral_8bit  0x00000010         0x000000f0
peripheral_16bit 0x00000100         0x00000100
infomem          0x00001000         0x00000100
infob            0x00001000         0x00000080
infoa            0x00001080         0x00000080
ram              0x00001100         0x00002800         xw
rom              0x00004000         0x0000bfe0         xr
vectors          0x0000ffe0         0x00000020
bsl              0x00000000         0x00000000
infoc            0x00000000         0x00000000
infod            0x00000000         0x00000000
far_rom          0x00000000         0x00000000
*default*        0x00000000         0xffffffff

Linker script and memory map

LOAD /usr/lib/gcc/msp430/4.5.3/mmpy-16/crt0ivtbl16.o
LOAD glossy-test.co
LOAD obj_sky/contiki-sky-main.o
LOAD contiki-sky.a
LOAD /usr/lib/gcc/msp430/4.5.3/mmpy-16/libgcc.a
LOAD /usr/lib/gcc/msp430/4.5.3/../../../../msp430/lib/mmpy-16/libc.a
LOAD /usr/lib/gcc/msp430/4.5.3/mmpy-16/libgcc.a
LOAD /usr/lib/gcc/msp430/4.5.3/mmpy-16/libcrt0.a
                0x00000000                __IE1 = 0x0
                0x00000002                __IFG1 = 0x2
                0x00000004                __ME1 = 0x4
                0x00000001                __IE2 = 0x1
                0x00000003                __IFG2 = 0x3
                0x00000005                __ME2 = 0x5
                0x00000120                __WDTCTL = 0x120
                0x00000130                __MPY = 0x130
                0x00000132                __MPYS = 0x132
                0x00000134                __MAC = 0x134
                0x00000136                __MACS = 0x136
                0x00000138                __OP2 = 0x138
                0x0000013a                __RESLO = 0x13a
                0x0000013c                __RESHI = 0x13c
                0x0000013e                __SUMEXT = 0x13e
                0x00000020                __P1IN = 0x20
                0x00000021                __P1OUT = 0x21
                0x00000022                __P1DIR = 0x22
                0x00000023                __P1IFG = 0x23
                0x00000024                __P1IES = 0x24
                0x00000025                __P1IE = 0x25
                0x00000026                __P1SEL = 0x26
                0x00000028                __P2IN = 0x28
                0x00000029                __P2OUT = 0x29
                0x0000002a                __P2DIR = 0x2a
                0x0000002b                __P2IFG = 0x2b
                0x0000002c                __P2IES = 0x2c
                0x0000002d                __P2IE = 0x2d
                0x0000002e                __P2SEL = 0x2e
                0x00000018                __P3IN = 0x18
                0x00000019                __P3OUT = 0x19
                0x0000001a                __P3DIR = 0x1a
                0x0000001b                __P3SEL = 0x1b
                0x0000001c                __P4IN = 0x1c
                0x0000001d                __P4OUT = 0x1d
                0x0000001e                __P4DIR = 0x1e
                0x0000001f                __P4SEL = 0x1f
                0x00000030                __P5IN = 0x30
                0x00000031                __P5OUT = 0x31
                0x00000032                __P5DIR = 0x32
                0x00000033                __P5SEL = 0x33
                0x00000034                __P6IN = 0x34
                0x00000035                __P6OUT = 0x35
                0x00000036                __P6DIR = 0x36
                0x00000037                __P6SEL = 0x37
                0x00000070                __U0CTL = 0x70
                0x00000071                __U0TCTL = 0x71
                0x00000072                __U0RCTL = 0x72
                0x00000073                __U0MCTL = 0x73
                0x00000074                __U0BR0 = 0x74
                0x00000075                __U0BR1 = 0x75
                0x00000076                __U0RXBUF = 0x76
                0x00000077                __U0TXBUF = 0x77
                0x00000078                __U1CTL = 0x78
                0x00000079                __U1TCTL = 0x79
                0x0000007a                __U1RCTL = 0x7a
                0x0000007b                __U1MCTL = 0x7b
                0x0000007c                __U1BR0 = 0x7c
                0x0000007d                __U1BR1 = 0x7d
                0x0000007e                __U1RXBUF = 0x7e
                0x0000007f                __U1TXBUF = 0x7f
                0x00000050                __I2CIE = 0x50
                0x00000051                __I2CIFG = 0x51
                0x00000052                __I2CNDAT = 0x52
                0x00000071                __I2CTCTL = 0x71
                0x00000072                __I2CDCTL = 0x72
                0x00000073                __I2CPSC = 0x73
                0x00000074                __I2CSCLH = 0x74
                0x00000075                __I2CSCLL = 0x75
                0x00000076                __I2CDRB = 0x76
                0x00000076                __I2CDRW = 0x76
                0x00000118                __I2COA = 0x118
                0x0000011a                __I2CSA = 0x11a
                0x0000011c                __I2CIV = 0x11c
                0x0000012e                __TAIV = 0x12e
                0x00000160                __TACTL = 0x160
                0x00000162                __TACCTL0 = 0x162
                0x00000164                __TACCTL1 = 0x164
                0x00000166                __TACCTL2 = 0x166
                0x00000170                __TAR = 0x170
                0x00000172                __TACCR0 = 0x172
                0x00000174                __TACCR1 = 0x174
                0x00000176                __TACCR2 = 0x176
                0x0000011e                __TBIV = 0x11e
                0x00000180                __TBCTL = 0x180
                0x00000182                __TBCCTL0 = 0x182
                0x00000184                __TBCCTL1 = 0x184
                0x00000186                __TBCCTL2 = 0x186
                0x00000188                __TBCCTL3 = 0x188
                0x0000018a                __TBCCTL4 = 0x18a
                0x0000018c                __TBCCTL5 = 0x18c
                0x0000018e                __TBCCTL6 = 0x18e
                0x00000190                __TBR = 0x190
                0x00000192                __TBCCR0 = 0x192
                0x00000194                __TBCCR1 = 0x194
                0x00000196                __TBCCR2 = 0x196
                0x00000198                __TBCCR3 = 0x198
                0x0000019a                __TBCCR4 = 0x19a
                0x0000019c                __TBCCR5 = 0x19c
                0x0000019e                __TBCCR6 = 0x19e
                0x00000056                __DCOCTL = 0x56
                0x00000057                __BCSCTL1 = 0x57
                0x00000058                __BCSCTL2 = 0x58
                0x00000055                __SVSCTL = 0x55
                0x00000128                __FCTL1 = 0x128
                0x0000012a                __FCTL2 = 0x12a
                0x0000012c                __FCTL3 = 0x12c
                0x00000059                __CACTL1 = 0x59
                0x0000005a                __CACTL2 = 0x5a
                0x0000005b                __CAPD = 0x5b
                0x000001a0                __ADC12CTL0 = 0x1a0
                0x000001a2                __ADC12CTL1 = 0x1a2
                0x000001a4                __ADC12IFG = 0x1a4
                0x000001a6                __ADC12IE = 0x1a6
                0x000001a8                __ADC12IV = 0x1a8
                0x00000140                __ADC12MEM0 = 0x140
                0x00000142                __ADC12MEM1 = 0x142
                0x00000144                __ADC12MEM2 = 0x144
                0x00000146                __ADC12MEM3 = 0x146
                0x00000148                __ADC12MEM4 = 0x148
                0x0000014a                __ADC12MEM5 = 0x14a
                0x0000014c                __ADC12MEM6 = 0x14c
                0x0000014e                __ADC12MEM7 = 0x14e
                0x00000150                __ADC12MEM8 = 0x150
                0x00000152                __ADC12MEM9 = 0x152
                0x00000154                __ADC12MEM10 = 0x154
                0x00000156                __ADC12MEM11 = 0x156
                0x00000158                __ADC12MEM12 = 0x158
                0x0000015a                __ADC12MEM13 = 0x15a
                0x0000015c                __ADC12MEM14 = 0x15c
                0x0000015e                __ADC12MEM15 = 0x15e
                0x00000080                __ADC12MCTL0 = 0x80
                0x00000081                __ADC12MCTL1 = 0x81
                0x00000082                __ADC12MCTL2 = 0x82
                0x00000083                __ADC12MCTL3 = 0x83
                0x00000084                __ADC12MCTL4 = 0x84
                0x00000085                __ADC12MCTL5 = 0x85
                0x00000086                __ADC12MCTL6 = 0x86
                0x00000087                __ADC12MCTL7 = 0x87
                0x00000088                __ADC12MCTL8 = 0x88
                0x00000089                __ADC12MCTL9 = 0x89
                0x0000008a                __ADC12MCTL10 = 0x8a
                0x0000008b                __ADC12MCTL11 = 0x8b
                0x0000008c                __ADC12MCTL12 = 0x8c
                0x0000008d                __ADC12MCTL13 = 0x8d
                0x0000008e                __ADC12MCTL14 = 0x8e
                0x0000008f                __ADC12MCTL15 = 0x8f
                0x000001c0                __DAC12_0CTL = 0x1c0
                0x000001c2                __DAC12_1CTL = 0x1c2
                0x000001c8                __DAC12_0DAT = 0x1c8
                0x000001ca                __DAC12_1DAT = 0x1ca
                0x00000122                __DMACTL0 = 0x122
                0x00000124                __DMACTL1 = 0x124
                0x000001e0                __DMA0CTL = 0x1e0
                0x000001e8                __DMA1CTL = 0x1e8
                0x000001f0                __DMA2CTL = 0x1f0
                0x000001e2                __DMA0SA = 0x1e2
                0x000001e4                __DMA0DA = 0x1e4
                0x000001e6                __DMA0SZ = 0x1e6
                0x000001ea                __DMA1SA = 0x1ea
                0x000001ec                __DMA1DA = 0x1ec
                0x000001ee                __DMA1SZ = 0x1ee
                0x000001f2                __DMA2SA = 0x1f2
                0x000001f4                __DMA2DA = 0x1f4
                0x000001f6                __DMA2SZ = 0x1f6

.hash
 *(.hash)

.dynsym
 *(.dynsym)

.dynstr
 *(.dynstr)

.gnu.version
 *(.gnu.version)

.gnu.version_d
 *(.gnu.version_d)

.gnu.version_r
 *(.gnu.version_r)

.rel.init
 *(.rel.init)

.rela.init
 *(.rela.init)

.rel.text
 *(.rel.text)
 *(.rel.text.*)
 *(.rel.gnu.linkonce.t*)

.rela.text
 *(.rela.text)
 *(.rela.text.*)
 *(.rela.gnu.linkonce.t*)

.rel.fini
 *(.rel.fini)

.rela.fini
 *(.rela.fini)

.rel.rodata
 *(.rel.rodata)
 *(.rel.rodata.*)
 *(.rel.gnu.linkonce.r*)

.rela.rodata
 *(.rela.rodata)
 *(.rela.rodata.*)
 *(.rela.gnu.linkonce.r*)

.rel.data
 *(.rel.data)
 *(.rel.data.*)
 *(.rel.gnu.linkonce.d*)

.rela.data
 *(.rela.data)
 *(.rela.data.*)
 *(.rela.gnu.linkonce.d*)

.rel.ctors
 *(.rel.ctors)

.rela.ctors
 *(.rela.ctors)

.rel.dtors
 *(.rel.dtors)

.rela.dtors
 *(.rela.dtors)

.rel.got
 *(.rel.got)

.rela.got
 *(.rela.got)

.rel.bss
 *(.rel.bss)

.rela.bss
 *(.rela.bss)

.rel.plt
 *(.rel.plt)

.rela.plt
 *(.rela.plt)

.text           0x00004000     0x70e2
                0x00004000                . = ALIGN (0x2)
 *(.init)
 *(.init0)
 .init0         0x00004000        0x0 /usr/lib/gcc/msp430/4.5.3/mmpy-16/libcrt0.a(_reset_vector__.o)
                0x00004000                _reset_vector__
 *(.init1)
 *(.init2)
 .init2         0x00004000        0x4 /usr/lib/gcc/msp430/4.5.3/mmpy-16/libcrt0.a(__init_stack.o)
                0x00004000                __init_stack
 *(.init3)
 .init3         0x00004004        0xa /usr/lib/gcc/msp430/4.5.3/mmpy-16/libcrt0.a(__low_level_init.o)
                0x00004004                __low_level_init
 *(.init4)
 .init4         0x0000400e       0x16 /usr/lib/gcc/msp430/4.5.3/mmpy-16/libcrt0.a(_copy_data.o)
                0x0000400e                __do_copy_data
 .init4         0x00004024       0x14 /usr/lib/gcc/msp430/4.5.3/mmpy-16/libcrt0.a(_clear_bss.o)
                0x00004024                __do_clear_bss
 *(.init5)
 *(.init6)
 *(.init7)
 *(.init8)
 *(.init9)
 .init9         0x00004038      0x302 obj_sky/contiki-sky-main.o
                0x00004038                main
 *(.fini9)
 .fini9         0x0000433a        0x0 /usr/lib/gcc/msp430/4.5.3/mmpy-16/libcrt0.a(__stop_progExec__.o)
                0x0000433a                __stop_progExec__
 *(.fini8)
 *(.fini7)
 *(.fini6)
 *(.fini5)
 *(.fini4)
 *(.fini3)
 *(.fini2)
 *(.fini1)
 *(.fini0)
 .fini0         0x0000433a        0x6 /usr/lib/gcc/msp430/4.5.3/mmpy-16/libcrt0.a(_endless_loop__.o)
                0x0000433a                _endless_loop__
 *(.fini)
                0x00004340                . = ALIGN (0x2)
                0x00004340                __ctors_start = .
 *(.ctors)
                0x00004340                __ctors_end = .
                0x00004340                __dtors_start = .
 *(.dtors)
                0x00004340                __dtors_end = .
                0x00004340                . = ALIGN (0x2)
 *(.text)
 .text          0x00004340        0x4 /usr/lib/gcc/msp430/4.5.3/mmpy-16/crt0ivtbl16.o
                0x00004340                __isr_14
                0x00004340                __isr_11
                0x00004340                __isr_2
                0x00004340                __isr_7
                0x00004340                __isr_0
                0x00004340                __isr_8
                0x00004340                __isr_3
                0x00004340                __isr_13
                0x00004340                __isr_9
 .text          0x00004344       0xfe glossy-test.co
                0x0000443e                autostart_processes
 .text          0x00004442       0xd4 obj_sky/contiki-sky-main.o
 .text          0x00004516       0x10 contiki-sky.a(button-sensor.o)
                0x0000451e                button_sensor
 .text          0x00004526        0x8 contiki-sky.a(sensors.o)
 .text          0x0000452e       0x22 contiki-sky.a(cc2420.o)
                0x0000453c                cc2420_driver
 .text          0x00004550        0xf contiki-sky.a(ctimer.o)
 .text          0x0000455f        0xc contiki-sky.a(etimer.o)
 .text          0x0000456b       0x1c contiki-sky.a(glossy.o)
 .text          0x00004587        0xe contiki-sky.a(serial-line.o)
 *fill*         0x00004595        0x1 00
 .text          0x00004596       0x14 contiki-sky.a(csma.o)
                0x0000459c                csma_driver
 .text          0x000045aa       0x1c contiki-sky.a(contikimac.o)
                0x000045b6                contikimac_driver
 .text          0x000045c6        0x2 contiki-sky.a(rimeaddr.o)
                0x000045c6                rimeaddr_null
 .text          0x000045c8        0xc contiki-sky.a(rime.o)
                0x000045ce                rime_driver
 .text          0x000045d4        0x4 contiki-sky.a(broadcast-annou)
 .text          0x000045d8        0x8 contiki-sky.a(broadcast.o)
 .text          0x000045e0        0x2 contiki-sky.a(abc.o)
 .text          0x000045e2       0x10 contiki-sky.a(chameleon-bitop)
                0x000045e2                chameleon_bitopt
 .text          0x000045f2        0x4 contiki-sky.a(framer-802154.o)
                0x000045f2                framer_802154
 .text          0x000045f6        0x2 contiki-sky.a(frame802154.o)
 .text          0x000045f8       0x42 /usr/lib/gcc/msp430/4.5.3/mmpy-16/libgcc.a(_fixunssfsi.o)
                0x000045f8                __fixunssfsi
 .text          0x0000463a      0x352 /usr/lib/gcc/msp430/4.5.3/mmpy-16/libgcc.a(_addsub_sf.o)
                0x000048e8                __addsf3
                0x00004938                __subsf3
 .text          0x0000498c      0x1fe /usr/lib/gcc/msp430/4.5.3/mmpy-16/libgcc.a(_mul_sf.o)
                0x0000498c                __mulsf3
 .text          0x00004b8a      0x160 /usr/lib/gcc/msp430/4.5.3/mmpy-16/libgcc.a(_div_sf.o)
                0x00004b8a                __divsf3
 .text          0x00004cea       0x58 /usr/lib/gcc/msp430/4.5.3/mmpy-16/libgcc.a(_ge_sf.o)
                0x00004cea                __gesf2
 .text          0x00004d42       0x8a /usr/lib/gcc/msp430/4.5.3/mmpy-16/libgcc.a(_sf_to_si.o)
                0x00004d42                __fixsfsi
 .text          0x00004dcc        0x8 /usr/lib/gcc/msp430/4.5.3/mmpy-16/libgcc.a(_thenan_sf.o)
                0x00004dcc                __thenan_sf
 .text          0x00004dd4       0xd8 /usr/lib/gcc/msp430/4.5.3/mmpy-16/libgcc.a(_usi_to_sf.o)
                0x00004dd4                __floatunsisf
 .text          0x00004eac       0x58 /usr/lib/gcc/msp430/4.5.3/mmpy-16/libgcc.a(_clzsi2.o)
                0x00004eac                __clzsi2
 .text          0x00004f04      0x1d6 /usr/lib/gcc/msp430/4.5.3/mmpy-16/libgcc.a(_pack_sf.o)
                0x00004f04                __pack_f
 .text          0x000050da      0x132 /usr/lib/gcc/msp430/4.5.3/mmpy-16/libgcc.a(_unpack_sf.o)
                0x000050da                __unpack_f
 .text          0x0000520c       0xa2 /usr/lib/gcc/msp430/4.5.3/mmpy-16/libgcc.a(_fpcmp_parts_sf.o)
                0x0000520c                __fpcmp_parts_f
 .text          0x000052ae      0x100 /usr/lib/gcc/msp430/4.5.3/mmpy-16/libgcc.a(_clz.o)
                0x000052ae                __clz_tab
 .text          0x000053ae       0x34 /usr/lib/gcc/msp430/4.5.3/../../../../msp430/lib/mmpy-16/libc.a(memcmp.o)
                0x000053ae                memcmp
 .text          0x000053e2      0x104 /usr/lib/gcc/msp430/4.5.3/../../../../msp430/lib/mmpy-16/libc.a(memcpy.o)
                0x000053e2                memcpy
 .text          0x000054e6       0x66 /usr/lib/gcc/msp430/4.5.3/../../../../msp430/lib/mmpy-16/libc.a(memset.o)
                0x000054e6                memset
 .text          0x0000554c      0x10c /usr/lib/gcc/msp430/4.5.3/../../../../msp430/lib/mmpy-16/libc.a(malloc.o)
                0x0000554c                malloc
                0x00005650                free
 .text          0x00005658       0x20 /usr/lib/gcc/msp430/4.5.3/../../../../msp430/lib/mmpy-16/libc.a(printf.o)
                0x00005658                printf
                0x0000566a                vprintf
 .text          0x00005678      0x476 /usr/lib/gcc/msp430/4.5.3/../../../../msp430/lib/mmpy-16/libc.a(vuprintf.o)
                0x00005784                vuprintf
 .text          0x00005aee       0x2c /usr/lib/gcc/msp430/4.5.3/../../../../msp430/lib/mmpy-16/libc.a(puts.o)
                0x00005aee                puts
 .text          0x00005b1a      0x134 /usr/lib/gcc/msp430/4.5.3/../../../../msp430/lib/mmpy-16/libc.a(rand.o)
                0x00005b1a                rand_r
                0x00005bae                rand
                0x00005c44                srand
                0x00005c4e                . = ALIGN (0x2)
 *(.text.*)
 .text.process_thread_glossy_test
                0x00005c4e       0x58 glossy-test.co
 .text.process_thread_glossy_print_stats_process
                0x00005ca6      0x2fe glossy-test.co
 .text.estimate_period_skew
                0x00005fa4       0x42 glossy-test.co
 .text.glossy_scheduler
                0x00005fe6      0x1ea glossy-test.co
                0x00005fe6                glossy_scheduler
 .text.init_platform
                0x000061d0        0xc contiki-sky.a(contiki-sky-pla)
                0x000061d0                init_platform
 .text.status   0x000061dc       0x16 contiki-sky.a(button-sensor.o)
 .text.configure
                0x000061f2       0x4a contiki-sky.a(button-sensor.o)
 .text.value    0x0000623c       0x26 contiki-sky.a(button-sensor.o)
 .text.irq_p2   0x00006262       0x92 contiki-sky.a(button-sensor.o)
                0x00006262                irq_p2
                0x00006262                __isr_1
 .text.crc8_add
                0x000062f4       0x1a contiki-sky.a(ds2411.o)
 .text.owreadb  0x0000630e       0x56 contiki-sky.a(ds2411.o)
 .text.ds2411_init
                0x00006364      0x10a contiki-sky.a(ds2411.o)
                0x00006364                ds2411_init
 .text.wait_ready
                0x0000646e       0x4e contiki-sky.a(xmem.o)
 .text.xmem_init
                0x000064bc       0x3c contiki-sky.a(xmem.o)
                0x000064bc                xmem_init
 .text.xmem_pread
                0x000064f8       0xdc contiki-sky.a(xmem.o)
                0x000064f8                xmem_pread
 .text.node_id_restore
                0x000065d4       0x38 contiki-sky.a(node-id.o)
                0x000065d4                node_id_restore
 .text.get_sensor_index
                0x0000660c       0x22 contiki-sky.a(sensors.o)
 .text.process_thread_sensors_process
                0x0000662e       0xc2 contiki-sky.a(sensors.o)
 .text.sensors_changed
                0x000066f0       0x14 contiki-sky.a(sensors.o)
                0x000066f0                sensors_changed
 .text.strobe   0x00006704       0x1e contiki-sky.a(cc2420.o)
 .text.status   0x00006722       0x24 contiki-sky.a(cc2420.o)
 .text.getreg   0x00006746       0x50 contiki-sky.a(cc2420.o)
 .text.setreg   0x00006796       0x48 contiki-sky.a(cc2420.o)
 .text.set_txpower
                0x000067de       0x2a contiki-sky.a(cc2420.o)
 .text.cc2420_receiving_packet
                0x00006808       0x10 contiki-sky.a(cc2420.o)
 .text.pending_packet
                0x00006818        0x8 contiki-sky.a(cc2420.o)
 .text.on       0x00006820       0x46 contiki-sky.a(cc2420.o)
 .text.flushrx  0x00006866       0x74 contiki-sky.a(cc2420.o)
 .text.off      0x000068da       0x78 contiki-sky.a(cc2420.o)
 .text.RELEASE_LOCK
                0x00006952       0x28 contiki-sky.a(cc2420.o)
 .text.cc2420_prepare
                0x0000697a       0x82 contiki-sky.a(cc2420.o)
 .text.cc2420_on
                0x000069fc       0x22 contiki-sky.a(cc2420.o)
                0x000069fc                cc2420_on
 .text.cc2420_off
                0x00006a1e       0x30 contiki-sky.a(cc2420.o)
                0x00006a1e                cc2420_off
 .text.cc2420_cca
                0x00006a4e       0x7a contiki-sky.a(cc2420.o)
 .text.getrxdata
                0x00006ac8       0x4e contiki-sky.a(cc2420.o)
 .text.cc2420_read
                0x00006b16       0xe6 contiki-sky.a(cc2420.o)
 .text.process_thread_cc2420_process
                0x00006bfc       0x50 contiki-sky.a(cc2420.o)
 .text.cc2420_set_channel
                0x00006c4c       0x7a contiki-sky.a(cc2420.o)
                0x00006c4c                cc2420_set_channel
 .text.cc2420_set_pan_addr
                0x00006cc6      0x13a contiki-sky.a(cc2420.o)
                0x00006cc6                cc2420_set_pan_addr
 .text.cc2420_init
                0x00006e00       0xd4 contiki-sky.a(cc2420.o)
                0x00006e00                cc2420_init
 .text.cc2420_interrupt
                0x00006ed4       0x20 contiki-sky.a(cc2420.o)
                0x00006ed4                cc2420_interrupt
 .text.cc2420_get_txpower
                0x00006ef4       0x1e contiki-sky.a(cc2420.o)
                0x00006ef4                cc2420_get_txpower
 .text.cc2420_transmit
                0x00006f12      0x1a4 contiki-sky.a(cc2420.o)
 .text.cc2420_send
                0x000070b6       0x12 contiki-sky.a(cc2420.o)
 .text.cc2420_port1_interrupt
                0x000070c8       0x6a contiki-sky.a(cc2420-arch.o)
                0x000070c8                __isr_4
                0x000070c8                cc2420_port1_interrupt
 .text.cc2420_arch_init
                0x00007132       0x1a contiki-sky.a(cc2420-arch.o)
                0x00007132                cc2420_arch_init
 .text.handle_rxdma_timer
                0x0000714c       0x42 contiki-sky.a(uart1.o)
 .text.uart1_active
                0x0000718e       0x18 contiki-sky.a(uart1.o)
                0x0000718e                uart1_active
 .text.uart1_set_input
                0x000071a6       0x20 contiki-sky.a(uart1.o)
                0x000071a6                uart1_set_input
 .text.uart1_writeb
                0x000071c6       0x1a contiki-sky.a(uart1.o)
                0x000071c6                uart1_writeb
 .text.uart1_init
                0x000071e0       0xee contiki-sky.a(uart1.o)
                0x000071e0                uart1_init
 .text.putchar  0x000072ce        0xe contiki-sky.a(uart1-putchar.o)
                0x000072ce                putchar
 .text.msp430_init_dco
                0x000072dc       0x74 contiki-sky.a(msp430.o)
                0x000072dc                msp430_init_dco
 .text.msp430_add_lpm_req
                0x00007350        0xa contiki-sky.a(msp430.o)
                0x00007350                msp430_add_lpm_req
 .text.msp430_cpu_init
                0x0000735a       0x2a contiki-sky.a(msp430.o)
                0x0000735a                msp430_cpu_init
 .text.splhigh_
                0x00007384        0x8 contiki-sky.a(msp430.o)
                0x00007384                splhigh_
 .text.msp430_sync_dco
                0x0000738c       0x60 contiki-sky.a(msp430.o)
                0x0000738c                msp430_sync_dco
 .text.timera1  0x000073ec       0xee contiki-sky.a(clock.o)
                0x000073ec                __isr_5
                0x000073ec                timera1
 .text.clock_time
                0x000074da       0x1a contiki-sky.a(clock.o)
                0x000074da                clock_time
 .text.clock_init
                0x000074f4       0x28 contiki-sky.a(clock.o)
                0x000074f4                clock_init
 .text.clock_delay
                0x0000751c        0xc contiki-sky.a(clock.o)
                0x0000751c                clock_delay
 .text.show_leds
                0x00007528      0x104 contiki-sky.a(leds.o)
 .text.leds_init
                0x0000762c        0xa contiki-sky.a(leds.o)
                0x0000762c                leds_init
 .text.leds_on  0x00007636        0xa contiki-sky.a(leds.o)
                0x00007636                leds_on
 .text.leds_off
                0x00007640        0xe contiki-sky.a(leds.o)
                0x00007640                leds_off
 .text.leds_arch_init
                0x0000764e        0xe contiki-sky.a(leds-arch.o)
                0x0000764e                leds_arch_init
 .text.leds_arch_set
                0x0000765c       0x3a contiki-sky.a(leds-arch.o)
                0x0000765c                leds_arch_set
 .text.watchdog_interrupt
                0x00007696        0x6 contiki-sky.a(watchdog.o)
                0x00007696                __isr_10
                0x00007696                watchdog_interrupt
 .text.watchdog_start
                0x0000769c       0x14 contiki-sky.a(watchdog.o)
                0x0000769c                watchdog_start
 .text.watchdog_periodic
                0x000076b0       0x12 contiki-sky.a(watchdog.o)
                0x000076b0                watchdog_periodic
 .text.watchdog_stop
                0x000076c2       0x16 contiki-sky.a(watchdog.o)
                0x000076c2                watchdog_stop
 .text.watchdog_init
                0x000076d8       0x14 contiki-sky.a(watchdog.o)
                0x000076d8                watchdog_init
 .text.rtimer_arch_init
                0x000076ec        0xe contiki-sky.a(rtimer-arch.o)
                0x000076ec                rtimer_arch_init
 .text.rtimer_arch_now
                0x000076fa        0xe contiki-sky.a(rtimer-arch.o)
                0x000076fa                rtimer_arch_now
 .text.timera0  0x00007708       0x76 contiki-sky.a(rtimer-arch.o)
                0x00007708                __isr_6
                0x00007708                timera0
 .text.rtimer_arch_schedule
                0x0000777e        0x6 contiki-sky.a(rtimer-arch.o)
                0x0000777e                rtimer_arch_schedule
 .text.autostart_start
                0x00007784       0x18 contiki-sky.a(autostart.o)
                0x00007784                autostart_start
 .text.process_thread_ctimer_process
                0x0000779c       0xa4 contiki-sky.a(ctimer.o)
 .text.ctimer_init
                0x00007840       0x18 contiki-sky.a(ctimer.o)
                0x00007840                ctimer_init
 .text.ctimer_set
                0x00007858       0x5a contiki-sky.a(ctimer.o)
                0x00007858                ctimer_set
 .text.ctimer_reset
                0x000078b2       0x3a contiki-sky.a(ctimer.o)
                0x000078b2                ctimer_reset
 .text.ctimer_stop
                0x000078ec       0x28 contiki-sky.a(ctimer.o)
                0x000078ec                ctimer_stop
 .text.energest_init
                0x00007914       0x2a contiki-sky.a(energest.o)
                0x00007914                energest_init
 .text.energest_type_time
                0x0000793e       0x44 contiki-sky.a(energest.o)
                0x0000793e                energest_type_time
 .text.energest_type_set
                0x00007982        0xe contiki-sky.a(energest.o)
                0x00007982                energest_type_set
 .text.energest_flush
                0x00007990       0x4a contiki-sky.a(energest.o)
                0x00007990                energest_flush
 .text.update_time
                0x000079da       0x78 contiki-sky.a(etimer.o)
 .text.etimer_request_poll
                0x00007a52        0xa contiki-sky.a(etimer.o)
                0x00007a52                etimer_request_poll
 .text.process_thread_etimer_process
                0x00007a5c       0xce contiki-sky.a(etimer.o)
 .text.add_timer
                0x00007b2a       0x40 contiki-sky.a(etimer.o)
 .text.etimer_set
                0x00007b6a       0x12 contiki-sky.a(etimer.o)
                0x00007b6a                etimer_set
 .text.etimer_reset
                0x00007b7c       0x12 contiki-sky.a(etimer.o)
                0x00007b7c                etimer_reset
 .text.etimer_pending
                0x00007b8e        0xe contiki-sky.a(etimer.o)
                0x00007b8e                etimer_pending
 .text.etimer_next_expiration_time
                0x00007b9c       0x16 contiki-sky.a(etimer.o)
                0x00007b9c                etimer_next_expiration_time
 .text.etimer_stop
                0x00007bb2       0x3c contiki-sky.a(etimer.o)
                0x00007bb2                etimer_stop
 .text.call_process
                0x00007bee       0x4c contiki-sky.a(process.o)
 .text.exit_process
                0x00007c3a       0x94 contiki-sky.a(process.o)
 .text.do_poll  0x00007cce       0x30 contiki-sky.a(process.o)
 .text.process_alloc_event
                0x00007cfe        0xe contiki-sky.a(process.o)
                0x00007cfe                process_alloc_event
 .text.process_init
                0x00007d0c       0x1c contiki-sky.a(process.o)
                0x00007d0c                process_init
 .text.process_run
                0x00007d28       0x9c contiki-sky.a(process.o)
                0x00007d28                process_run
 .text.process_nevents
                0x00007dc4        0xc contiki-sky.a(process.o)
                0x00007dc4                process_nevents
 .text.process_post
                0x00007dd0       0x54 contiki-sky.a(process.o)
                0x00007dd0                process_post
 .text.process_post_synch
                0x00007e24       0x12 contiki-sky.a(process.o)
                0x00007e24                process_post_synch
 .text.process_start
                0x00007e36       0x32 contiki-sky.a(process.o)
                0x00007e36                process_start
 .text.process_poll
                0x00007e68       0x1a contiki-sky.a(process.o)
                0x00007e68                process_poll
 .text.rtimer_init
                0x00007e82        0x6 contiki-sky.a(rtimer.o)
                0x00007e82                rtimer_init
 .text.rtimer_set
                0x00007e88       0x24 contiki-sky.a(rtimer.o)
                0x00007e88                rtimer_set
 .text.rtimer_run_next
                0x00007eac       0x26 contiki-sky.a(rtimer.o)
                0x00007eac                rtimer_run_next
 .text.timer_set
                0x00007ed2       0x1c contiki-sky.a(timer.o)
                0x00007ed2                timer_set
 .text.timer_reset
                0x00007eee        0xe contiki-sky.a(timer.o)
                0x00007eee                timer_reset
 .text.timer_expired
                0x00007efc       0x2e contiki-sky.a(timer.o)
                0x00007efc                timer_expired
 .text.radio_flush_tx
                0x00007f2a       0x1a contiki-sky.a(glossy.o)
 .text.radio_write_tx
                0x00007f44       0x42 contiki-sky.a(glossy.o)
 .text.radio_off
                0x00007f86       0x86 contiki-sky.a(glossy.o)
 .text.radio_start_tx
                0x0000800c       0x62 contiki-sky.a(glossy.o)
 .text.process_thread_glossy_process
                0x0000806e       0x64 contiki-sky.a(glossy.o)
 .text.radio_flush_rx
                0x000080d2       0x68 contiki-sky.a(glossy.o)
 .text.radio_abort_rx
                0x0000813a        0xc contiki-sky.a(glossy.o)
 .text.glossy_stop
                0x00008146       0x6e contiki-sky.a(glossy.o)
                0x00008146                glossy_stop
 .text.get_rx_cnt
                0x000081b4        0x6 contiki-sky.a(glossy.o)
                0x000081b4                get_rx_cnt
 .text.is_t_ref_l_updated
                0x000081ba        0x6 contiki-sky.a(glossy.o)
                0x000081ba                is_t_ref_l_updated
 .text.get_t_first_rx_l
                0x000081c0        0x6 contiki-sky.a(glossy.o)
                0x000081c0                get_t_first_rx_l
 .text.get_t_ref_l
                0x000081c6        0x6 contiki-sky.a(glossy.o)
                0x000081c6                get_t_ref_l
 .text.set_t_ref_l
                0x000081cc        0x6 contiki-sky.a(glossy.o)
                0x000081cc                set_t_ref_l
 .text.set_t_ref_l_updated
                0x000081d2        0x6 contiki-sky.a(glossy.o)
                0x000081d2                set_t_ref_l_updated
 .text.glossy_end_rx
                0x000081d8      0x2c0 contiki-sky.a(glossy.o)
                0x000081d8                glossy_end_rx
 .text.glossy_begin_tx
                0x00008498      0x180 contiki-sky.a(glossy.o)
                0x00008498                glossy_begin_tx
 .text.glossy_end_tx
                0x00008618       0x82 contiki-sky.a(glossy.o)
                0x00008618                glossy_end_tx
 .text.glossy_schedule_rx_timeout
                0x0000869a        0xe contiki-sky.a(glossy.o)
                0x0000869a                glossy_schedule_rx_timeout
 .text.glossy_begin_rx
                0x000086a8      0x1c4 contiki-sky.a(glossy.o)
                0x000086a8                glossy_begin_rx
 .text.glossy_schedule_initiator_timeout
                0x0000886c      0x10c contiki-sky.a(glossy.o)
                0x0000886c                glossy_schedule_initiator_timeout
 .text.glossy_start
                0x00008978      0x1c6 contiki-sky.a(glossy.o)
                0x00008978                glossy_start
 .text.process_thread_serial_line_process
                0x00008b3e       0xa6 contiki-sky.a(serial-line.o)
 .text.serial_line_input_byte
                0x00008be4       0x46 contiki-sky.a(serial-line.o)
                0x00008be4                serial_line_input_byte
 .text.serial_line_init
                0x00008c2a       0x1c contiki-sky.a(serial-line.o)
                0x00008c2a                serial_line_init
 .text.list_init
                0x00008c46        0x6 contiki-sky.a(list.o)
                0x00008c46                list_init
 .text.list_head
                0x00008c4c        0x4 contiki-sky.a(list.o)
                0x00008c4c                list_head
 .text.list_tail
                0x00008c50       0x14 contiki-sky.a(list.o)
                0x00008c50                list_tail
 .text.list_remove
                0x00008c64       0x2e contiki-sky.a(list.o)
                0x00008c64                list_remove
 .text.list_push
                0x00008c92       0x1a contiki-sky.a(list.o)
                0x00008c92                list_push
 .text.list_add
                0x00008cac       0x2a contiki-sky.a(list.o)
                0x00008cac                list_add
 .text.list_length
                0x00008cd6       0x10 contiki-sky.a(list.o)
                0x00008cd6                list_length
 .text.list_item_next
                0x00008ce6        0x8 contiki-sky.a(list.o)
                0x00008ce6                list_item_next
 .text.random_init
                0x00008cee        0x6 contiki-sky.a(random.o)
                0x00008cee                random_init
 .text.random_rand
                0x00008cf4        0x6 contiki-sky.a(random.o)
                0x00008cf4                random_rand
 .text.ringbuf_init
                0x00008cfa       0x14 contiki-sky.a(ringbuf.o)
                0x00008cfa                ringbuf_init
 .text.ringbuf_put
                0x00008d0e       0x3c contiki-sky.a(ringbuf.o)
                0x00008d0e                ringbuf_put
 .text.ringbuf_get
                0x00008d4a       0x32 contiki-sky.a(ringbuf.o)
                0x00008d4a                ringbuf_get
 .text.input_packet
                0x00008d7c        0x6 contiki-sky.a(csma.o)
 .text.on       0x00008d82        0x6 contiki-sky.a(csma.o)
 .text.off      0x00008d88        0x6 contiki-sky.a(csma.o)
 .text.channel_check_interval
                0x00008d8e        0xc contiki-sky.a(csma.o)
 .text.transmit_packet_list
                0x00008d9a       0x24 contiki-sky.a(csma.o)
 .text.send_packet
                0x00008dbe      0x164 contiki-sky.a(csma.o)
 .text.free_packet
                0x00008f22       0x90 contiki-sky.a(csma.o)
 .text.packet_sent
                0x00008fb2      0x128 contiki-sky.a(csma.o)
 .text.init     0x000090da       0x1a contiki-sky.a(csma.o)
 .text.mac_call_sent_callback
                0x000090f4       0x14 contiki-sky.a(mac.o)
                0x000090f4                mac_call_sent_callback
 .text.packetbuf_copyto_hdr
                0x00009108       0x1c contiki-sky.a(packetbuf.o)
                0x00009108                packetbuf_copyto_hdr
 .text.packetbuf_copyto
                0x00009124       0x52 contiki-sky.a(packetbuf.o)
                0x00009124                packetbuf_copyto
 .text.packetbuf_hdr_remove
                0x00009176        0x6 contiki-sky.a(packetbuf.o)
                0x00009176                packetbuf_hdr_remove
 .text.packetbuf_hdrreduce
                0x0000917c       0x1a contiki-sky.a(packetbuf.o)
                0x0000917c                packetbuf_hdrreduce
 .text.packetbuf_set_datalen
                0x00009196        0x6 contiki-sky.a(packetbuf.o)
                0x00009196                packetbuf_set_datalen
 .text.packetbuf_dataptr
                0x0000919c        0xa contiki-sky.a(packetbuf.o)
                0x0000919c                packetbuf_dataptr
 .text.packetbuf_hdrptr
                0x000091a6        0xa contiki-sky.a(packetbuf.o)
                0x000091a6                packetbuf_hdrptr
 .text.packetbuf_is_reference
                0x000091b0        0xe contiki-sky.a(packetbuf.o)
                0x000091b0                packetbuf_is_reference
 .text.packetbuf_compact
                0x000091be       0x48 contiki-sky.a(packetbuf.o)
                0x000091be                packetbuf_compact
 .text.packetbuf_reference_ptr
                0x00009206        0x6 contiki-sky.a(packetbuf.o)
                0x00009206                packetbuf_reference_ptr
 .text.packetbuf_datalen
                0x0000920c        0x6 contiki-sky.a(packetbuf.o)
                0x0000920c                packetbuf_datalen
 .text.packetbuf_totlen
                0x00009212       0x10 contiki-sky.a(packetbuf.o)
                0x00009212                packetbuf_totlen
 .text.packetbuf_hdralloc
                0x00009222       0x2e contiki-sky.a(packetbuf.o)
                0x00009222                packetbuf_hdralloc
 .text.packetbuf_attr_clear
                0x00009250       0x2e contiki-sky.a(packetbuf.o)
                0x00009250                packetbuf_attr_clear
 .text.packetbuf_clear
                0x0000927e       0x20 contiki-sky.a(packetbuf.o)
                0x0000927e                packetbuf_clear
 .text.packetbuf_copyfrom
                0x0000929e       0x2e contiki-sky.a(packetbuf.o)
                0x0000929e                packetbuf_copyfrom
 .text.packetbuf_attr_copyto
                0x000092cc       0x20 contiki-sky.a(packetbuf.o)
                0x000092cc                packetbuf_attr_copyto
 .text.packetbuf_attr_copyfrom
                0x000092ec       0x2c contiki-sky.a(packetbuf.o)
                0x000092ec                packetbuf_attr_copyfrom
 .text.queuebuf_init
                0x00009318       0x1a contiki-sky.a(queuebuf.o)
                0x00009318                queuebuf_init
 .text.queuebuf_new_from_packetbuf
                0x00009332       0x80 contiki-sky.a(queuebuf.o)
                0x00009332                queuebuf_new_from_packetbuf
 .text.queuebuf_update_attr_from_packetbuf
                0x000093b2       0x12 contiki-sky.a(queuebuf.o)
                0x000093b2                queuebuf_update_attr_from_packetbuf
 .text.queuebuf_free
                0x000093c4       0x46 contiki-sky.a(queuebuf.o)
                0x000093c4                queuebuf_free
 .text.queuebuf_to_packetbuf
                0x0000940a       0x70 contiki-sky.a(queuebuf.o)
                0x0000940a                queuebuf_to_packetbuf
 .text.queuebuf_attr
                0x0000947a        0xe contiki-sky.a(queuebuf.o)
                0x0000947a                queuebuf_attr
 .text.on       0x00009488       0x16 contiki-sky.a(contikimac.o)
 .text.off      0x0000949e       0x1e contiki-sky.a(contikimac.o)
 .text.recv_burst_off
                0x000094bc        0xa contiki-sky.a(contikimac.o)
 .text.turn_off
                0x000094c6       0x20 contiki-sky.a(contikimac.o)
 .text.duty_cycle
                0x000094e6        0x6 contiki-sky.a(contikimac.o)
 .text.turn_on  0x000094ec       0x30 contiki-sky.a(contikimac.o)
 .text.schedule_powercycle_fixed
                0x0000951c       0x40 contiki-sky.a(contikimac.o)
 .text.powercycle_turn_radio_off
                0x0000955c       0x2c contiki-sky.a(contikimac.o)
 .text.powercycle
                0x00009588      0x1c0 contiki-sky.a(contikimac.o)
 .text.input_packet
                0x00009748      0x118 contiki-sky.a(contikimac.o)
 .text.send_packet
                0x00009860      0x2e2 contiki-sky.a(contikimac.o)
 .text.qsend_list
                0x00009b42       0x86 contiki-sky.a(contikimac.o)
 .text.qsend_packet
                0x00009bc8       0x28 contiki-sky.a(contikimac.o)
 .text.init     0x00009bf0       0x2e contiki-sky.a(contikimac.o)
 .text.rimeaddr_copy
                0x00009c1e        0x6 contiki-sky.a(rimeaddr.o)
                0x00009c1e                rimeaddr_copy
 .text.rimeaddr_cmp
                0x00009c24       0x12 contiki-sky.a(rimeaddr.o)
                0x00009c24                rimeaddr_cmp
 .text.rimeaddr_set_node_addr
                0x00009c36        0xc contiki-sky.a(rimeaddr.o)
                0x00009c36                rimeaddr_set_node_addr
 .text.input    0x00009c42       0x3a contiki-sky.a(rime.o)
 .text.init     0x00009c7c       0x2e contiki-sky.a(rime.o)
 .text.packet_sent
                0x00009caa       0x44 contiki-sky.a(rime.o)
 .text.rime_output
                0x00009cee       0x20 contiki-sky.a(rime.o)
                0x00009cee                rime_output
 .text.announcement_init
                0x00009d0e        0xa contiki-sky.a(announcement.o)
                0x00009d0e                announcement_init
 .text.announcement_register_observer_callback
                0x00009d18        0x6 contiki-sky.a(announcement.o)
                0x00009d18                announcement_register_observer_callback
 .text.announcement_list
                0x00009d1e        0xa contiki-sky.a(announcement.o)
                0x00009d1e                announcement_list
 .text.announcement_heard
                0x00009d28       0x42 contiki-sky.a(announcement.o)
                0x00009d28                announcement_heard
 .text.adv_packet_sent
                0x00009d6a        0x2 contiki-sky.a(broadcast-annou)
 .text.adv_packet_received
                0x00009d6c       0x6c contiki-sky.a(broadcast-annou)
 .text.set_timers
                0x00009dd8       0x60 contiki-sky.a(broadcast-annou)
 .text.new_announcement
                0x00009e38       0x18 contiki-sky.a(broadcast-annou)
 .text.send_timer
                0x00009e50       0x38 contiki-sky.a(broadcast-annou)
 .text.send_adv
                0x00009e88       0x66 contiki-sky.a(broadcast-annou)
 .text.broadcast_announcement_init
                0x00009eee       0x48 contiki-sky.a(broadcast-annou)
                0x00009eee                broadcast_announcement_init
 .text.sent_by_abc
                0x00009f36       0x10 contiki-sky.a(broadcast.o)
 .text.recv_from_abc
                0x00009f46       0x26 contiki-sky.a(broadcast.o)
 .text.broadcast_open
                0x00009f6c       0x2a contiki-sky.a(broadcast.o)
                0x00009f6c                broadcast_open
 .text.broadcast_send
                0x00009f96       0x1a contiki-sky.a(broadcast.o)
                0x00009f96                broadcast_send
 .text.abc_open
                0x00009fb0       0x26 contiki-sky.a(abc.o)
                0x00009fb0                abc_open
 .text.abc_send
                0x00009fd6        0x6 contiki-sky.a(abc.o)
                0x00009fd6                abc_send
 .text.abc_input
                0x00009fdc        0xe contiki-sky.a(abc.o)
                0x00009fdc                abc_input
 .text.abc_sent
                0x00009fea       0x10 contiki-sky.a(abc.o)
                0x00009fea                abc_sent
 .text.chameleon_init
                0x00009ffa        0x6 contiki-sky.a(chameleon.o)
                0x00009ffa                chameleon_init
 .text.chameleon_parse
                0x0000a000       0x10 contiki-sky.a(chameleon.o)
                0x0000a000                chameleon_parse
 .text.chameleon_create
                0x0000a010       0x1c contiki-sky.a(chameleon.o)
                0x0000a010                chameleon_create
 .text.chameleon_hdrsize
                0x0000a02c        0x6 contiki-sky.a(chameleon.o)
                0x0000a02c                chameleon_hdrsize
 .text.channel_init
                0x0000a032        0xa contiki-sky.a(channel.o)
                0x0000a032                channel_init
 .text.channel_open
                0x0000a03c       0x10 contiki-sky.a(channel.o)
                0x0000a03c                channel_open
 .text.channel_lookup
                0x0000a04c       0x20 contiki-sky.a(channel.o)
                0x0000a04c                channel_lookup
 .text.channel_set_attributes
                0x0000a06c       0x24 contiki-sky.a(channel.o)
                0x0000a06c                channel_set_attributes
 .text.header_size
                0x0000a090       0x16 contiki-sky.a(chameleon-bitop)
 .text.get_bits_in_byte
                0x0000a0a6       0x30 contiki-sky.a(chameleon-bitop)
                0x0000a0a6                get_bits_in_byte
 .text.get_bits
                0x0000a0d6       0xaa contiki-sky.a(chameleon-bitop)
                0x0000a0d6                get_bits
 .text.unpack_header
                0x0000a180       0xde contiki-sky.a(chameleon-bitop)
 .text.set_bits_in_byte
                0x0000a25e       0x26 contiki-sky.a(chameleon-bitop)
                0x0000a25e                set_bits_in_byte
 .text.set_bits
                0x0000a284       0xb0 contiki-sky.a(chameleon-bitop)
                0x0000a284                set_bits
 .text.pack_header
                0x0000a334       0xb8 contiki-sky.a(chameleon-bitop)
 .text.spi_init
                0x0000a3ec       0x32 contiki-sky.a(spi.o)
                0x0000a3ec                spi_init
 .text.compower_accumulate
                0x0000a41e       0x72 contiki-sky.a(compower.o)
                0x0000a41e                compower_accumulate
 .text.compower_clear
                0x0000a490       0x12 contiki-sky.a(compower.o)
                0x0000a490                compower_clear
 .text.compower_attrconv
                0x0000a4a2       0x10 contiki-sky.a(compower.o)
                0x0000a4a2                compower_attrconv
 .text.memb_init
                0x0000a4b2       0x36 contiki-sky.a(memb.o)
                0x0000a4b2                memb_init
 .text.memb_alloc
                0x0000a4e8       0x3e contiki-sky.a(memb.o)
                0x0000a4e8                memb_alloc
 .text.memb_free
                0x0000a526       0x3a contiki-sky.a(memb.o)
                0x0000a526                memb_free
 .text.memb_inmemb
                0x0000a560       0x2e contiki-sky.a(memb.o)
                0x0000a560                memb_inmemb
 .text.parse    0x0000a58e       0xa8 contiki-sky.a(framer-802154.o)
 .text.create   0x0000a636      0x106 contiki-sky.a(framer-802154.o)
 .text.send_packet
                0x0000a73c       0x44 contiki-sky.a(phase.o)
 .text.phase_update
                0x0000a780       0x90 contiki-sky.a(phase.o)
                0x0000a780                phase_update
 .text.phase_wait
                0x0000a810      0x112 contiki-sky.a(phase.o)
                0x0000a810                phase_wait
 .text.phase_init
                0x0000a922       0x14 contiki-sky.a(phase.o)
                0x0000a922                phase_init
 .text.index_from_key
                0x0000a936       0x34 contiki-sky.a(nbr-table.o)
 .text.item_from_key
                0x0000a96a       0x38 contiki-sky.a(nbr-table.o)
 .text.nbr_set_bit
                0x0000a9a2       0x6e contiki-sky.a(nbr-table.o)
 .text.index_from_lladdr
                0x0000aa10       0x42 contiki-sky.a(nbr-table.o)
 .text.nbr_get_bit.clone.0
                0x0000aa52       0x40 contiki-sky.a(nbr-table.o)
 .text.nbr_table_register
                0x0000aa92       0x26 contiki-sky.a(nbr-table.o)
                0x0000aa92                nbr_table_register
 .text.nbr_table_add_lladdr
                0x0000aab8      0x13e contiki-sky.a(nbr-table.o)
                0x0000aab8                nbr_table_add_lladdr
 .text.nbr_table_get_from_lladdr
                0x0000abf6       0x4c contiki-sky.a(nbr-table.o)
                0x0000abf6                nbr_table_get_from_lladdr
 .text.nbr_table_remove
                0x0000ac42       0x32 contiki-sky.a(nbr-table.o)
                0x0000ac42                nbr_table_remove
 .text.field_len
                0x0000ac74       0x98 contiki-sky.a(frame802154.o)
 .text.frame802154_hdrlen
                0x0000ad0c       0x2e contiki-sky.a(frame802154.o)
                0x0000ad0c                frame802154_hdrlen
 .text.frame802154_create
                0x0000ad3a      0x16c contiki-sky.a(frame802154.o)
                0x0000ad3a                frame802154_create
 .text.frame802154_parse
                0x0000aea6      0x19e contiki-sky.a(frame802154.o)
                0x0000aea6                frame802154_parse
 .text.libgcc   0x0000b044       0x20 /usr/lib/gcc/msp430/4.5.3/mmpy-16/libgcc.a(_mulsi3.o)
                0x0000b044                __mulsi3
 .text.libgcc   0x0000b064       0x1c /usr/lib/gcc/msp430/4.5.3/mmpy-16/libgcc.a(_udivmodhi4.o)
                0x0000b064                __udivmodhi4
 .text.libgcc   0x0000b080       0x36 /usr/lib/gcc/msp430/4.5.3/mmpy-16/libgcc.a(_divmodhi4.o)
                0x0000b080                __divmodhi4
 .text.libgcc   0x0000b0b6       0x2a /usr/lib/gcc/msp430/4.5.3/mmpy-16/libgcc.a(_udivmodsi4.o)
                0x0000b0b6                __udivmodsi4
 .text.crt0     0x0000b0e0        0x2 /usr/lib/gcc/msp430/4.5.3/mmpy-16/libcrt0.a(_unexpected_.o)
                0x0000b0e0                _unexpected_

.rodata         0x0000b0e2        0x0
                0x0000b0e2                . = ALIGN (0x2)
 *(.rodata .rodata.* .gnu.linkonce.r.*)
                0x0000b0e2                . = ALIGN (0x2)
                0x0000b0e2                _etext = .

.data           0x00001100       0xa2 load address 0x0000b0e2
                0x00001100                . = ALIGN (0x2)
                0x00001100                PROVIDE (__data_start, .)
 *(.data)
 .data          0x00001100       0x14 glossy-test.co
                0x00001100                glossy_print_stats_process
                0x0000110a                glossy_test
 .data          0x00001114        0x4 contiki-sky.a(contiki-sky-pla)
                0x00001114                sensors
 .data          0x00001118        0xa contiki-sky.a(sensors.o)
                0x00001118                sensors_process
 .data          0x00001122        0xa contiki-sky.a(cc2420.o)
                0x00001122                cc2420_process
 .data          0x0000112c        0x2 contiki-sky.a(msp430.o)
 .data          0x0000112e        0xa contiki-sky.a(ctimer.o)
                0x0000112e                ctimer_process
 .data          0x00001138        0xa contiki-sky.a(etimer.o)
                0x00001138                etimer_process
 .data          0x00001142        0xa contiki-sky.a(glossy.o)
                0x00001142                glossy_process
 .data          0x0000114c        0xa contiki-sky.a(serial-line.o)
                0x0000114c                serial_line_process
 .data          0x00001156       0x18 contiki-sky.a(csma.o)
 .data          0x0000116e       0x18 contiki-sky.a(queuebuf.o)
 .data          0x00001186       0x10 contiki-sky.a(phase.o)
 .data          0x00001196        0x8 contiki-sky.a(nbr-table.o)
 .data          0x0000119e        0x4 /usr/lib/gcc/msp430/4.5.3/../../../../msp430/lib/mmpy-16/libc.a(rand.o)
 *(SORT(.data.*))
                0x000011a2                . = ALIGN (0x2)
 *(.gnu.linkonce.d*)
                0x000011a2                . = ALIGN (0x2)
                0x000011a2                _edata = .
                0x0000b0e2                PROVIDE (__data_load_start, LOADADDR (.data))
                0x000000a2                PROVIDE (__data_size, SIZEOF (.data))

.bss            0x000011a2     0x13ec load address 0x0000b184
                0x000011a2                PROVIDE (__bss_start, .)
 *(.bss)
 .bss           0x000011a2       0x26 glossy-test.co
 .bss           0x000011c8        0xc obj_sky/contiki-sky-main.o
 .bss           0x000011d4        0x8 contiki-sky.a(button-sensor.o)
 .bss           0x000011dc        0x2 contiki-sky.a(node-id.o)
                0x000011dc                node_id
 .bss           0x000011de        0x6 contiki-sky.a(sensors.o)
 .bss           0x000011e4        0xa contiki-sky.a(cc2420.o)
 .bss           0x000011ee       0x9a contiki-sky.a(uart1.o)
 .bss           0x00001288        0xa contiki-sky.a(clock.o)
 .bss           0x00001292        0x1 contiki-sky.a(leds.o)
 *fill*         0x00001293        0x1 00
 .bss           0x00001294        0x2 contiki-sky.a(watchdog.o)
 .bss           0x00001296        0x4 contiki-sky.a(ctimer.o)
 .bss           0x0000129a        0x6 contiki-sky.a(etimer.o)
 .bss           0x000012a0       0x42 contiki-sky.a(process.o)
                0x000012a0                process_list
                0x000012a2                process_current
 .bss           0x000012e2        0x2 contiki-sky.a(rtimer.o)
 .bss           0x000012e4       0x4e contiki-sky.a(glossy.o)
 .bss           0x00001332      0x10a contiki-sky.a(serial-line.o)
 .bss           0x0000143c      0x126 contiki-sky.a(csma.o)
 .bss           0x00001562       0xba contiki-sky.a(packetbuf.o)
 .bss           0x0000161c      0xc4e contiki-sky.a(queuebuf.o)
 .bss           0x0000226a       0x78 contiki-sky.a(contikimac.o)
 .bss           0x000022e2        0x2 contiki-sky.a(rime.o)
 .bss           0x000022e4        0x6 contiki-sky.a(announcement.o)
 .bss           0x000022ea       0x46 contiki-sky.a(broadcast-annou)
 .bss           0x00002330        0x2 contiki-sky.a(channel.o)
 .bss           0x00002332        0x8 contiki-sky.a(compower.o)
 .bss           0x0000233a        0x2 contiki-sky.a(framer-802154.o)
 .bss           0x0000233c      0x148 contiki-sky.a(phase.o)
 .bss           0x00002484       0x4c contiki-sky.a(nbr-table.o)
 .bss           0x000024d0        0x1 /usr/lib/gcc/msp430/4.5.3/../../../../msp430/lib/mmpy-16/libc.a(malloc.o)
 *(SORT(.bss.*))
 *(COMMON)
 *fill*         0x000024d1        0x1 00
 COMMON         0x000024d2        0x2 contiki-sky.a(contiki-sky-pla)
                0x000024d2                sensors_flags
 COMMON         0x000024d4        0x8 contiki-sky.a(ds2411.o)
                0x000024d4                ds2411_id
 COMMON         0x000024dc        0x1 contiki-sky.a(sensors.o)
                0x000024dc                sensors_event
 *fill*         0x000024dd        0x1 00
 COMMON         0x000024de       0x14 contiki-sky.a(cc2420.o)
                0x000024de                cc2420_last_rssi
                0x000024e0                cc2420_packets_read
                0x000024e2                cc2420_packets_seen
                0x000024e4                cc2420_sfd_start_time
                0x000024e6                cc2420_time_of_departure
                0x000024e8                cc2420_time_of_arrival
                0x000024ea                cc2420_last_correlation
                0x000024ec                cc2420_authority_level_of_sender
                0x000024ee                cc2420_sfd_counter
                0x000024f0                cc2420_sfd_end_time
 COMMON         0x000024f2        0x2 contiki-sky.a(msp430.o)
                0x000024f2                msp430_dco_required
 COMMON         0x000024f4       0x56 contiki-sky.a(energest.o)
                0x000024f4                energest_total_time
                0x00002524                energest_total_count
                0x00002526                energest_current_mode
                0x00002532                energest_current_time
 COMMON         0x0000254a        0x1 contiki-sky.a(process.o)
                0x0000254a                process_maxevents
 COMMON         0x0000254b        0x1 contiki-sky.a(serial-line.o)
                0x0000254b                serial_line_event_message
 COMMON         0x0000254c       0x38 contiki-sky.a(packetbuf.o)
                0x0000254c                packetbuf_addrs
                0x00002554                packetbuf_attrs
 COMMON         0x00002584        0x2 contiki-sky.a(rimeaddr.o)
                0x00002584                rimeaddr_node_addr
 COMMON         0x00002586        0x8 contiki-sky.a(compower.o)
                0x00002586                compower_idle_activity
                0x0000258e                PROVIDE (__bss_end, .)
                0x0000258e                _end = .
                0x000013ec                PROVIDE (__bss_size, SIZEOF (.bss))

.noinit         0x0000258e        0x0 load address 0x0000b184
                0x0000258e                PROVIDE (__noinit_start, .)
 *(.noinit)
 *(.noinit.*)
 *(COMMON)
                0x0000258e                PROVIDE (__noinit_end, .)
                0x0000258e                _end = .

.infomem        0x00001000        0x0
 *(.infomem)
                0x00001000                . = ALIGN (0x2)
 *(.infomem.*)

.infomemnobits  0x00001000        0x0
                0x00001000                . = ALIGN (0x2)
 *(.infomemnobits)
                0x00001000                . = ALIGN (0x2)
 *(.infomemnobits.*)

.vectors        0x0000ffe0       0x20
                0x0000ffe0                PROVIDE (__vectors_start, .)
 *(.vectors*)
 .vectors       0x0000ffe0       0x20 /usr/lib/gcc/msp430/4.5.3/mmpy-16/crt0ivtbl16.o
                0x0000ffe0                __ivtbl_16
                0x00010000                _vectors_end = .

.fartext        0x00000000        0x0
                0x00000000                . = ALIGN (0x2)
 *(.fartext)
                0x00000000                . = ALIGN (0x2)
 *(.fartext.*)
                0x00000000                _efartext = .

.profiler
 *(.profiler)

.stab           0x00000000     0x41dc
 *(.stab)
 .stab          0x00000000      0x4bc contiki-sky.a(node-id.o)
 .stab          0x000004bc      0x5dc contiki-sky.a(leds.o)
                                0x804 (size before relaxing)
 .stab          0x00000a98      0x420 contiki-sky.a(energest.o)
                                0x6a8 (size before relaxing)
 .stab          0x00000eb8      0x348 contiki-sky.a(timer.o)
                                0x570 (size before relaxing)
 .stab          0x00001200     0x2004 contiki-sky.a(glossy.o)
                               0x2268 (size before relaxing)
 .stab          0x00003204      0x804 contiki-sky.a(list.o)
                                0x810 (size before relaxing)
 .stab          0x00003a08      0x384 contiki-sky.a(random.o)
                                0x600 (size before relaxing)
 .stab          0x00003d8c      0x270 contiki-sky.a(mac.o)
                                0x4c8 (size before relaxing)
 .stab          0x00003ffc      0x1e0 contiki-sky.a(spi.o)
                                0x408 (size before relaxing)

.stabstr        0x00000000     0x3388
 *(.stabstr)
 .stabstr       0x00000000     0x3388 contiki-sky.a(node-id.o)

.stab.excl
 *(.stab.excl)

.stab.exclstr
 *(.stab.exclstr)

.stab.index
 *(.stab.index)

.stab.indexstr
 *(.stab.indexstr)

.comment
 *(.comment)

.debug
 *(.debug)

.line
 *(.line)

.debug_srcinfo
 *(.debug_srcinfo)

.debug_sfnames
 *(.debug_sfnames)

.debug_aranges  0x00000000      0x244
 *(.debug_aranges)
 .debug_aranges
                0x00000000       0x14 /usr/lib/gcc/msp430/4.5.3/mmpy-16/libgcc.a(_mulsi3.o)
 .debug_aranges
                0x00000014       0x14 /usr/lib/gcc/msp430/4.5.3/mmpy-16/libgcc.a(_udivmodhi4.o)
 .debug_aranges
                0x00000028       0x14 /usr/lib/gcc/msp430/4.5.3/mmpy-16/libgcc.a(_divmodhi4.o)
 .debug_aranges
                0x0000003c       0x14 /usr/lib/gcc/msp430/4.5.3/mmpy-16/libgcc.a(_udivmodsi4.o)
 .debug_aranges
                0x00000050       0x14 /usr/lib/gcc/msp430/4.5.3/mmpy-16/libgcc.a(_fixunssfsi.o)
 .debug_aranges
                0x00000064       0x14 /usr/lib/gcc/msp430/4.5.3/mmpy-16/libgcc.a(_addsub_sf.o)
 .debug_aranges
                0x00000078       0x14 /usr/lib/gcc/msp430/4.5.3/mmpy-16/libgcc.a(_mul_sf.o)
 .debug_aranges
                0x0000008c       0x14 /usr/lib/gcc/msp430/4.5.3/mmpy-16/libgcc.a(_div_sf.o)
 .debug_aranges
                0x000000a0       0x14 /usr/lib/gcc/msp430/4.5.3/mmpy-16/libgcc.a(_ge_sf.o)
 .debug_aranges
                0x000000b4       0x14 /usr/lib/gcc/msp430/4.5.3/mmpy-16/libgcc.a(_sf_to_si.o)
 .debug_aranges
                0x000000c8       0x14 /usr/lib/gcc/msp430/4.5.3/mmpy-16/libgcc.a(_usi_to_sf.o)
 .debug_aranges
                0x000000dc       0x14 /usr/lib/gcc/msp430/4.5.3/mmpy-16/libgcc.a(_clzsi2.o)
 .debug_aranges
                0x000000f0       0x14 /usr/lib/gcc/msp430/4.5.3/mmpy-16/libgcc.a(_pack_sf.o)
 .debug_aranges
                0x00000104       0x14 /usr/lib/gcc/msp430/4.5.3/mmpy-16/libgcc.a(_unpack_sf.o)
 .debug_aranges
                0x00000118       0x14 /usr/lib/gcc/msp430/4.5.3/mmpy-16/libgcc.a(_fpcmp_parts_sf.o)
 .debug_aranges
                0x0000012c       0x14 /usr/lib/gcc/msp430/4.5.3/../../../../msp430/lib/mmpy-16/libc.a(memcmp.o)
 .debug_aranges
                0x00000140       0x14 /usr/lib/gcc/msp430/4.5.3/../../../../msp430/lib/mmpy-16/libc.a(memcpy.o)
 .debug_aranges
                0x00000154       0x14 /usr/lib/gcc/msp430/4.5.3/../../../../msp430/lib/mmpy-16/libc.a(memset.o)
 .debug_aranges
                0x00000168       0x14 /usr/lib/gcc/msp430/4.5.3/../../../../msp430/lib/mmpy-16/libc.a(malloc.o)
 .debug_aranges
                0x0000017c       0x14 /usr/lib/gcc/msp430/4.5.3/../../../../msp430/lib/mmpy-16/libc.a(printf.o)
 .debug_aranges
                0x00000190       0x14 /usr/lib/gcc/msp430/4.5.3/../../../../msp430/lib/mmpy-16/libc.a(vuprintf.o)
 .debug_aranges
                0x000001a4       0x14 /usr/lib/gcc/msp430/4.5.3/../../../../msp430/lib/mmpy-16/libc.a(puts.o)
 .debug_aranges
                0x000001b8       0x14 /usr/lib/gcc/msp430/4.5.3/../../../../msp430/lib/mmpy-16/libc.a(rand.o)
 .debug_aranges
                0x000001cc       0x14 /usr/lib/gcc/msp430/4.5.3/mmpy-16/libcrt0.a(__init_stack.o)
 .debug_aranges
                0x000001e0       0x14 /usr/lib/gcc/msp430/4.5.3/mmpy-16/libcrt0.a(__low_level_init.o)
 .debug_aranges
                0x000001f4       0x14 /usr/lib/gcc/msp430/4.5.3/mmpy-16/libcrt0.a(_copy_data.o)
 .debug_aranges
                0x00000208       0x14 /usr/lib/gcc/msp430/4.5.3/mmpy-16/libcrt0.a(_clear_bss.o)
 .debug_aranges
                0x0000021c       0x14 /usr/lib/gcc/msp430/4.5.3/mmpy-16/libcrt0.a(_endless_loop__.o)
 .debug_aranges
                0x00000230       0x14 /usr/lib/gcc/msp430/4.5.3/mmpy-16/libcrt0.a(_unexpected_.o)

.debug_pubnames
                0x00000000      0x2c6
 *(.debug_pubnames)
 .debug_pubnames
                0x00000000       0x23 /usr/lib/gcc/msp430/4.5.3/mmpy-16/libgcc.a(_fixunssfsi.o)
 .debug_pubnames
                0x00000023       0x2c /usr/lib/gcc/msp430/4.5.3/mmpy-16/libgcc.a(_addsub_sf.o)
 .debug_pubnames
                0x0000004f       0x1f /usr/lib/gcc/msp430/4.5.3/mmpy-16/libgcc.a(_mul_sf.o)
 .debug_pubnames
                0x0000006e       0x1f /usr/lib/gcc/msp430/4.5.3/mmpy-16/libgcc.a(_div_sf.o)
 .debug_pubnames
                0x0000008d       0x1e /usr/lib/gcc/msp430/4.5.3/mmpy-16/libgcc.a(_ge_sf.o)
 .debug_pubnames
                0x000000ab       0x20 /usr/lib/gcc/msp430/4.5.3/mmpy-16/libgcc.a(_sf_to_si.o)
 .debug_pubnames
                0x000000cb       0x22 /usr/lib/gcc/msp430/4.5.3/mmpy-16/libgcc.a(_thenan_sf.o)
 .debug_pubnames
                0x000000ed       0x24 /usr/lib/gcc/msp430/4.5.3/mmpy-16/libgcc.a(_usi_to_sf.o)
 .debug_pubnames
                0x00000111       0x1f /usr/lib/gcc/msp430/4.5.3/mmpy-16/libgcc.a(_clzsi2.o)
 .debug_pubnames
                0x00000130       0x1f /usr/lib/gcc/msp430/4.5.3/mmpy-16/libgcc.a(_pack_sf.o)
 .debug_pubnames
                0x0000014f       0x21 /usr/lib/gcc/msp430/4.5.3/mmpy-16/libgcc.a(_unpack_sf.o)
 .debug_pubnames
                0x00000170       0x26 /usr/lib/gcc/msp430/4.5.3/mmpy-16/libgcc.a(_fpcmp_parts_sf.o)
 .debug_pubnames
                0x00000196       0x20 /usr/lib/gcc/msp430/4.5.3/mmpy-16/libgcc.a(_clz.o)
 .debug_pubnames
                0x000001b6       0x1d /usr/lib/gcc/msp430/4.5.3/../../../../msp430/lib/mmpy-16/libc.a(memcmp.o)
 .debug_pubnames
                0x000001d3       0x1d /usr/lib/gcc/msp430/4.5.3/../../../../msp430/lib/mmpy-16/libc.a(memcpy.o)
 .debug_pubnames
                0x000001f0       0x1d /usr/lib/gcc/msp430/4.5.3/../../../../msp430/lib/mmpy-16/libc.a(memset.o)
 .debug_pubnames
                0x0000020d       0x26 /usr/lib/gcc/msp430/4.5.3/../../../../msp430/lib/mmpy-16/libc.a(malloc.o)
 .debug_pubnames
                0x00000233       0x29 /usr/lib/gcc/msp430/4.5.3/../../../../msp430/lib/mmpy-16/libc.a(printf.o)
 .debug_pubnames
                0x0000025c       0x1f /usr/lib/gcc/msp430/4.5.3/../../../../msp430/lib/mmpy-16/libc.a(vuprintf.o)
 .debug_pubnames
                0x0000027b       0x1b /usr/lib/gcc/msp430/4.5.3/../../../../msp430/lib/mmpy-16/libc.a(puts.o)
 .debug_pubnames
                0x00000296       0x30 /usr/lib/gcc/msp430/4.5.3/../../../../msp430/lib/mmpy-16/libc.a(rand.o)

.debug_info     0x00000000     0x2fbf
 *(.debug_info)
 .debug_info    0x00000000       0xd7 /usr/lib/gcc/msp430/4.5.3/mmpy-16/libgcc.a(_mulsi3.o)
 .debug_info    0x000000d7       0xd7 /usr/lib/gcc/msp430/4.5.3/mmpy-16/libgcc.a(_udivmodhi4.o)
 .debug_info    0x000001ae       0xd7 /usr/lib/gcc/msp430/4.5.3/mmpy-16/libgcc.a(_divmodhi4.o)
 .debug_info    0x00000285       0xd7 /usr/lib/gcc/msp430/4.5.3/mmpy-16/libgcc.a(_udivmodsi4.o)
 .debug_info    0x0000035c       0xae /usr/lib/gcc/msp430/4.5.3/mmpy-16/libgcc.a(_fixunssfsi.o)
 .debug_info    0x0000040a      0x432 /usr/lib/gcc/msp430/4.5.3/mmpy-16/libgcc.a(_addsub_sf.o)
 .debug_info    0x0000083c      0x3d6 /usr/lib/gcc/msp430/4.5.3/mmpy-16/libgcc.a(_mul_sf.o)
 .debug_info    0x00000c12      0x369 /usr/lib/gcc/msp430/4.5.3/mmpy-16/libgcc.a(_div_sf.o)
 .debug_info    0x00000f7b      0x27b /usr/lib/gcc/msp430/4.5.3/mmpy-16/libgcc.a(_ge_sf.o)
 .debug_info    0x000011f6      0x296 /usr/lib/gcc/msp430/4.5.3/mmpy-16/libgcc.a(_sf_to_si.o)
 .debug_info    0x0000148c      0x151 /usr/lib/gcc/msp430/4.5.3/mmpy-16/libgcc.a(_thenan_sf.o)
 .debug_info    0x000015dd      0x217 /usr/lib/gcc/msp430/4.5.3/mmpy-16/libgcc.a(_usi_to_sf.o)
 .debug_info    0x000017f4      0x115 /usr/lib/gcc/msp430/4.5.3/mmpy-16/libgcc.a(_clzsi2.o)
 .debug_info    0x00001909      0x2c2 /usr/lib/gcc/msp430/4.5.3/mmpy-16/libgcc.a(_pack_sf.o)
 .debug_info    0x00001bcb      0x24d /usr/lib/gcc/msp430/4.5.3/mmpy-16/libgcc.a(_unpack_sf.o)
 .debug_info    0x00001e18      0x1e2 /usr/lib/gcc/msp430/4.5.3/mmpy-16/libgcc.a(_fpcmp_parts_sf.o)
 .debug_info    0x00001ffa       0x99 /usr/lib/gcc/msp430/4.5.3/mmpy-16/libgcc.a(_clz.o)
 .debug_info    0x00002093       0xe2 /usr/lib/gcc/msp430/4.5.3/../../../../msp430/lib/mmpy-16/libc.a(memcmp.o)
 .debug_info    0x00002175      0x113 /usr/lib/gcc/msp430/4.5.3/../../../../msp430/lib/mmpy-16/libc.a(memcpy.o)
 .debug_info    0x00002288       0xfe /usr/lib/gcc/msp430/4.5.3/../../../../msp430/lib/mmpy-16/libc.a(memset.o)
 .debug_info    0x00002386      0x15e /usr/lib/gcc/msp430/4.5.3/../../../../msp430/lib/mmpy-16/libc.a(malloc.o)
 .debug_info    0x000024e4      0x103 /usr/lib/gcc/msp430/4.5.3/../../../../msp430/lib/mmpy-16/libc.a(printf.o)
 .debug_info    0x000025e7      0x3b5 /usr/lib/gcc/msp430/4.5.3/../../../../msp430/lib/mmpy-16/libc.a(vuprintf.o)
 .debug_info    0x0000299c       0x96 /usr/lib/gcc/msp430/4.5.3/../../../../msp430/lib/mmpy-16/libc.a(puts.o)
 .debug_info    0x00002a32      0x137 /usr/lib/gcc/msp430/4.5.3/../../../../msp430/lib/mmpy-16/libc.a(rand.o)
 .debug_info    0x00002b69       0xb9 /usr/lib/gcc/msp430/4.5.3/mmpy-16/libcrt0.a(__init_stack.o)
 .debug_info    0x00002c22       0xb9 /usr/lib/gcc/msp430/4.5.3/mmpy-16/libcrt0.a(__low_level_init.o)
 .debug_info    0x00002cdb       0xb9 /usr/lib/gcc/msp430/4.5.3/mmpy-16/libcrt0.a(_copy_data.o)
 .debug_info    0x00002d94       0xb9 /usr/lib/gcc/msp430/4.5.3/mmpy-16/libcrt0.a(_clear_bss.o)
 .debug_info    0x00002e4d       0xb9 /usr/lib/gcc/msp430/4.5.3/mmpy-16/libcrt0.a(_endless_loop__.o)
 .debug_info    0x00002f06       0xb9 /usr/lib/gcc/msp430/4.5.3/mmpy-16/libcrt0.a(_unexpected_.o)
 *(.gnu.linkonce.wi.*)

.debug_abbrev   0x00000000     0x16c8
 *(.debug_abbrev)
 .debug_abbrev  0x00000000       0x14 /usr/lib/gcc/msp430/4.5.3/mmpy-16/libgcc.a(_mulsi3.o)
 .debug_abbrev  0x00000014       0x14 /usr/lib/gcc/msp430/4.5.3/mmpy-16/libgcc.a(_udivmodhi4.o)
 .debug_abbrev  0x00000028       0x14 /usr/lib/gcc/msp430/4.5.3/mmpy-16/libgcc.a(_divmodhi4.o)
 .debug_abbrev  0x0000003c       0x14 /usr/lib/gcc/msp430/4.5.3/mmpy-16/libgcc.a(_udivmodsi4.o)
 .debug_abbrev  0x00000050       0x5d /usr/lib/gcc/msp430/4.5.3/mmpy-16/libgcc.a(_fixunssfsi.o)
 .debug_abbrev  0x000000ad      0x1ab /usr/lib/gcc/msp430/4.5.3/mmpy-16/libgcc.a(_addsub_sf.o)
 .debug_abbrev  0x00000258      0x1d9 /usr/lib/gcc/msp430/4.5.3/mmpy-16/libgcc.a(_mul_sf.o)
 .debug_abbrev  0x00000431      0x1c4 /usr/lib/gcc/msp430/4.5.3/mmpy-16/libgcc.a(_div_sf.o)
 .debug_abbrev  0x000005f5      0x151 /usr/lib/gcc/msp430/4.5.3/mmpy-16/libgcc.a(_ge_sf.o)
 .debug_abbrev  0x00000746      0x160 /usr/lib/gcc/msp430/4.5.3/mmpy-16/libgcc.a(_sf_to_si.o)
 .debug_abbrev  0x000008a6       0xcb /usr/lib/gcc/msp430/4.5.3/mmpy-16/libgcc.a(_thenan_sf.o)
 .debug_abbrev  0x00000971      0x16d /usr/lib/gcc/msp430/4.5.3/mmpy-16/libgcc.a(_usi_to_sf.o)
 .debug_abbrev  0x00000ade       0xbd /usr/lib/gcc/msp430/4.5.3/mmpy-16/libgcc.a(_clzsi2.o)
 .debug_abbrev  0x00000b9b      0x183 /usr/lib/gcc/msp430/4.5.3/mmpy-16/libgcc.a(_pack_sf.o)
 .debug_abbrev  0x00000d1e      0x14b /usr/lib/gcc/msp430/4.5.3/mmpy-16/libgcc.a(_unpack_sf.o)
 .debug_abbrev  0x00000e69      0x10b /usr/lib/gcc/msp430/4.5.3/mmpy-16/libgcc.a(_fpcmp_parts_sf.o)
 .debug_abbrev  0x00000f74       0x61 /usr/lib/gcc/msp430/4.5.3/mmpy-16/libgcc.a(_clz.o)
 .debug_abbrev  0x00000fd5       0x8a /usr/lib/gcc/msp430/4.5.3/../../../../msp430/lib/mmpy-16/libc.a(memcmp.o)
 .debug_abbrev  0x0000105f       0x97 /usr/lib/gcc/msp430/4.5.3/../../../../msp430/lib/mmpy-16/libc.a(memcpy.o)
 .debug_abbrev  0x000010f6       0x8d /usr/lib/gcc/msp430/4.5.3/../../../../msp430/lib/mmpy-16/libc.a(memset.o)
 .debug_abbrev  0x00001183       0xf8 /usr/lib/gcc/msp430/4.5.3/../../../../msp430/lib/mmpy-16/libc.a(malloc.o)
 .debug_abbrev  0x0000127b       0xce /usr/lib/gcc/msp430/4.5.3/../../../../msp430/lib/mmpy-16/libc.a(printf.o)
 .debug_abbrev  0x00001349      0x1cb /usr/lib/gcc/msp430/4.5.3/../../../../msp430/lib/mmpy-16/libc.a(vuprintf.o)
 .debug_abbrev  0x00001514       0x60 /usr/lib/gcc/msp430/4.5.3/../../../../msp430/lib/mmpy-16/libc.a(puts.o)
 .debug_abbrev  0x00001574       0xdc /usr/lib/gcc/msp430/4.5.3/../../../../msp430/lib/mmpy-16/libc.a(rand.o)
 .debug_abbrev  0x00001650       0x14 /usr/lib/gcc/msp430/4.5.3/mmpy-16/libcrt0.a(__init_stack.o)
 .debug_abbrev  0x00001664       0x14 /usr/lib/gcc/msp430/4.5.3/mmpy-16/libcrt0.a(__low_level_init.o)
 .debug_abbrev  0x00001678       0x14 /usr/lib/gcc/msp430/4.5.3/mmpy-16/libcrt0.a(_copy_data.o)
 .debug_abbrev  0x0000168c       0x14 /usr/lib/gcc/msp430/4.5.3/mmpy-16/libcrt0.a(_clear_bss.o)
 .debug_abbrev  0x000016a0       0x14 /usr/lib/gcc/msp430/4.5.3/mmpy-16/libcrt0.a(_endless_loop__.o)
 .debug_abbrev  0x000016b4       0x14 /usr/lib/gcc/msp430/4.5.3/mmpy-16/libcrt0.a(_unexpected_.o)

.debug_line     0x00000000     0x1609
 *(.debug_line)
 .debug_line    0x00000000       0x9d /usr/lib/gcc/msp430/4.5.3/mmpy-16/libgcc.a(_mulsi3.o)
 .debug_line    0x0000009d       0x9a /usr/lib/gcc/msp430/4.5.3/mmpy-16/libgcc.a(_udivmodhi4.o)
 .debug_line    0x00000137       0xa5 /usr/lib/gcc/msp430/4.5.3/mmpy-16/libgcc.a(_divmodhi4.o)
 .debug_line    0x000001dc       0xa1 /usr/lib/gcc/msp430/4.5.3/mmpy-16/libgcc.a(_udivmodsi4.o)
 .debug_line    0x0000027d       0x94 /usr/lib/gcc/msp430/4.5.3/mmpy-16/libgcc.a(_fixunssfsi.o)
 .debug_line    0x00000311      0x144 /usr/lib/gcc/msp430/4.5.3/mmpy-16/libgcc.a(_addsub_sf.o)
 .debug_line    0x00000455      0x13d /usr/lib/gcc/msp430/4.5.3/mmpy-16/libgcc.a(_mul_sf.o)
 .debug_line    0x00000592      0x102 /usr/lib/gcc/msp430/4.5.3/mmpy-16/libgcc.a(_div_sf.o)
 .debug_line    0x00000694       0xb1 /usr/lib/gcc/msp430/4.5.3/mmpy-16/libgcc.a(_ge_sf.o)
 .debug_line    0x00000745       0xc3 /usr/lib/gcc/msp430/4.5.3/mmpy-16/libgcc.a(_sf_to_si.o)
 .debug_line    0x00000808       0x94 /usr/lib/gcc/msp430/4.5.3/mmpy-16/libgcc.a(_thenan_sf.o)
 .debug_line    0x0000089c       0xc4 /usr/lib/gcc/msp430/4.5.3/mmpy-16/libgcc.a(_usi_to_sf.o)
 .debug_line    0x00000960       0xbd /usr/lib/gcc/msp430/4.5.3/mmpy-16/libgcc.a(_clzsi2.o)
 .debug_line    0x00000a1d       0xfd /usr/lib/gcc/msp430/4.5.3/mmpy-16/libgcc.a(_pack_sf.o)
 .debug_line    0x00000b1a       0xd9 /usr/lib/gcc/msp430/4.5.3/mmpy-16/libgcc.a(_unpack_sf.o)
 .debug_line    0x00000bf3       0xe8 /usr/lib/gcc/msp430/4.5.3/mmpy-16/libgcc.a(_fpcmp_parts_sf.o)
 .debug_line    0x00000cdb       0x80 /usr/lib/gcc/msp430/4.5.3/mmpy-16/libgcc.a(_clz.o)
 .debug_line    0x00000d5b       0x7c /usr/lib/gcc/msp430/4.5.3/../../../../msp430/lib/mmpy-16/libc.a(memcmp.o)
 .debug_line    0x00000dd7       0xf3 /usr/lib/gcc/msp430/4.5.3/../../../../msp430/lib/mmpy-16/libc.a(memcpy.o)
 .debug_line    0x00000eca       0xbd /usr/lib/gcc/msp430/4.5.3/../../../../msp430/lib/mmpy-16/libc.a(memset.o)
 .debug_line    0x00000f87       0xbe /usr/lib/gcc/msp430/4.5.3/../../../../msp430/lib/mmpy-16/libc.a(malloc.o)
 .debug_line    0x00001045       0x72 /usr/lib/gcc/msp430/4.5.3/../../../../msp430/lib/mmpy-16/libc.a(printf.o)
 .debug_line    0x000010b7      0x198 /usr/lib/gcc/msp430/4.5.3/../../../../msp430/lib/mmpy-16/libc.a(vuprintf.o)
 .debug_line    0x0000124f       0x4d /usr/lib/gcc/msp430/4.5.3/../../../../msp430/lib/mmpy-16/libc.a(puts.o)
 .debug_line    0x0000129c       0x52 /usr/lib/gcc/msp430/4.5.3/../../../../msp430/lib/mmpy-16/libc.a(rand.o)
 .debug_line    0x000012ee       0x82 /usr/lib/gcc/msp430/4.5.3/mmpy-16/libcrt0.a(__init_stack.o)
 .debug_line    0x00001370       0x84 /usr/lib/gcc/msp430/4.5.3/mmpy-16/libcrt0.a(__low_level_init.o)
 .debug_line    0x000013f4       0x88 /usr/lib/gcc/msp430/4.5.3/mmpy-16/libcrt0.a(_copy_data.o)
 .debug_line    0x0000147c       0x88 /usr/lib/gcc/msp430/4.5.3/mmpy-16/libcrt0.a(_clear_bss.o)
 .debug_line    0x00001504       0x83 /usr/lib/gcc/msp430/4.5.3/mmpy-16/libcrt0.a(_endless_loop__.o)
 .debug_line    0x00001587       0x82 /usr/lib/gcc/msp430/4.5.3/mmpy-16/libcrt0.a(_unexpected_.o)

.debug_frame    0x00000000      0x46c
 *(.debug_frame)
 .debug_frame   0x00000000       0x28 /usr/lib/gcc/msp430/4.5.3/mmpy-16/libgcc.a(_fixunssfsi.o)
 .debug_frame   0x00000028       0x7e /usr/lib/gcc/msp430/4.5.3/mmpy-16/libgcc.a(_addsub_sf.o)
 .debug_frame   0x000000a6       0x4a /usr/lib/gcc/msp430/4.5.3/mmpy-16/libgcc.a(_mul_sf.o)
 .debug_frame   0x000000f0       0x44 /usr/lib/gcc/msp430/4.5.3/mmpy-16/libgcc.a(_div_sf.o)
 .debug_frame   0x00000134       0x2c /usr/lib/gcc/msp430/4.5.3/mmpy-16/libgcc.a(_ge_sf.o)
 .debug_frame   0x00000160       0x22 /usr/lib/gcc/msp430/4.5.3/mmpy-16/libgcc.a(_sf_to_si.o)
 .debug_frame   0x00000182       0x3a /usr/lib/gcc/msp430/4.5.3/mmpy-16/libgcc.a(_usi_to_sf.o)
 .debug_frame   0x000001bc       0x24 /usr/lib/gcc/msp430/4.5.3/mmpy-16/libgcc.a(_clzsi2.o)
 .debug_frame   0x000001e0       0x3c /usr/lib/gcc/msp430/4.5.3/mmpy-16/libgcc.a(_pack_sf.o)
 .debug_frame   0x0000021c       0x2e /usr/lib/gcc/msp430/4.5.3/mmpy-16/libgcc.a(_unpack_sf.o)
 .debug_frame   0x0000024a       0x24 /usr/lib/gcc/msp430/4.5.3/mmpy-16/libgcc.a(_fpcmp_parts_sf.o)
 .debug_frame   0x0000026e       0x28 /usr/lib/gcc/msp430/4.5.3/../../../../msp430/lib/mmpy-16/libc.a(memcmp.o)
 .debug_frame   0x00000296       0x32 /usr/lib/gcc/msp430/4.5.3/../../../../msp430/lib/mmpy-16/libc.a(memcpy.o)
 .debug_frame   0x000002c8       0x32 /usr/lib/gcc/msp430/4.5.3/../../../../msp430/lib/mmpy-16/libc.a(memset.o)
 .debug_frame   0x000002fa       0x52 /usr/lib/gcc/msp430/4.5.3/../../../../msp430/lib/mmpy-16/libc.a(malloc.o)
 .debug_frame   0x0000034c       0x2a /usr/lib/gcc/msp430/4.5.3/../../../../msp430/lib/mmpy-16/libc.a(printf.o)
 .debug_frame   0x00000376       0x82 /usr/lib/gcc/msp430/4.5.3/../../../../msp430/lib/mmpy-16/libc.a(vuprintf.o)
 .debug_frame   0x000003f8       0x24 /usr/lib/gcc/msp430/4.5.3/../../../../msp430/lib/mmpy-16/libc.a(puts.o)
 .debug_frame   0x0000041c       0x50 /usr/lib/gcc/msp430/4.5.3/../../../../msp430/lib/mmpy-16/libc.a(rand.o)

.debug_str      0x00000000      0x62d
 *(.debug_str)
 .debug_str     0x00000000      0x10e /usr/lib/gcc/msp430/4.5.3/mmpy-16/libgcc.a(_fixunssfsi.o)
                                0x14f (size before relaxing)
 .debug_str     0x0000010e      0x155 /usr/lib/gcc/msp430/4.5.3/mmpy-16/libgcc.a(_addsub_sf.o)
                                0x22c (size before relaxing)
 .debug_str     0x00000263       0x27 /usr/lib/gcc/msp430/4.5.3/mmpy-16/libgcc.a(_mul_sf.o)
                                0x1e5 (size before relaxing)
 .debug_str     0x0000028a       0x35 /usr/lib/gcc/msp430/4.5.3/mmpy-16/libgcc.a(_div_sf.o)
                                0x1ee (size before relaxing)
 .debug_str     0x000002bf        0x8 /usr/lib/gcc/msp430/4.5.3/mmpy-16/libgcc.a(_ge_sf.o)
                                0x1b3 (size before relaxing)
 .debug_str     0x000002c7        0xa /usr/lib/gcc/msp430/4.5.3/mmpy-16/libgcc.a(_sf_to_si.o)
                                0x1bc (size before relaxing)
 .debug_str     0x00000000      0x15e /usr/lib/gcc/msp430/4.5.3/mmpy-16/libgcc.a(_thenan_sf.o)
 .debug_str     0x000002d1       0x2a /usr/lib/gcc/msp430/4.5.3/mmpy-16/libgcc.a(_usi_to_sf.o)
                                0x19e (size before relaxing)
 .debug_str     0x000002fb       0x17 /usr/lib/gcc/msp430/4.5.3/mmpy-16/libgcc.a(_clzsi2.o)
                                0x15b (size before relaxing)
 .debug_str     0x00000312       0x10 /usr/lib/gcc/msp430/4.5.3/mmpy-16/libgcc.a(_pack_sf.o)
                                0x1bb (size before relaxing)
 .debug_str     0x00000322        0xb /usr/lib/gcc/msp430/4.5.3/mmpy-16/libgcc.a(_unpack_sf.o)
                                0x19d (size before relaxing)
 .debug_str     0x0000032d       0x10 /usr/lib/gcc/msp430/4.5.3/mmpy-16/libgcc.a(_fpcmp_parts_sf.o)
                                0x181 (size before relaxing)
 .debug_str     0x00000000      0x13e /usr/lib/gcc/msp430/4.5.3/mmpy-16/libgcc.a(_clz.o)
 .debug_str     0x0000033d       0x5a /usr/lib/gcc/msp430/4.5.3/../../../../msp430/lib/mmpy-16/libc.a(memcmp.o)
                                 0xd2 (size before relaxing)
 .debug_str     0x00000397       0x34 /usr/lib/gcc/msp430/4.5.3/../../../../msp430/lib/mmpy-16/libc.a(memcpy.o)
                                 0xed (size before relaxing)
 .debug_str     0x000003cb       0x26 /usr/lib/gcc/msp430/4.5.3/../../../../msp430/lib/mmpy-16/libc.a(memset.o)
                                 0xeb (size before relaxing)
 .debug_str     0x000003f1       0x5b /usr/lib/gcc/msp430/4.5.3/../../../../msp430/lib/mmpy-16/libc.a(malloc.o)
                                0x119 (size before relaxing)
 .debug_str     0x0000044c       0x40 /usr/lib/gcc/msp430/4.5.3/../../../../msp430/lib/mmpy-16/libc.a(printf.o)
                                0x101 (size before relaxing)
 .debug_str     0x0000048c      0x162 /usr/lib/gcc/msp430/4.5.3/../../../../msp430/lib/mmpy-16/libc.a(vuprintf.o)
                                0x25d (size before relaxing)
 .debug_str     0x000005ee       0x15 /usr/lib/gcc/msp430/4.5.3/../../../../msp430/lib/mmpy-16/libc.a(puts.o)
                                 0xc7 (size before relaxing)
 .debug_str     0x00000603       0x2a /usr/lib/gcc/msp430/4.5.3/../../../../msp430/lib/mmpy-16/libc.a(rand.o)
                                 0xe6 (size before relaxing)

.debug_loc      0x00000000     0x1509
 *(.debug_loc)
 .debug_loc     0x00000000       0x44 /usr/lib/gcc/msp430/4.5.3/mmpy-16/libgcc.a(_fixunssfsi.o)
 .debug_loc     0x00000044      0x315 /usr/lib/gcc/msp430/4.5.3/mmpy-16/libgcc.a(_addsub_sf.o)
 .debug_loc     0x00000359      0x266 /usr/lib/gcc/msp430/4.5.3/mmpy-16/libgcc.a(_mul_sf.o)
 .debug_loc     0x000005bf      0x16c /usr/lib/gcc/msp430/4.5.3/mmpy-16/libgcc.a(_div_sf.o)
 .debug_loc     0x0000072b       0x4c /usr/lib/gcc/msp430/4.5.3/mmpy-16/libgcc.a(_ge_sf.o)
 .debug_loc     0x00000777       0x3c /usr/lib/gcc/msp430/4.5.3/mmpy-16/libgcc.a(_sf_to_si.o)
 .debug_loc     0x000007b3       0xc6 /usr/lib/gcc/msp430/4.5.3/mmpy-16/libgcc.a(_usi_to_sf.o)
 .debug_loc     0x00000879       0x58 /usr/lib/gcc/msp430/4.5.3/mmpy-16/libgcc.a(_clzsi2.o)
 .debug_loc     0x000008d1      0x18a /usr/lib/gcc/msp430/4.5.3/mmpy-16/libgcc.a(_pack_sf.o)
 .debug_loc     0x00000a5b       0xc5 /usr/lib/gcc/msp430/4.5.3/mmpy-16/libgcc.a(_unpack_sf.o)
 .debug_loc     0x00000b20       0x5b /usr/lib/gcc/msp430/4.5.3/mmpy-16/libgcc.a(_fpcmp_parts_sf.o)
 .debug_loc     0x00000b7b       0x59 /usr/lib/gcc/msp430/4.5.3/../../../../msp430/lib/mmpy-16/libc.a(memcmp.o)
 .debug_loc     0x00000bd4      0x1d6 /usr/lib/gcc/msp430/4.5.3/../../../../msp430/lib/mmpy-16/libc.a(memcpy.o)
 .debug_loc     0x00000daa       0xeb /usr/lib/gcc/msp430/4.5.3/../../../../msp430/lib/mmpy-16/libc.a(memset.o)
 .debug_loc     0x00000e95      0x135 /usr/lib/gcc/msp430/4.5.3/../../../../msp430/lib/mmpy-16/libc.a(malloc.o)
 .debug_loc     0x00000fca       0x24 /usr/lib/gcc/msp430/4.5.3/../../../../msp430/lib/mmpy-16/libc.a(printf.o)
 .debug_loc     0x00000fee      0x49c /usr/lib/gcc/msp430/4.5.3/../../../../msp430/lib/mmpy-16/libc.a(vuprintf.o)
 .debug_loc     0x0000148a       0x2d /usr/lib/gcc/msp430/4.5.3/../../../../msp430/lib/mmpy-16/libc.a(puts.o)
 .debug_loc     0x000014b7       0x52 /usr/lib/gcc/msp430/4.5.3/../../../../msp430/lib/mmpy-16/libc.a(rand.o)

.debug_macinfo
 *(.debug_macinfo)

.debug_pubtypes
                0x00000000      0x6d1
 *(.debug_pubtypes)
 .debug_pubtypes
                0x00000000       0x34 /usr/lib/gcc/msp430/4.5.3/mmpy-16/libgcc.a(_fixunssfsi.o)
 .debug_pubtypes
                0x00000034       0x9d /usr/lib/gcc/msp430/4.5.3/mmpy-16/libgcc.a(_addsub_sf.o)
 .debug_pubtypes
                0x000000d1       0x86 /usr/lib/gcc/msp430/4.5.3/mmpy-16/libgcc.a(_mul_sf.o)
 .debug_pubtypes
                0x00000157       0x86 /usr/lib/gcc/msp430/4.5.3/mmpy-16/libgcc.a(_div_sf.o)
 .debug_pubtypes
                0x000001dd       0x91 /usr/lib/gcc/msp430/4.5.3/mmpy-16/libgcc.a(_ge_sf.o)
 .debug_pubtypes
                0x0000026e       0x91 /usr/lib/gcc/msp430/4.5.3/mmpy-16/libgcc.a(_sf_to_si.o)
 .debug_pubtypes
                0x000002ff       0x5b /usr/lib/gcc/msp430/4.5.3/mmpy-16/libgcc.a(_thenan_sf.o)
 .debug_pubtypes
                0x0000035a       0x73 /usr/lib/gcc/msp430/4.5.3/mmpy-16/libgcc.a(_usi_to_sf.o)
 .debug_pubtypes
                0x000003cd       0x35 /usr/lib/gcc/msp430/4.5.3/mmpy-16/libgcc.a(_clzsi2.o)
 .debug_pubtypes
                0x00000402       0x86 /usr/lib/gcc/msp430/4.5.3/mmpy-16/libgcc.a(_pack_sf.o)
 .debug_pubtypes
                0x00000488       0x86 /usr/lib/gcc/msp430/4.5.3/mmpy-16/libgcc.a(_unpack_sf.o)
 .debug_pubtypes
                0x0000050e       0x5b /usr/lib/gcc/msp430/4.5.3/mmpy-16/libgcc.a(_fpcmp_parts_sf.o)
 .debug_pubtypes
                0x00000569       0x1e /usr/lib/gcc/msp430/4.5.3/mmpy-16/libgcc.a(_clz.o)
 .debug_pubtypes
                0x00000587       0x1d /usr/lib/gcc/msp430/4.5.3/../../../../msp430/lib/mmpy-16/libc.a(memcmp.o)
 .debug_pubtypes
                0x000005a4       0x26 /usr/lib/gcc/msp430/4.5.3/../../../../msp430/lib/mmpy-16/libc.a(memcpy.o)
 .debug_pubtypes
                0x000005ca       0x32 /usr/lib/gcc/msp430/4.5.3/../../../../msp430/lib/mmpy-16/libc.a(memset.o)
 .debug_pubtypes
                0x000005fc       0x2a /usr/lib/gcc/msp430/4.5.3/../../../../msp430/lib/mmpy-16/libc.a(malloc.o)
 .debug_pubtypes
                0x00000626       0x31 /usr/lib/gcc/msp430/4.5.3/../../../../msp430/lib/mmpy-16/libc.a(printf.o)
 .debug_pubtypes
                0x00000657       0x56 /usr/lib/gcc/msp430/4.5.3/../../../../msp430/lib/mmpy-16/libc.a(vuprintf.o)
 .debug_pubtypes
                0x000006ad       0x12 /usr/lib/gcc/msp430/4.5.3/../../../../msp430/lib/mmpy-16/libc.a(puts.o)
 .debug_pubtypes
                0x000006bf       0x12 /usr/lib/gcc/msp430/4.5.3/../../../../msp430/lib/mmpy-16/libc.a(rand.o)

.debug_ranges   0x00000000       0x9c
 *(.debug_ranges)
 .debug_ranges  0x00000000       0x14 /usr/lib/gcc/msp430/4.5.3/mmpy-16/libgcc.a(_addsub_sf.o)
 .debug_ranges  0x00000014       0x28 /usr/lib/gcc/msp430/4.5.3/mmpy-16/libgcc.a(_mul_sf.o)
 .debug_ranges  0x0000003c       0x24 /usr/lib/gcc/msp430/4.5.3/mmpy-16/libgcc.a(_div_sf.o)
 .debug_ranges  0x00000060        0xc /usr/lib/gcc/msp430/4.5.3/mmpy-16/libgcc.a(_usi_to_sf.o)
 .debug_ranges  0x0000006c        0xc /usr/lib/gcc/msp430/4.5.3/mmpy-16/libgcc.a(_clzsi2.o)
 .debug_ranges  0x00000078       0x18 /usr/lib/gcc/msp430/4.5.3/mmpy-16/libgcc.a(_pack_sf.o)
 .debug_ranges  0x00000090        0xc /usr/lib/gcc/msp430/4.5.3/../../../../msp430/lib/mmpy-16/libc.a(vuprintf.o)
                0x00003900                PROVIDE (__stack, (ORIGIN (ram) + 0x2800))
                0x0000b0e2                PROVIDE (__data_start_rom, _etext)
                0x0000b184                PROVIDE (__data_end_rom, (_etext + SIZEOF (.data)))
OUTPUT(glossy-test.sky elf32-msp430)

.glossy         0x0000258e      0x160
 .glossy        0x0000258e      0x160 contiki-sky.a(glossy.o)
                0x0000258e                timerb1_interrupt
                0x0000258e                __isr_12
