Archive member included because of file (symbol)

contiki-sky.a(process.o)      obj_sky/contiki-sky-main.o (process_init)
contiki-sky.a(autostart.o)    obj_sky/contiki-sky-main.o (autostart_start)
contiki-sky.a(etimer.o)       obj_sky/contiki-sky-main.o (etimer_process)
contiki-sky.a(energest.o)     glossy-test-hda.co (energest_init)
contiki-sky.a(rtimer.o)       obj_sky/contiki-sky-main.o (rtimer_init)
contiki-sky.a(glossy_queue.o)
                              glossy-test-hda.co (QueueInit)
contiki-sky.a(glossy.o)       glossy-test-hda.co (glossy_stop)
contiki-sky.a(msp430.o)       contiki-sky.a(glossy.o) (w_memcpy)
contiki-sky.a(leds.o)         obj_sky/contiki-sky-main.o (leds_init)
contiki-sky.a(watchdog.o)     obj_sky/contiki-sky-main.o (watchdog_start)
contiki-sky.a(xmem.o)         obj_sky/contiki-sky-main.o (xmem_init)
contiki-sky.a(cc2420.o)       obj_sky/contiki-sky-main.o (cc2420_init)
contiki-sky.a(node-id.o)      obj_sky/contiki-sky-main.o (node_id_restore)
contiki-sky.a(uart1.o)        obj_sky/contiki-sky-main.o (uart1_active)
contiki-sky.a(clock.o)        contiki-sky.a(etimer.o) (clock_time)
contiki-sky.a(leds-arch.o)    contiki-sky.a(leds.o) (leds_arch_init)
contiki-sky.a(uart1-putchar.o)
                              obj_sky/contiki-sky-main.o (putchar)
contiki-sky.a(rtimer-arch.o)  contiki-sky.a(rtimer.o) (rtimer_arch_init)
contiki-sky.a(timer.o)        contiki-sky.a(etimer.o) (timer_set)
contiki-sky.a(ringbuf.o)      contiki-sky.a(uart1.o) (ringbuf_init)
contiki-sky.a(spi.o)          contiki-sky.a(xmem.o) (spi_init)
/usr/lib/gcc/msp430/4.5.3/mmpy-16/libgcc.a(_mulsi3.o)
                              contiki-sky.a(glossy.o) (__mulsi3)
/usr/lib/gcc/msp430/4.5.3/mmpy-16/libgcc.a(_divmodhi4.o)
                              contiki-sky.a(glossy_queue.o) (__divmodhi4)
/usr/lib/gcc/msp430/4.5.3/mmpy-16/libgcc.a(_udivmodsi4.o)
                              glossy-test-hda.co (__udivmodsi4)
/usr/lib/gcc/msp430/4.5.3/mmpy-16/libgcc.a(_fixunssfsi.o)
                              glossy-test-hda.co (__fixunssfsi)
/usr/lib/gcc/msp430/4.5.3/mmpy-16/libgcc.a(_addsub_sf.o)
                              /usr/lib/gcc/msp430/4.5.3/mmpy-16/libgcc.a(_fixunssfsi.o) (__subsf3)
/usr/lib/gcc/msp430/4.5.3/mmpy-16/libgcc.a(_mul_sf.o)
                              glossy-test-hda.co (__mulsf3)
/usr/lib/gcc/msp430/4.5.3/mmpy-16/libgcc.a(_div_sf.o)
                              glossy-test-hda.co (__divsf3)
/usr/lib/gcc/msp430/4.5.3/mmpy-16/libgcc.a(_ge_sf.o)
                              /usr/lib/gcc/msp430/4.5.3/mmpy-16/libgcc.a(_fixunssfsi.o) (__gesf2)
/usr/lib/gcc/msp430/4.5.3/mmpy-16/libgcc.a(_sf_to_si.o)
                              /usr/lib/gcc/msp430/4.5.3/mmpy-16/libgcc.a(_fixunssfsi.o) (__fixsfsi)
/usr/lib/gcc/msp430/4.5.3/mmpy-16/libgcc.a(_thenan_sf.o)
                              /usr/lib/gcc/msp430/4.5.3/mmpy-16/libgcc.a(_addsub_sf.o) (__thenan_sf)
/usr/lib/gcc/msp430/4.5.3/mmpy-16/libgcc.a(_usi_to_sf.o)
                              glossy-test-hda.co (__floatunsisf)
/usr/lib/gcc/msp430/4.5.3/mmpy-16/libgcc.a(_udivmodhi4.o)
                              /usr/lib/gcc/msp430/4.5.3/mmpy-16/libgcc.a(_divmodhi4.o) (__udivmodhi4)
/usr/lib/gcc/msp430/4.5.3/mmpy-16/libgcc.a(_clzsi2.o)
                              /usr/lib/gcc/msp430/4.5.3/mmpy-16/libgcc.a(_usi_to_sf.o) (__clzsi2)
/usr/lib/gcc/msp430/4.5.3/mmpy-16/libgcc.a(_pack_sf.o)
                              /usr/lib/gcc/msp430/4.5.3/mmpy-16/libgcc.a(_addsub_sf.o) (__pack_f)
/usr/lib/gcc/msp430/4.5.3/mmpy-16/libgcc.a(_unpack_sf.o)
                              /usr/lib/gcc/msp430/4.5.3/mmpy-16/libgcc.a(_addsub_sf.o) (__unpack_f)
/usr/lib/gcc/msp430/4.5.3/mmpy-16/libgcc.a(_fpcmp_parts_sf.o)
                              /usr/lib/gcc/msp430/4.5.3/mmpy-16/libgcc.a(_ge_sf.o) (__fpcmp_parts_f)
/usr/lib/gcc/msp430/4.5.3/mmpy-16/libgcc.a(_clz.o)
                              /usr/lib/gcc/msp430/4.5.3/mmpy-16/libgcc.a(_clzsi2.o) (__clz_tab)
/usr/lib/gcc/msp430/4.5.3/../../../../msp430/lib/mmpy-16/libc.a(memcpy.o)
                              contiki-sky.a(watchdog.o) (memcpy)
/usr/lib/gcc/msp430/4.5.3/../../../../msp430/lib/mmpy-16/libc.a(malloc.o)
                              contiki-sky.a(glossy.o) (malloc)
/usr/lib/gcc/msp430/4.5.3/../../../../msp430/lib/mmpy-16/libc.a(printf.o)
                              glossy-test-hda.co (printf)
/usr/lib/gcc/msp430/4.5.3/../../../../msp430/lib/mmpy-16/libc.a(vuprintf.o)
                              /usr/lib/gcc/msp430/4.5.3/../../../../msp430/lib/mmpy-16/libc.a(printf.o) (vuprintf)
/usr/lib/gcc/msp430/4.5.3/../../../../msp430/lib/mmpy-16/libc.a(puts.o)
                              glossy-test-hda.co (puts)
/usr/lib/gcc/msp430/4.5.3/mmpy-16/libcrt0.a(_reset_vector__.o)
                              /usr/lib/gcc/msp430/4.5.3/mmpy-16/crt0ivtbl16.o (_reset_vector__)
/usr/lib/gcc/msp430/4.5.3/mmpy-16/libcrt0.a(__init_stack.o)
                              /usr/lib/gcc/msp430/4.5.3/mmpy-16/libcrt0.a(_reset_vector__.o) (__init_stack)
/usr/lib/gcc/msp430/4.5.3/mmpy-16/libcrt0.a(__low_level_init.o)
                              /usr/lib/gcc/msp430/4.5.3/mmpy-16/libcrt0.a(_reset_vector__.o) (__low_level_init)
/usr/lib/gcc/msp430/4.5.3/mmpy-16/libcrt0.a(_copy_data.o)
                              /usr/lib/gcc/msp430/4.5.3/mmpy-16/libcrt0.a(_reset_vector__.o) (__do_copy_data)
/usr/lib/gcc/msp430/4.5.3/mmpy-16/libcrt0.a(_clear_bss.o)
                              /usr/lib/gcc/msp430/4.5.3/mmpy-16/libcrt0.a(_reset_vector__.o) (__do_clear_bss)
/usr/lib/gcc/msp430/4.5.3/mmpy-16/libcrt0.a(__stop_progExec__.o)
                              /usr/lib/gcc/msp430/4.5.3/mmpy-16/libcrt0.a(_reset_vector__.o) (__stop_progExec__)
/usr/lib/gcc/msp430/4.5.3/mmpy-16/libcrt0.a(_endless_loop__.o)
                              /usr/lib/gcc/msp430/4.5.3/mmpy-16/libcrt0.a(_reset_vector__.o) (_endless_loop__)
/usr/lib/gcc/msp430/4.5.3/mmpy-16/libcrt0.a(_unexpected_.o)
                              /usr/lib/gcc/msp430/4.5.3/mmpy-16/crt0ivtbl16.o (_unexpected_)

Allocating common symbols
Common symbol       size              file

energest_total_time
                    0x30              contiki-sky.a(energest.o)
queueADT            0x2               contiki-sky.a(glossy_queue.o)
energest_total_count
                    0x2               contiki-sky.a(energest.o)
energest_current_mode
                    0xc               contiki-sky.a(energest.o)
process_maxevents   0x1               contiki-sky.a(process.o)
myQueue             0x2               glossy-test-hda.co
energest_current_time
                    0x18              contiki-sky.a(energest.o)

Memory Configuration

Name             Origin             Length             Attributes
sfr              0x00000000         0x00000010
peripheral_8bit  0x00000010         0x000000f0
peripheral_16bit 0x00000100         0x00000100
infomem          0x00001000         0x00000100
infob            0x00001000         0x00000080
infoa            0x00001080         0x00000080
ram              0x00001100         0x00002800         xw
rom              0x00004000         0x0000bfe0         xr
vectors          0x0000ffe0         0x00000020
bsl              0x00000000         0x00000000
infoc            0x00000000         0x00000000
infod            0x00000000         0x00000000
far_rom          0x00000000         0x00000000
*default*        0x00000000         0xffffffff

Linker script and memory map

LOAD /usr/lib/gcc/msp430/4.5.3/mmpy-16/crt0ivtbl16.o
Address of section .glossy set to 0x4000
Address of section .text set to 0x4400
LOAD glossy-test-hda.co
LOAD obj_sky/contiki-sky-main.o
LOAD contiki-sky.a
LOAD /usr/lib/gcc/msp430/4.5.3/mmpy-16/libgcc.a
LOAD /usr/lib/gcc/msp430/4.5.3/../../../../msp430/lib/mmpy-16/libc.a
LOAD /usr/lib/gcc/msp430/4.5.3/mmpy-16/libgcc.a
LOAD /usr/lib/gcc/msp430/4.5.3/mmpy-16/libcrt0.a
                0x00000000                __IE1 = 0x0
                0x00000002                __IFG1 = 0x2
                0x00000004                __ME1 = 0x4
                0x00000001                __IE2 = 0x1
                0x00000003                __IFG2 = 0x3
                0x00000005                __ME2 = 0x5
                0x00000120                __WDTCTL = 0x120
                0x00000130                __MPY = 0x130
                0x00000132                __MPYS = 0x132
                0x00000134                __MAC = 0x134
                0x00000136                __MACS = 0x136
                0x00000138                __OP2 = 0x138
                0x0000013a                __RESLO = 0x13a
                0x0000013c                __RESHI = 0x13c
                0x0000013e                __SUMEXT = 0x13e
                0x00000020                __P1IN = 0x20
                0x00000021                __P1OUT = 0x21
                0x00000022                __P1DIR = 0x22
                0x00000023                __P1IFG = 0x23
                0x00000024                __P1IES = 0x24
                0x00000025                __P1IE = 0x25
                0x00000026                __P1SEL = 0x26
                0x00000028                __P2IN = 0x28
                0x00000029                __P2OUT = 0x29
                0x0000002a                __P2DIR = 0x2a
                0x0000002b                __P2IFG = 0x2b
                0x0000002c                __P2IES = 0x2c
                0x0000002d                __P2IE = 0x2d
                0x0000002e                __P2SEL = 0x2e
                0x00000018                __P3IN = 0x18
                0x00000019                __P3OUT = 0x19
                0x0000001a                __P3DIR = 0x1a
                0x0000001b                __P3SEL = 0x1b
                0x0000001c                __P4IN = 0x1c
                0x0000001d                __P4OUT = 0x1d
                0x0000001e                __P4DIR = 0x1e
                0x0000001f                __P4SEL = 0x1f
                0x00000030                __P5IN = 0x30
                0x00000031                __P5OUT = 0x31
                0x00000032                __P5DIR = 0x32
                0x00000033                __P5SEL = 0x33
                0x00000034                __P6IN = 0x34
                0x00000035                __P6OUT = 0x35
                0x00000036                __P6DIR = 0x36
                0x00000037                __P6SEL = 0x37
                0x00000070                __U0CTL = 0x70
                0x00000071                __U0TCTL = 0x71
                0x00000072                __U0RCTL = 0x72
                0x00000073                __U0MCTL = 0x73
                0x00000074                __U0BR0 = 0x74
                0x00000075                __U0BR1 = 0x75
                0x00000076                __U0RXBUF = 0x76
                0x00000077                __U0TXBUF = 0x77
                0x00000078                __U1CTL = 0x78
                0x00000079                __U1TCTL = 0x79
                0x0000007a                __U1RCTL = 0x7a
                0x0000007b                __U1MCTL = 0x7b
                0x0000007c                __U1BR0 = 0x7c
                0x0000007d                __U1BR1 = 0x7d
                0x0000007e                __U1RXBUF = 0x7e
                0x0000007f                __U1TXBUF = 0x7f
                0x00000050                __I2CIE = 0x50
                0x00000051                __I2CIFG = 0x51
                0x00000052                __I2CNDAT = 0x52
                0x00000071                __I2CTCTL = 0x71
                0x00000072                __I2CDCTL = 0x72
                0x00000073                __I2CPSC = 0x73
                0x00000074                __I2CSCLH = 0x74
                0x00000075                __I2CSCLL = 0x75
                0x00000076                __I2CDRB = 0x76
                0x00000076                __I2CDRW = 0x76
                0x00000118                __I2COA = 0x118
                0x0000011a                __I2CSA = 0x11a
                0x0000011c                __I2CIV = 0x11c
                0x0000012e                __TAIV = 0x12e
                0x00000160                __TACTL = 0x160
                0x00000162                __TACCTL0 = 0x162
                0x00000164                __TACCTL1 = 0x164
                0x00000166                __TACCTL2 = 0x166
                0x00000170                __TAR = 0x170
                0x00000172                __TACCR0 = 0x172
                0x00000174                __TACCR1 = 0x174
                0x00000176                __TACCR2 = 0x176
                0x0000011e                __TBIV = 0x11e
                0x00000180                __TBCTL = 0x180
                0x00000182                __TBCCTL0 = 0x182
                0x00000184                __TBCCTL1 = 0x184
                0x00000186                __TBCCTL2 = 0x186
                0x00000188                __TBCCTL3 = 0x188
                0x0000018a                __TBCCTL4 = 0x18a
                0x0000018c                __TBCCTL5 = 0x18c
                0x0000018e                __TBCCTL6 = 0x18e
                0x00000190                __TBR = 0x190
                0x00000192                __TBCCR0 = 0x192
                0x00000194                __TBCCR1 = 0x194
                0x00000196                __TBCCR2 = 0x196
                0x00000198                __TBCCR3 = 0x198
                0x0000019a                __TBCCR4 = 0x19a
                0x0000019c                __TBCCR5 = 0x19c
                0x0000019e                __TBCCR6 = 0x19e
                0x00000056                __DCOCTL = 0x56
                0x00000057                __BCSCTL1 = 0x57
                0x00000058                __BCSCTL2 = 0x58
                0x00000055                __SVSCTL = 0x55
                0x00000128                __FCTL1 = 0x128
                0x0000012a                __FCTL2 = 0x12a
                0x0000012c                __FCTL3 = 0x12c
                0x00000059                __CACTL1 = 0x59
                0x0000005a                __CACTL2 = 0x5a
                0x0000005b                __CAPD = 0x5b
                0x000001a0                __ADC12CTL0 = 0x1a0
                0x000001a2                __ADC12CTL1 = 0x1a2
                0x000001a4                __ADC12IFG = 0x1a4
                0x000001a6                __ADC12IE = 0x1a6
                0x000001a8                __ADC12IV = 0x1a8
                0x00000140                __ADC12MEM0 = 0x140
                0x00000142                __ADC12MEM1 = 0x142
                0x00000144                __ADC12MEM2 = 0x144
                0x00000146                __ADC12MEM3 = 0x146
                0x00000148                __ADC12MEM4 = 0x148
                0x0000014a                __ADC12MEM5 = 0x14a
                0x0000014c                __ADC12MEM6 = 0x14c
                0x0000014e                __ADC12MEM7 = 0x14e
                0x00000150                __ADC12MEM8 = 0x150
                0x00000152                __ADC12MEM9 = 0x152
                0x00000154                __ADC12MEM10 = 0x154
                0x00000156                __ADC12MEM11 = 0x156
                0x00000158                __ADC12MEM12 = 0x158
                0x0000015a                __ADC12MEM13 = 0x15a
                0x0000015c                __ADC12MEM14 = 0x15c
                0x0000015e                __ADC12MEM15 = 0x15e
                0x00000080                __ADC12MCTL0 = 0x80
                0x00000081                __ADC12MCTL1 = 0x81
                0x00000082                __ADC12MCTL2 = 0x82
                0x00000083                __ADC12MCTL3 = 0x83
                0x00000084                __ADC12MCTL4 = 0x84
                0x00000085                __ADC12MCTL5 = 0x85
                0x00000086                __ADC12MCTL6 = 0x86
                0x00000087                __ADC12MCTL7 = 0x87
                0x00000088                __ADC12MCTL8 = 0x88
                0x00000089                __ADC12MCTL9 = 0x89
                0x0000008a                __ADC12MCTL10 = 0x8a
                0x0000008b                __ADC12MCTL11 = 0x8b
                0x0000008c                __ADC12MCTL12 = 0x8c
                0x0000008d                __ADC12MCTL13 = 0x8d
                0x0000008e                __ADC12MCTL14 = 0x8e
                0x0000008f                __ADC12MCTL15 = 0x8f
                0x000001c0                __DAC12_0CTL = 0x1c0
                0x000001c2                __DAC12_1CTL = 0x1c2
                0x000001c8                __DAC12_0DAT = 0x1c8
                0x000001ca                __DAC12_1DAT = 0x1ca
                0x00000122                __DMACTL0 = 0x122
                0x00000124                __DMACTL1 = 0x124
                0x000001e0                __DMA0CTL = 0x1e0
                0x000001e8                __DMA1CTL = 0x1e8
                0x000001f0                __DMA2CTL = 0x1f0
                0x000001e2                __DMA0SA = 0x1e2
                0x000001e4                __DMA0DA = 0x1e4
                0x000001e6                __DMA0SZ = 0x1e6
                0x000001ea                __DMA1SA = 0x1ea
                0x000001ec                __DMA1DA = 0x1ec
                0x000001ee                __DMA1SZ = 0x1ee
                0x000001f2                __DMA2SA = 0x1f2
                0x000001f4                __DMA2DA = 0x1f4
                0x000001f6                __DMA2SZ = 0x1f6

.hash
 *(.hash)

.dynsym
 *(.dynsym)

.dynstr
 *(.dynstr)

.gnu.version
 *(.gnu.version)

.gnu.version_d
 *(.gnu.version_d)

.gnu.version_r
 *(.gnu.version_r)

.rel.init
 *(.rel.init)

.rela.init
 *(.rela.init)

.rel.text
 *(.rel.text)
 *(.rel.text.*)
 *(.rel.gnu.linkonce.t*)

.rela.text
 *(.rela.text)
 *(.rela.text.*)
 *(.rela.gnu.linkonce.t*)

.rel.fini
 *(.rel.fini)

.rela.fini
 *(.rela.fini)

.rel.rodata
 *(.rel.rodata)
 *(.rel.rodata.*)
 *(.rel.gnu.linkonce.r*)

.rela.rodata
 *(.rela.rodata)
 *(.rela.rodata.*)
 *(.rela.gnu.linkonce.r*)

.rel.data
 *(.rel.data)
 *(.rel.data.*)
 *(.rel.gnu.linkonce.d*)

.rela.data
 *(.rela.data)
 *(.rela.data.*)
 *(.rela.gnu.linkonce.d*)

.rel.ctors
 *(.rel.ctors)

.rela.ctors
 *(.rela.ctors)

.rel.dtors
 *(.rel.dtors)

.rela.dtors
 *(.rela.dtors)

.rel.got
 *(.rel.got)

.rela.got
 *(.rela.got)

.rel.bss
 *(.rel.bss)

.rela.bss
 *(.rela.bss)

.rel.plt
 *(.rel.plt)

.rela.plt
 *(.rela.plt)

.text           0x00004400     0x3ffc
                0x00004400                . = ALIGN (0x2)
 *(.init)
 *(.init0)
 .init0         0x00004400        0x0 /usr/lib/gcc/msp430/4.5.3/mmpy-16/libcrt0.a(_reset_vector__.o)
                0x00004400                _reset_vector__
 *(.init1)
 *(.init2)
 .init2         0x00004400        0x4 /usr/lib/gcc/msp430/4.5.3/mmpy-16/libcrt0.a(__init_stack.o)
                0x00004400                __init_stack
 *(.init3)
 .init3         0x00004404        0xa /usr/lib/gcc/msp430/4.5.3/mmpy-16/libcrt0.a(__low_level_init.o)
                0x00004404                __low_level_init
 *(.init4)
 .init4         0x0000440e       0x16 /usr/lib/gcc/msp430/4.5.3/mmpy-16/libcrt0.a(_copy_data.o)
                0x0000440e                __do_copy_data
 .init4         0x00004424       0x14 /usr/lib/gcc/msp430/4.5.3/mmpy-16/libcrt0.a(_clear_bss.o)
                0x00004424                __do_clear_bss
 *(.init5)
 *(.init6)
 *(.init7)
 *(.init8)
 *(.init9)
 .init9         0x00004438      0x174 obj_sky/contiki-sky-main.o
                0x00004438                main
 *(.fini9)
 .fini9         0x000045ac        0x0 /usr/lib/gcc/msp430/4.5.3/mmpy-16/libcrt0.a(__stop_progExec__.o)
                0x000045ac                __stop_progExec__
 *(.fini8)
 *(.fini7)
 *(.fini6)
 *(.fini5)
 *(.fini4)
 *(.fini3)
 *(.fini2)
 *(.fini1)
 *(.fini0)
 .fini0         0x000045ac        0x6 /usr/lib/gcc/msp430/4.5.3/mmpy-16/libcrt0.a(_endless_loop__.o)
                0x000045ac                _endless_loop__
 *(.fini)
                0x000045b2                . = ALIGN (0x2)
                0x000045b2                __ctors_start = .
 *(.ctors)
                0x000045b2                __ctors_end = .
                0x000045b2                __dtors_start = .
 *(.dtors)
                0x000045b2                __dtors_end = .
                0x000045b2                . = ALIGN (0x2)
 *(.text)
 .text          0x000045b2        0x4 /usr/lib/gcc/msp430/4.5.3/mmpy-16/crt0ivtbl16.o
                0x000045b2                __isr_14
                0x000045b2                __isr_4
                0x000045b2                __isr_11
                0x000045b2                __isr_7
                0x000045b2                __isr_0
                0x000045b2                __isr_8
                0x000045b2                __isr_13
                0x000045b2                __isr_9
                0x000045b2                __isr_1
 .text          0x000045b6      0x702 glossy-test-hda.co
                0x00004a5a                glossy_scheduler
                0x00004c4c                packet_queue
                0x00004c88                create_queue
                0x00004cb4                autostart_processes
 .text          0x00004cb8       0x50 obj_sky/contiki-sky-main.o
 .text          0x00004d08      0x298 contiki-sky.a(process.o)
                0x00004e04                process_alloc_event
                0x00004e12                process_exit
                0x00004e1c                process_init
                0x00004e38                process_run
                0x00004ed4                process_nevents
                0x00004ee0                process_post
                0x00004f34                process_post_synch
                0x00004f46                process_start
                0x00004f78                process_poll
                0x00004f92                process_is_running
 .text          0x00004fa0       0x2e contiki-sky.a(autostart.o)
                0x00004fa0                autostart_start
                0x00004fb8                autostart_exit
 .text          0x00004fce      0x26e contiki-sky.a(etimer.o)
                0x00005046                etimer_request_poll
                0x00005156                etimer_set
                0x00005168                etimer_reset
                0x0000517a                etimer_restart
                0x0000518c                etimer_adjust
                0x000051a6                etimer_expired
                0x000051b4                etimer_expiration_time
                0x000051c8                etimer_start_time
                0x000051d0                etimer_pending
                0x000051de                etimer_next_expiration_time
                0x000051f4                etimer_stop
 .text          0x0000523c       0xbc contiki-sky.a(energest.o)
                0x0000523c                energest_init
                0x00005266                energest_type_time
                0x000052a6                energest_leveldevice_leveltime
                0x000052ac                energest_type_set
                0x000052ba                energest_flush
 .text          0x000052f8       0x50 contiki-sky.a(rtimer.o)
                0x000052f8                rtimer_init
                0x000052fe                rtimer_set
                0x00005322                rtimer_run_next
 .text          0x00005348       0xc0 contiki-sky.a(glossy_queue.o)
                0x00005348                QueueInit
                0x0000536c                Enqueue
                0x000053a6                Dequeue
                0x000053b0                IsEmpty
                0x000053ca                IsFull
                0x000053dc                getGlossyData
 .text          0x00005408      0xa24 contiki-sky.a(glossy.o)
                0x000055cc                glossy_stop
                0x0000563a                get_rx_cnt
                0x00005640                get_relay_cnt
                0x00005646                get_T_slot_h
                0x0000564c                is_t_ref_l_updated
                0x00005652                get_t_first_rx_l
                0x00005658                get_t_ref_l
                0x0000565e                set_t_ref_l
                0x00005664                set_t_ref_l_updated
                0x0000566a                get_state
                0x00005670                glossy_end_rx
                0x000058b6                glossy_begin_tx
                0x000059a0                glossy_end_tx
                0x00005a02                glossy_schedule_rx_timeout
                0x00005a10                glossy_begin_rx
                0x00005bd4                glossy_stop_rx_timeout
                0x00005bda                glossy_schedule_initiator_timeout
                0x00005c46                glossy_start
                0x00005e0a                glossy_stop_initiator_timeout
 .text          0x00005e2c      0x188 contiki-sky.a(msp430.o)
                0x00005e2c                w_memcpy
                0x00005e4e                w_memset
                0x00005e60                msp430_init_dco
                0x00005ed4                msp430_cpu_init
                0x00005efa                sbrk
                0x00005f52                splhigh_
                0x00005f5a                splx_
                0x00005f5e                msp430_sync_dco
 .text          0x00005fb4      0x166 contiki-sky.a(leds.o)
                0x0000606c                leds_init
                0x0000607a                leds_get
                0x00006080                leds_on
                0x00006094                leds_off
                0x000060a8                leds_invert
                0x000060b2                leds_toggle
                0x000060b8                leds_blink
                0x000060de                leds_green
                0x000060f2                leds_yellow
                0x00006106                leds_red
 .text          0x0000611a      0x17e contiki-sky.a(watchdog.o)
                0x000061b2                __isr_10
                0x000061b2                watchdog_interrupt
                0x00006246                watchdog_start
                0x0000625a                watchdog_periodic
                0x00006272                watchdog_stop
                0x0000627e                watchdog_init
                0x00006292                watchdog_reboot
 .text          0x00006298      0x32c contiki-sky.a(xmem.o)
                0x00006304                xmem_init
                0x00006320                xmem_pread
                0x000063e8                xmem_pwrite
                0x00006512                xmem_erase
 .text          0x000065c4      0x33c contiki-sky.a(cc2420.o)
                0x000065e0                cc2420_init
                0x000068a4                cc2420_set_channel
 .text          0x00006900       0x6e contiki-sky.a(node-id.o)
                0x00006900                node_id_restore
                0x00006938                node_id_burn
 .text          0x0000696e      0x1a8 contiki-sky.a(uart1.o)
                0x0000696e                uart1_active
                0x00006986                uart1_set_input
                0x0000698c                uart1_writeb
                0x000069bc                uart1_init
                0x00006a92                uart1_rx_interrupt
                0x00006a92                __isr_3
                0x00006ae6                __isr_2
                0x00006ae6                uart1_tx_interrupt
 .text          0x00006b16      0x19a contiki-sky.a(clock.o)
                0x00006b16                etimer_interrupt
                0x00006b76                __isr_5
                0x00006b76                timera1
                0x00006be2                clock_time
                0x00006bfc                clock_set
                0x00006c12                clock_fine_max
                0x00006c18                clock_fine
                0x00006c22                clock_init
                0x00006c4a                clock_delay
                0x00006c50                clock_wait
                0x00006c8e                clock_set_seconds
                0x00006c90                clock_seconds
                0x00006caa                clock_counter
 .text          0x00006cb0       0x7e contiki-sky.a(leds-arch.o)
                0x00006cb0                leds_arch_init
                0x00006cbe                leds_arch_get
                0x00006cf4                leds_arch_set
 .text          0x00006d2e        0xe contiki-sky.a(uart1-putchar.o)
                0x00006d2e                putchar
 .text          0x00006d3c       0x3c contiki-sky.a(rtimer-arch.o)
                0x00006d3c                __isr_6
                0x00006d3c                timera0
                0x00006d58                rtimer_arch_init
                0x00006d66                rtimer_arch_schedule
 .text          0x00006d78       0x90 contiki-sky.a(timer.o)
                0x00006d78                timer_set
                0x00006d94                timer_reset
                0x00006da2                timer_restart
                0x00006db6                timer_expired
                0x00006de0                timer_remaining
 .text          0x00006e08       0x9c contiki-sky.a(ringbuf.o)
                0x00006e08                ringbuf_init
                0x00006e1c                ringbuf_put
                0x00006e58                ringbuf_get
                0x00006e8a                ringbuf_size
                0x00006e92                ringbuf_elements
 .text          0x00006ea4       0x32 contiki-sky.a(spi.o)
                0x00006ea4                spi_init
 .text          0x00006ed6        0x0 /usr/lib/gcc/msp430/4.5.3/mmpy-16/libgcc.a(_mulsi3.o)
 .text          0x00006ed6        0x0 /usr/lib/gcc/msp430/4.5.3/mmpy-16/libgcc.a(_divmodhi4.o)
 .text          0x00006ed6        0x0 /usr/lib/gcc/msp430/4.5.3/mmpy-16/libgcc.a(_udivmodsi4.o)
 .text          0x00006ed6       0x42 /usr/lib/gcc/msp430/4.5.3/mmpy-16/libgcc.a(_fixunssfsi.o)
                0x00006ed6                __fixunssfsi
 .text          0x00006f18      0x352 /usr/lib/gcc/msp430/4.5.3/mmpy-16/libgcc.a(_addsub_sf.o)
                0x000071c6                __addsf3
                0x00007216                __subsf3
 .text          0x0000726a      0x1fe /usr/lib/gcc/msp430/4.5.3/mmpy-16/libgcc.a(_mul_sf.o)
                0x0000726a                __mulsf3
 .text          0x00007468      0x160 /usr/lib/gcc/msp430/4.5.3/mmpy-16/libgcc.a(_div_sf.o)
                0x00007468                __divsf3
 .text          0x000075c8       0x58 /usr/lib/gcc/msp430/4.5.3/mmpy-16/libgcc.a(_ge_sf.o)
                0x000075c8                __gesf2
 .text          0x00007620       0x8a /usr/lib/gcc/msp430/4.5.3/mmpy-16/libgcc.a(_sf_to_si.o)
                0x00007620                __fixsfsi
 .text          0x000076aa        0x8 /usr/lib/gcc/msp430/4.5.3/mmpy-16/libgcc.a(_thenan_sf.o)
                0x000076aa                __thenan_sf
 .text          0x000076b2       0xd8 /usr/lib/gcc/msp430/4.5.3/mmpy-16/libgcc.a(_usi_to_sf.o)
                0x000076b2                __floatunsisf
 .text          0x0000778a        0x0 /usr/lib/gcc/msp430/4.5.3/mmpy-16/libgcc.a(_udivmodhi4.o)
 .text          0x0000778a       0x58 /usr/lib/gcc/msp430/4.5.3/mmpy-16/libgcc.a(_clzsi2.o)
                0x0000778a                __clzsi2
 .text          0x000077e2      0x1d6 /usr/lib/gcc/msp430/4.5.3/mmpy-16/libgcc.a(_pack_sf.o)
                0x000077e2                __pack_f
 .text          0x000079b8      0x132 /usr/lib/gcc/msp430/4.5.3/mmpy-16/libgcc.a(_unpack_sf.o)
                0x000079b8                __unpack_f
 .text          0x00007aea       0xa2 /usr/lib/gcc/msp430/4.5.3/mmpy-16/libgcc.a(_fpcmp_parts_sf.o)
                0x00007aea                __fpcmp_parts_f
 .text          0x00007b8c      0x100 /usr/lib/gcc/msp430/4.5.3/mmpy-16/libgcc.a(_clz.o)
                0x00007b8c                __clz_tab
 .text          0x00007c8c      0x104 /usr/lib/gcc/msp430/4.5.3/../../../../msp430/lib/mmpy-16/libc.a(memcpy.o)
                0x00007c8c                memcpy
 .text          0x00007d90      0x10c /usr/lib/gcc/msp430/4.5.3/../../../../msp430/lib/mmpy-16/libc.a(malloc.o)
                0x00007d90                malloc
                0x00007e94                free
 .text          0x00007e9c       0x20 /usr/lib/gcc/msp430/4.5.3/../../../../msp430/lib/mmpy-16/libc.a(printf.o)
                0x00007e9c                printf
                0x00007eae                vprintf
 .text          0x00007ebc      0x476 /usr/lib/gcc/msp430/4.5.3/../../../../msp430/lib/mmpy-16/libc.a(vuprintf.o)
                0x00007fc8                vuprintf
 .text          0x00008332       0x2c /usr/lib/gcc/msp430/4.5.3/../../../../msp430/lib/mmpy-16/libc.a(puts.o)
                0x00008332                puts
 .text          0x0000835e        0x0 /usr/lib/gcc/msp430/4.5.3/mmpy-16/libcrt0.a(_reset_vector__.o)
 .text          0x0000835e        0x0 /usr/lib/gcc/msp430/4.5.3/mmpy-16/libcrt0.a(__init_stack.o)
 .text          0x0000835e        0x0 /usr/lib/gcc/msp430/4.5.3/mmpy-16/libcrt0.a(__low_level_init.o)
 .text          0x0000835e        0x0 /usr/lib/gcc/msp430/4.5.3/mmpy-16/libcrt0.a(_copy_data.o)
 .text          0x0000835e        0x0 /usr/lib/gcc/msp430/4.5.3/mmpy-16/libcrt0.a(_clear_bss.o)
 .text          0x0000835e        0x0 /usr/lib/gcc/msp430/4.5.3/mmpy-16/libcrt0.a(__stop_progExec__.o)
 .text          0x0000835e        0x0 /usr/lib/gcc/msp430/4.5.3/mmpy-16/libcrt0.a(_endless_loop__.o)
 .text          0x0000835e        0x0 /usr/lib/gcc/msp430/4.5.3/mmpy-16/libcrt0.a(_unexpected_.o)
                0x0000835e                . = ALIGN (0x2)
 *(.text.*)
 .text.crt0     0x0000835e        0x0 /usr/lib/gcc/msp430/4.5.3/mmpy-16/crt0ivtbl16.o
 .text.libgcc   0x0000835e       0x20 /usr/lib/gcc/msp430/4.5.3/mmpy-16/libgcc.a(_mulsi3.o)
                0x0000835e                __mulsi3
 .text.libgcc   0x0000837e       0x36 /usr/lib/gcc/msp430/4.5.3/mmpy-16/libgcc.a(_divmodhi4.o)
                0x0000837e                __divmodhi4
 .text.libgcc   0x000083b4       0x2a /usr/lib/gcc/msp430/4.5.3/mmpy-16/libgcc.a(_udivmodsi4.o)
                0x000083b4                __udivmodsi4
 .text.libgcc   0x000083de       0x1c /usr/lib/gcc/msp430/4.5.3/mmpy-16/libgcc.a(_udivmodhi4.o)
                0x000083de                __udivmodhi4
 .text.crt0     0x000083fa        0x2 /usr/lib/gcc/msp430/4.5.3/mmpy-16/libcrt0.a(_unexpected_.o)
                0x000083fa                _unexpected_

.rodata         0x000083fc        0x0
                0x000083fc                . = ALIGN (0x2)
 *(.rodata .rodata.* .gnu.linkonce.r.*)
                0x000083fc                . = ALIGN (0x2)
                0x000083fc                _etext = .

.data           0x00001100       0x2a load address 0x000083fc
                0x00001100                . = ALIGN (0x2)
                0x00001100                PROVIDE (__data_start, .)
 *(.data)
 .data          0x00001100        0x0 /usr/lib/gcc/msp430/4.5.3/mmpy-16/crt0ivtbl16.o
 .data          0x00001100       0x14 glossy-test-hda.co
                0x00001100                glossy_print_stats_process
                0x0000110a                glossy_test
 .data          0x00001114        0x0 obj_sky/contiki-sky-main.o
 .data          0x00001114        0x0 contiki-sky.a(process.o)
 .data          0x00001114        0x0 contiki-sky.a(autostart.o)
 .data          0x00001114        0xa contiki-sky.a(etimer.o)
                0x00001114                etimer_process
 .data          0x0000111e        0x0 contiki-sky.a(energest.o)
 .data          0x0000111e        0x0 contiki-sky.a(rtimer.o)
 .data          0x0000111e        0x0 contiki-sky.a(glossy_queue.o)
 .data          0x0000111e        0xa contiki-sky.a(glossy.o)
                0x0000111e                glossy_process
 .data          0x00001128        0x2 contiki-sky.a(msp430.o)
 .data          0x0000112a        0x0 contiki-sky.a(leds.o)
 .data          0x0000112a        0x0 contiki-sky.a(watchdog.o)
 .data          0x0000112a        0x0 contiki-sky.a(xmem.o)
 .data          0x0000112a        0x0 contiki-sky.a(cc2420.o)
 .data          0x0000112a        0x0 contiki-sky.a(node-id.o)
 .data          0x0000112a        0x0 contiki-sky.a(uart1.o)
 .data          0x0000112a        0x0 contiki-sky.a(clock.o)
 .data          0x0000112a        0x0 contiki-sky.a(leds-arch.o)
 .data          0x0000112a        0x0 contiki-sky.a(uart1-putchar.o)
 .data          0x0000112a        0x0 contiki-sky.a(rtimer-arch.o)
 .data          0x0000112a        0x0 contiki-sky.a(timer.o)
 .data          0x0000112a        0x0 contiki-sky.a(ringbuf.o)
 .data          0x0000112a        0x0 contiki-sky.a(spi.o)
 .data          0x0000112a        0x0 /usr/lib/gcc/msp430/4.5.3/mmpy-16/libgcc.a(_mulsi3.o)
 .data          0x0000112a        0x0 /usr/lib/gcc/msp430/4.5.3/mmpy-16/libgcc.a(_divmodhi4.o)
 .data          0x0000112a        0x0 /usr/lib/gcc/msp430/4.5.3/mmpy-16/libgcc.a(_udivmodsi4.o)
 .data          0x0000112a        0x0 /usr/lib/gcc/msp430/4.5.3/mmpy-16/libgcc.a(_fixunssfsi.o)
 .data          0x0000112a        0x0 /usr/lib/gcc/msp430/4.5.3/mmpy-16/libgcc.a(_addsub_sf.o)
 .data          0x0000112a        0x0 /usr/lib/gcc/msp430/4.5.3/mmpy-16/libgcc.a(_mul_sf.o)
 .data          0x0000112a        0x0 /usr/lib/gcc/msp430/4.5.3/mmpy-16/libgcc.a(_div_sf.o)
 .data          0x0000112a        0x0 /usr/lib/gcc/msp430/4.5.3/mmpy-16/libgcc.a(_ge_sf.o)
 .data          0x0000112a        0x0 /usr/lib/gcc/msp430/4.5.3/mmpy-16/libgcc.a(_sf_to_si.o)
 .data          0x0000112a        0x0 /usr/lib/gcc/msp430/4.5.3/mmpy-16/libgcc.a(_thenan_sf.o)
 .data          0x0000112a        0x0 /usr/lib/gcc/msp430/4.5.3/mmpy-16/libgcc.a(_usi_to_sf.o)
 .data          0x0000112a        0x0 /usr/lib/gcc/msp430/4.5.3/mmpy-16/libgcc.a(_udivmodhi4.o)
 .data          0x0000112a        0x0 /usr/lib/gcc/msp430/4.5.3/mmpy-16/libgcc.a(_clzsi2.o)
 .data          0x0000112a        0x0 /usr/lib/gcc/msp430/4.5.3/mmpy-16/libgcc.a(_pack_sf.o)
 .data          0x0000112a        0x0 /usr/lib/gcc/msp430/4.5.3/mmpy-16/libgcc.a(_unpack_sf.o)
 .data          0x0000112a        0x0 /usr/lib/gcc/msp430/4.5.3/mmpy-16/libgcc.a(_fpcmp_parts_sf.o)
 .data          0x0000112a        0x0 /usr/lib/gcc/msp430/4.5.3/mmpy-16/libgcc.a(_clz.o)
 .data          0x0000112a        0x0 /usr/lib/gcc/msp430/4.5.3/../../../../msp430/lib/mmpy-16/libc.a(memcpy.o)
 .data          0x0000112a        0x0 /usr/lib/gcc/msp430/4.5.3/../../../../msp430/lib/mmpy-16/libc.a(malloc.o)
 .data          0x0000112a        0x0 /usr/lib/gcc/msp430/4.5.3/../../../../msp430/lib/mmpy-16/libc.a(printf.o)
 .data          0x0000112a        0x0 /usr/lib/gcc/msp430/4.5.3/../../../../msp430/lib/mmpy-16/libc.a(vuprintf.o)
 .data          0x0000112a        0x0 /usr/lib/gcc/msp430/4.5.3/../../../../msp430/lib/mmpy-16/libc.a(puts.o)
 .data          0x0000112a        0x0 /usr/lib/gcc/msp430/4.5.3/mmpy-16/libcrt0.a(_reset_vector__.o)
 .data          0x0000112a        0x0 /usr/lib/gcc/msp430/4.5.3/mmpy-16/libcrt0.a(__init_stack.o)
 .data          0x0000112a        0x0 /usr/lib/gcc/msp430/4.5.3/mmpy-16/libcrt0.a(__low_level_init.o)
 .data          0x0000112a        0x0 /usr/lib/gcc/msp430/4.5.3/mmpy-16/libcrt0.a(_copy_data.o)
 .data          0x0000112a        0x0 /usr/lib/gcc/msp430/4.5.3/mmpy-16/libcrt0.a(_clear_bss.o)
 .data          0x0000112a        0x0 /usr/lib/gcc/msp430/4.5.3/mmpy-16/libcrt0.a(__stop_progExec__.o)
 .data          0x0000112a        0x0 /usr/lib/gcc/msp430/4.5.3/mmpy-16/libcrt0.a(_endless_loop__.o)
 .data          0x0000112a        0x0 /usr/lib/gcc/msp430/4.5.3/mmpy-16/libcrt0.a(_unexpected_.o)
 *(SORT(.data.*))
                0x0000112a                . = ALIGN (0x2)
 *(.gnu.linkonce.d*)
                0x0000112a                . = ALIGN (0x2)
                0x0000112a                _edata = .
                0x000083fc                PROVIDE (__data_load_start, LOADADDR (.data))
                0x0000002a                PROVIDE (__data_size, SIZEOF (.data))

.bss            0x0000112a      0x186 load address 0x00008426
                0x0000112a                PROVIDE (__bss_start, .)
 *(.bss)
 .bss           0x0000112a        0x0 /usr/lib/gcc/msp430/4.5.3/mmpy-16/crt0ivtbl16.o
 .bss           0x0000112a       0x2c glossy-test-hda.co
 .bss           0x00001156        0x4 obj_sky/contiki-sky-main.o
 .bss           0x0000115a       0x42 contiki-sky.a(process.o)
                0x0000115a                process_list
                0x0000115c                process_current
 .bss           0x0000119c        0x0 contiki-sky.a(autostart.o)
 .bss           0x0000119c        0x6 contiki-sky.a(etimer.o)
 .bss           0x000011a2        0x0 contiki-sky.a(energest.o)
 .bss           0x000011a2        0x2 contiki-sky.a(rtimer.o)
 .bss           0x000011a4        0x0 contiki-sky.a(glossy_queue.o)
 .bss           0x000011a4       0x4e contiki-sky.a(glossy.o)
 .bss           0x000011f2        0x0 contiki-sky.a(msp430.o)
 .bss           0x000011f2        0x2 contiki-sky.a(leds.o)
 .bss           0x000011f4        0x6 contiki-sky.a(watchdog.o)
 .bss           0x000011fa        0x0 contiki-sky.a(xmem.o)
 .bss           0x000011fa        0x0 contiki-sky.a(cc2420.o)
 .bss           0x000011fa        0x2 contiki-sky.a(node-id.o)
                0x000011fa                node_id
 .bss           0x000011fc       0x4a contiki-sky.a(uart1.o)
 .bss           0x00001246        0xa contiki-sky.a(clock.o)
 .bss           0x00001250        0x0 contiki-sky.a(leds-arch.o)
 .bss           0x00001250        0x0 contiki-sky.a(uart1-putchar.o)
 .bss           0x00001250        0x0 contiki-sky.a(rtimer-arch.o)
 .bss           0x00001250        0x0 contiki-sky.a(timer.o)
 .bss           0x00001250        0x0 contiki-sky.a(ringbuf.o)
 .bss           0x00001250        0x2 contiki-sky.a(spi.o)
                0x00001250                spi_busy
 .bss           0x00001252        0x0 /usr/lib/gcc/msp430/4.5.3/mmpy-16/libgcc.a(_mulsi3.o)
 .bss           0x00001252        0x0 /usr/lib/gcc/msp430/4.5.3/mmpy-16/libgcc.a(_divmodhi4.o)
 .bss           0x00001252        0x0 /usr/lib/gcc/msp430/4.5.3/mmpy-16/libgcc.a(_udivmodsi4.o)
 .bss           0x00001252        0x0 /usr/lib/gcc/msp430/4.5.3/mmpy-16/libgcc.a(_fixunssfsi.o)
 .bss           0x00001252        0x0 /usr/lib/gcc/msp430/4.5.3/mmpy-16/libgcc.a(_addsub_sf.o)
 .bss           0x00001252        0x0 /usr/lib/gcc/msp430/4.5.3/mmpy-16/libgcc.a(_mul_sf.o)
 .bss           0x00001252        0x0 /usr/lib/gcc/msp430/4.5.3/mmpy-16/libgcc.a(_div_sf.o)
 .bss           0x00001252        0x0 /usr/lib/gcc/msp430/4.5.3/mmpy-16/libgcc.a(_ge_sf.o)
 .bss           0x00001252        0x0 /usr/lib/gcc/msp430/4.5.3/mmpy-16/libgcc.a(_sf_to_si.o)
 .bss           0x00001252        0x0 /usr/lib/gcc/msp430/4.5.3/mmpy-16/libgcc.a(_thenan_sf.o)
 .bss           0x00001252        0x0 /usr/lib/gcc/msp430/4.5.3/mmpy-16/libgcc.a(_usi_to_sf.o)
 .bss           0x00001252        0x0 /usr/lib/gcc/msp430/4.5.3/mmpy-16/libgcc.a(_udivmodhi4.o)
 .bss           0x00001252        0x0 /usr/lib/gcc/msp430/4.5.3/mmpy-16/libgcc.a(_clzsi2.o)
 .bss           0x00001252        0x0 /usr/lib/gcc/msp430/4.5.3/mmpy-16/libgcc.a(_pack_sf.o)
 .bss           0x00001252        0x0 /usr/lib/gcc/msp430/4.5.3/mmpy-16/libgcc.a(_unpack_sf.o)
 .bss           0x00001252        0x0 /usr/lib/gcc/msp430/4.5.3/mmpy-16/libgcc.a(_fpcmp_parts_sf.o)
 .bss           0x00001252        0x0 /usr/lib/gcc/msp430/4.5.3/mmpy-16/libgcc.a(_clz.o)
 .bss           0x00001252        0x0 /usr/lib/gcc/msp430/4.5.3/../../../../msp430/lib/mmpy-16/libc.a(memcpy.o)
 .bss           0x00001252        0x1 /usr/lib/gcc/msp430/4.5.3/../../../../msp430/lib/mmpy-16/libc.a(malloc.o)
 .bss           0x00001253        0x0 /usr/lib/gcc/msp430/4.5.3/../../../../msp430/lib/mmpy-16/libc.a(printf.o)
 .bss           0x00001253        0x0 /usr/lib/gcc/msp430/4.5.3/../../../../msp430/lib/mmpy-16/libc.a(vuprintf.o)
 .bss           0x00001253        0x0 /usr/lib/gcc/msp430/4.5.3/../../../../msp430/lib/mmpy-16/libc.a(puts.o)
 .bss           0x00001253        0x0 /usr/lib/gcc/msp430/4.5.3/mmpy-16/libcrt0.a(_reset_vector__.o)
 .bss           0x00001253        0x0 /usr/lib/gcc/msp430/4.5.3/mmpy-16/libcrt0.a(__init_stack.o)
 .bss           0x00001253        0x0 /usr/lib/gcc/msp430/4.5.3/mmpy-16/libcrt0.a(__low_level_init.o)
 .bss           0x00001253        0x0 /usr/lib/gcc/msp430/4.5.3/mmpy-16/libcrt0.a(_copy_data.o)
 .bss           0x00001253        0x0 /usr/lib/gcc/msp430/4.5.3/mmpy-16/libcrt0.a(_clear_bss.o)
 .bss           0x00001253        0x0 /usr/lib/gcc/msp430/4.5.3/mmpy-16/libcrt0.a(__stop_progExec__.o)
 .bss           0x00001253        0x0 /usr/lib/gcc/msp430/4.5.3/mmpy-16/libcrt0.a(_endless_loop__.o)
 .bss           0x00001253        0x0 /usr/lib/gcc/msp430/4.5.3/mmpy-16/libcrt0.a(_unexpected_.o)
 *(SORT(.bss.*))
 *(COMMON)
 *fill*         0x00001253        0x1 00
 COMMON         0x00001254        0x2 glossy-test-hda.co
                0x00001254                myQueue
 COMMON         0x00001256        0x1 contiki-sky.a(process.o)
                0x00001256                process_maxevents
 *fill*         0x00001257        0x1 00
 COMMON         0x00001258       0x56 contiki-sky.a(energest.o)
                0x00001258                energest_total_time
                0x00001288                energest_total_count
                0x0000128a                energest_current_mode
                0x00001296                energest_current_time
 COMMON         0x000012ae        0x2 contiki-sky.a(glossy_queue.o)
                0x000012ae                queueADT
                0x000012b0                PROVIDE (__bss_end, .)
                0x000012b0                _end = .
                0x00000186                PROVIDE (__bss_size, SIZEOF (.bss))

.noinit         0x000012b0        0x0 load address 0x00008426
                0x000012b0                PROVIDE (__noinit_start, .)
 *(.noinit)
 *(.noinit.*)
 *(COMMON)
                0x000012b0                PROVIDE (__noinit_end, .)
                0x000012b0                _end = .

.infomem        0x00001000        0x0
 *(.infomem)
                0x00001000                . = ALIGN (0x2)
 *(.infomem.*)

.infomemnobits  0x00001000        0x0
                0x00001000                . = ALIGN (0x2)
 *(.infomemnobits)
                0x00001000                . = ALIGN (0x2)
 *(.infomemnobits.*)

.vectors        0x0000ffe0       0x20
                0x0000ffe0                PROVIDE (__vectors_start, .)
 *(.vectors*)
 .vectors       0x0000ffe0       0x20 /usr/lib/gcc/msp430/4.5.3/mmpy-16/crt0ivtbl16.o
                0x0000ffe0                __ivtbl_16
                0x00010000                _vectors_end = .

.fartext        0x00000000        0x0
                0x00000000                . = ALIGN (0x2)
 *(.fartext)
                0x00000000                . = ALIGN (0x2)
 *(.fartext.*)
                0x00000000                _efartext = .

.profiler
 *(.profiler)

.stab
 *(.stab)

.stabstr
 *(.stabstr)

.stab.excl
 *(.stab.excl)

.stab.exclstr
 *(.stab.exclstr)

.stab.index
 *(.stab.index)

.stab.indexstr
 *(.stab.indexstr)

.comment
 *(.comment)

.debug
 *(.debug)

.line
 *(.line)

.debug_srcinfo
 *(.debug_srcinfo)

.debug_sfnames
 *(.debug_sfnames)

.debug_aranges  0x00000000      0x3d8
 *(.debug_aranges)
 .debug_aranges
                0x00000000       0x14 glossy-test-hda.co
 .debug_aranges
                0x00000014       0x14 obj_sky/contiki-sky-main.o
 .debug_aranges
                0x00000028       0x14 contiki-sky.a(process.o)
 .debug_aranges
                0x0000003c       0x14 contiki-sky.a(autostart.o)
 .debug_aranges
                0x00000050       0x14 contiki-sky.a(etimer.o)
 .debug_aranges
                0x00000064       0x14 contiki-sky.a(energest.o)
 .debug_aranges
                0x00000078       0x14 contiki-sky.a(rtimer.o)
 .debug_aranges
                0x0000008c       0x14 contiki-sky.a(glossy_queue.o)
 .debug_aranges
                0x000000a0       0x18 contiki-sky.a(glossy.o)
 .debug_aranges
                0x000000b8       0x14 contiki-sky.a(msp430.o)
 .debug_aranges
                0x000000cc       0x14 contiki-sky.a(leds.o)
 .debug_aranges
                0x000000e0       0x14 contiki-sky.a(watchdog.o)
 .debug_aranges
                0x000000f4       0x14 contiki-sky.a(xmem.o)
 .debug_aranges
                0x00000108       0x14 contiki-sky.a(cc2420.o)
 .debug_aranges
                0x0000011c       0x14 contiki-sky.a(node-id.o)
 .debug_aranges
                0x00000130       0x14 contiki-sky.a(uart1.o)
 .debug_aranges
                0x00000144       0x14 contiki-sky.a(clock.o)
 .debug_aranges
                0x00000158       0x14 contiki-sky.a(leds-arch.o)
 .debug_aranges
                0x0000016c       0x14 contiki-sky.a(uart1-putchar.o)
 .debug_aranges
                0x00000180       0x14 contiki-sky.a(rtimer-arch.o)
 .debug_aranges
                0x00000194       0x14 contiki-sky.a(timer.o)
 .debug_aranges
                0x000001a8       0x14 contiki-sky.a(ringbuf.o)
 .debug_aranges
                0x000001bc       0x14 contiki-sky.a(spi.o)
 .debug_aranges
                0x000001d0       0x14 /usr/lib/gcc/msp430/4.5.3/mmpy-16/libgcc.a(_mulsi3.o)
 .debug_aranges
                0x000001e4       0x14 /usr/lib/gcc/msp430/4.5.3/mmpy-16/libgcc.a(_divmodhi4.o)
 .debug_aranges
                0x000001f8       0x14 /usr/lib/gcc/msp430/4.5.3/mmpy-16/libgcc.a(_udivmodsi4.o)
 .debug_aranges
                0x0000020c       0x14 /usr/lib/gcc/msp430/4.5.3/mmpy-16/libgcc.a(_fixunssfsi.o)
 .debug_aranges
                0x00000220       0x14 /usr/lib/gcc/msp430/4.5.3/mmpy-16/libgcc.a(_addsub_sf.o)
 .debug_aranges
                0x00000234       0x14 /usr/lib/gcc/msp430/4.5.3/mmpy-16/libgcc.a(_mul_sf.o)
 .debug_aranges
                0x00000248       0x14 /usr/lib/gcc/msp430/4.5.3/mmpy-16/libgcc.a(_div_sf.o)
 .debug_aranges
                0x0000025c       0x14 /usr/lib/gcc/msp430/4.5.3/mmpy-16/libgcc.a(_ge_sf.o)
 .debug_aranges
                0x00000270       0x14 /usr/lib/gcc/msp430/4.5.3/mmpy-16/libgcc.a(_sf_to_si.o)
 .debug_aranges
                0x00000284       0x14 /usr/lib/gcc/msp430/4.5.3/mmpy-16/libgcc.a(_usi_to_sf.o)
 .debug_aranges
                0x00000298       0x14 /usr/lib/gcc/msp430/4.5.3/mmpy-16/libgcc.a(_udivmodhi4.o)
 .debug_aranges
                0x000002ac       0x14 /usr/lib/gcc/msp430/4.5.3/mmpy-16/libgcc.a(_clzsi2.o)
 .debug_aranges
                0x000002c0       0x14 /usr/lib/gcc/msp430/4.5.3/mmpy-16/libgcc.a(_pack_sf.o)
 .debug_aranges
                0x000002d4       0x14 /usr/lib/gcc/msp430/4.5.3/mmpy-16/libgcc.a(_unpack_sf.o)
 .debug_aranges
                0x000002e8       0x14 /usr/lib/gcc/msp430/4.5.3/mmpy-16/libgcc.a(_fpcmp_parts_sf.o)
 .debug_aranges
                0x000002fc       0x14 /usr/lib/gcc/msp430/4.5.3/../../../../msp430/lib/mmpy-16/libc.a(memcpy.o)
 .debug_aranges
                0x00000310       0x14 /usr/lib/gcc/msp430/4.5.3/../../../../msp430/lib/mmpy-16/libc.a(malloc.o)
 .debug_aranges
                0x00000324       0x14 /usr/lib/gcc/msp430/4.5.3/../../../../msp430/lib/mmpy-16/libc.a(printf.o)
 .debug_aranges
                0x00000338       0x14 /usr/lib/gcc/msp430/4.5.3/../../../../msp430/lib/mmpy-16/libc.a(vuprintf.o)
 .debug_aranges
                0x0000034c       0x14 /usr/lib/gcc/msp430/4.5.3/../../../../msp430/lib/mmpy-16/libc.a(puts.o)
 .debug_aranges
                0x00000360       0x14 /usr/lib/gcc/msp430/4.5.3/mmpy-16/libcrt0.a(__init_stack.o)
 .debug_aranges
                0x00000374       0x14 /usr/lib/gcc/msp430/4.5.3/mmpy-16/libcrt0.a(__low_level_init.o)
 .debug_aranges
                0x00000388       0x14 /usr/lib/gcc/msp430/4.5.3/mmpy-16/libcrt0.a(_copy_data.o)
 .debug_aranges
                0x0000039c       0x14 /usr/lib/gcc/msp430/4.5.3/mmpy-16/libcrt0.a(_clear_bss.o)
 .debug_aranges
                0x000003b0       0x14 /usr/lib/gcc/msp430/4.5.3/mmpy-16/libcrt0.a(_endless_loop__.o)
 .debug_aranges
                0x000003c4       0x14 /usr/lib/gcc/msp430/4.5.3/mmpy-16/libcrt0.a(_unexpected_.o)

.debug_pubnames
                0x00000000      0xe5b
 *(.debug_pubnames)
 .debug_pubnames
                0x00000000       0x9c glossy-test-hda.co
 .debug_pubnames
                0x0000009c       0x1b obj_sky/contiki-sky-main.o
 .debug_pubnames
                0x000000b7      0x10d contiki-sky.a(process.o)
 .debug_pubnames
                0x000001c4       0x39 contiki-sky.a(autostart.o)
 .debug_pubnames
                0x000001fd      0x109 contiki-sky.a(etimer.o)
 .debug_pubnames
                0x00000306       0xec contiki-sky.a(energest.o)
 .debug_pubnames
                0x000003f2       0x45 contiki-sky.a(rtimer.o)
 .debug_pubnames
                0x00000437       0x6e contiki-sky.a(glossy_queue.o)
 .debug_pubnames
                0x000004a5      0x1ce contiki-sky.a(glossy.o)
 .debug_pubnames
                0x00000673       0x88 contiki-sky.a(msp430.o)
 .debug_pubnames
                0x000006fb       0xa1 contiki-sky.a(leds.o)
 .debug_pubnames
                0x0000079c       0x8a contiki-sky.a(watchdog.o)
 .debug_pubnames
                0x00000826       0x4e contiki-sky.a(xmem.o)
 .debug_pubnames
                0x00000874       0x39 contiki-sky.a(cc2420.o)
 .debug_pubnames
                0x000008ad       0x43 contiki-sky.a(node-id.o)
 .debug_pubnames
                0x000008f0       0x85 contiki-sky.a(uart1.o)
 .debug_pubnames
                0x00000975       0xda contiki-sky.a(clock.o)
 .debug_pubnames
                0x00000a4f       0x49 contiki-sky.a(leds-arch.o)
 .debug_pubnames
                0x00000a98       0x1e contiki-sky.a(uart1-putchar.o)
 .debug_pubnames
                0x00000ab6       0x4c contiki-sky.a(rtimer-arch.o)
 .debug_pubnames
                0x00000b02       0x68 contiki-sky.a(timer.o)
 .debug_pubnames
                0x00000b6a       0x69 contiki-sky.a(ringbuf.o)
 .debug_pubnames
                0x00000bd3       0x2c contiki-sky.a(spi.o)
 .debug_pubnames
                0x00000bff       0x23 /usr/lib/gcc/msp430/4.5.3/mmpy-16/libgcc.a(_fixunssfsi.o)
 .debug_pubnames
                0x00000c22       0x2c /usr/lib/gcc/msp430/4.5.3/mmpy-16/libgcc.a(_addsub_sf.o)
 .debug_pubnames
                0x00000c4e       0x1f /usr/lib/gcc/msp430/4.5.3/mmpy-16/libgcc.a(_mul_sf.o)
 .debug_pubnames
                0x00000c6d       0x1f /usr/lib/gcc/msp430/4.5.3/mmpy-16/libgcc.a(_div_sf.o)
 .debug_pubnames
                0x00000c8c       0x1e /usr/lib/gcc/msp430/4.5.3/mmpy-16/libgcc.a(_ge_sf.o)
 .debug_pubnames
                0x00000caa       0x20 /usr/lib/gcc/msp430/4.5.3/mmpy-16/libgcc.a(_sf_to_si.o)
 .debug_pubnames
                0x00000cca       0x22 /usr/lib/gcc/msp430/4.5.3/mmpy-16/libgcc.a(_thenan_sf.o)
 .debug_pubnames
                0x00000cec       0x24 /usr/lib/gcc/msp430/4.5.3/mmpy-16/libgcc.a(_usi_to_sf.o)
 .debug_pubnames
                0x00000d10       0x1f /usr/lib/gcc/msp430/4.5.3/mmpy-16/libgcc.a(_clzsi2.o)
 .debug_pubnames
                0x00000d2f       0x1f /usr/lib/gcc/msp430/4.5.3/mmpy-16/libgcc.a(_pack_sf.o)
 .debug_pubnames
                0x00000d4e       0x21 /usr/lib/gcc/msp430/4.5.3/mmpy-16/libgcc.a(_unpack_sf.o)
 .debug_pubnames
                0x00000d6f       0x26 /usr/lib/gcc/msp430/4.5.3/mmpy-16/libgcc.a(_fpcmp_parts_sf.o)
 .debug_pubnames
                0x00000d95       0x20 /usr/lib/gcc/msp430/4.5.3/mmpy-16/libgcc.a(_clz.o)
 .debug_pubnames
                0x00000db5       0x1d /usr/lib/gcc/msp430/4.5.3/../../../../msp430/lib/mmpy-16/libc.a(memcpy.o)
 .debug_pubnames
                0x00000dd2       0x26 /usr/lib/gcc/msp430/4.5.3/../../../../msp430/lib/mmpy-16/libc.a(malloc.o)
 .debug_pubnames
                0x00000df8       0x29 /usr/lib/gcc/msp430/4.5.3/../../../../msp430/lib/mmpy-16/libc.a(printf.o)
 .debug_pubnames
                0x00000e21       0x1f /usr/lib/gcc/msp430/4.5.3/../../../../msp430/lib/mmpy-16/libc.a(vuprintf.o)
 .debug_pubnames
                0x00000e40       0x1b /usr/lib/gcc/msp430/4.5.3/../../../../msp430/lib/mmpy-16/libc.a(puts.o)

.debug_info     0x00000000     0x7ccc
 *(.debug_info)
 .debug_info    0x00000000      0x65b glossy-test-hda.co
 .debug_info    0x0000065b      0x38e obj_sky/contiki-sky-main.o
 .debug_info    0x000009e9      0x51b contiki-sky.a(process.o)
 .debug_info    0x00000f04      0x1ad contiki-sky.a(autostart.o)
 .debug_info    0x000010b1      0x494 contiki-sky.a(etimer.o)
 .debug_info    0x00001545      0x29e contiki-sky.a(energest.o)
 .debug_info    0x000017e3      0x203 contiki-sky.a(rtimer.o)
 .debug_info    0x000019e6      0x19b contiki-sky.a(glossy_queue.o)
 .debug_info    0x00001b81     0x1139 contiki-sky.a(glossy.o)
 .debug_info    0x00002cba      0x436 contiki-sky.a(msp430.o)
 .debug_info    0x000030f0      0x331 contiki-sky.a(leds.o)
 .debug_info    0x00003421      0x266 contiki-sky.a(watchdog.o)
 .debug_info    0x00003687      0x548 contiki-sky.a(xmem.o)
 .debug_info    0x00003bcf      0x40c contiki-sky.a(cc2420.o)
 .debug_info    0x00003fdb       0xeb contiki-sky.a(node-id.o)
 .debug_info    0x000040c6      0x3bd contiki-sky.a(uart1.o)
 .debug_info    0x00004483      0x413 contiki-sky.a(clock.o)
 .debug_info    0x00004896       0xfd contiki-sky.a(leds-arch.o)
 .debug_info    0x00004993       0x8b contiki-sky.a(uart1-putchar.o)
 .debug_info    0x00004a1e      0x125 contiki-sky.a(rtimer-arch.o)
 .debug_info    0x00004b43      0x170 contiki-sky.a(timer.o)
 .debug_info    0x00004cb3      0x1b0 contiki-sky.a(ringbuf.o)
 .debug_info    0x00004e63      0x1c1 contiki-sky.a(spi.o)
 .debug_info    0x00005024       0xd7 /usr/lib/gcc/msp430/4.5.3/mmpy-16/libgcc.a(_mulsi3.o)
 .debug_info    0x000050fb       0xd7 /usr/lib/gcc/msp430/4.5.3/mmpy-16/libgcc.a(_divmodhi4.o)
 .debug_info    0x000051d2       0xd7 /usr/lib/gcc/msp430/4.5.3/mmpy-16/libgcc.a(_udivmodsi4.o)
 .debug_info    0x000052a9       0xae /usr/lib/gcc/msp430/4.5.3/mmpy-16/libgcc.a(_fixunssfsi.o)
 .debug_info    0x00005357      0x432 /usr/lib/gcc/msp430/4.5.3/mmpy-16/libgcc.a(_addsub_sf.o)
 .debug_info    0x00005789      0x3d6 /usr/lib/gcc/msp430/4.5.3/mmpy-16/libgcc.a(_mul_sf.o)
 .debug_info    0x00005b5f      0x369 /usr/lib/gcc/msp430/4.5.3/mmpy-16/libgcc.a(_div_sf.o)
 .debug_info    0x00005ec8      0x27b /usr/lib/gcc/msp430/4.5.3/mmpy-16/libgcc.a(_ge_sf.o)
 .debug_info    0x00006143      0x296 /usr/lib/gcc/msp430/4.5.3/mmpy-16/libgcc.a(_sf_to_si.o)
 .debug_info    0x000063d9      0x151 /usr/lib/gcc/msp430/4.5.3/mmpy-16/libgcc.a(_thenan_sf.o)
 .debug_info    0x0000652a      0x217 /usr/lib/gcc/msp430/4.5.3/mmpy-16/libgcc.a(_usi_to_sf.o)
 .debug_info    0x00006741       0xd7 /usr/lib/gcc/msp430/4.5.3/mmpy-16/libgcc.a(_udivmodhi4.o)
 .debug_info    0x00006818      0x115 /usr/lib/gcc/msp430/4.5.3/mmpy-16/libgcc.a(_clzsi2.o)
 .debug_info    0x0000692d      0x2c2 /usr/lib/gcc/msp430/4.5.3/mmpy-16/libgcc.a(_pack_sf.o)
 .debug_info    0x00006bef      0x24d /usr/lib/gcc/msp430/4.5.3/mmpy-16/libgcc.a(_unpack_sf.o)
 .debug_info    0x00006e3c      0x1e2 /usr/lib/gcc/msp430/4.5.3/mmpy-16/libgcc.a(_fpcmp_parts_sf.o)
 .debug_info    0x0000701e       0x99 /usr/lib/gcc/msp430/4.5.3/mmpy-16/libgcc.a(_clz.o)
 .debug_info    0x000070b7      0x113 /usr/lib/gcc/msp430/4.5.3/../../../../msp430/lib/mmpy-16/libc.a(memcpy.o)
 .debug_info    0x000071ca      0x15e /usr/lib/gcc/msp430/4.5.3/../../../../msp430/lib/mmpy-16/libc.a(malloc.o)
 .debug_info    0x00007328      0x103 /usr/lib/gcc/msp430/4.5.3/../../../../msp430/lib/mmpy-16/libc.a(printf.o)
 .debug_info    0x0000742b      0x3b5 /usr/lib/gcc/msp430/4.5.3/../../../../msp430/lib/mmpy-16/libc.a(vuprintf.o)
 .debug_info    0x000077e0       0x96 /usr/lib/gcc/msp430/4.5.3/../../../../msp430/lib/mmpy-16/libc.a(puts.o)
 .debug_info    0x00007876       0xb9 /usr/lib/gcc/msp430/4.5.3/mmpy-16/libcrt0.a(__init_stack.o)
 .debug_info    0x0000792f       0xb9 /usr/lib/gcc/msp430/4.5.3/mmpy-16/libcrt0.a(__low_level_init.o)
 .debug_info    0x000079e8       0xb9 /usr/lib/gcc/msp430/4.5.3/mmpy-16/libcrt0.a(_copy_data.o)
 .debug_info    0x00007aa1       0xb9 /usr/lib/gcc/msp430/4.5.3/mmpy-16/libcrt0.a(_clear_bss.o)
 .debug_info    0x00007b5a       0xb9 /usr/lib/gcc/msp430/4.5.3/mmpy-16/libcrt0.a(_endless_loop__.o)
 .debug_info    0x00007c13       0xb9 /usr/lib/gcc/msp430/4.5.3/mmpy-16/libcrt0.a(_unexpected_.o)
 *(.gnu.linkonce.wi.*)

.debug_abbrev   0x00000000     0x3631
 *(.debug_abbrev)
 .debug_abbrev  0x00000000      0x298 glossy-test-hda.co
 .debug_abbrev  0x00000298      0x1ab obj_sky/contiki-sky-main.o
 .debug_abbrev  0x00000443      0x2f6 contiki-sky.a(process.o)
 .debug_abbrev  0x00000739       0xf5 contiki-sky.a(autostart.o)
 .debug_abbrev  0x0000082e      0x229 contiki-sky.a(etimer.o)
 .debug_abbrev  0x00000a57      0x15f contiki-sky.a(energest.o)
 .debug_abbrev  0x00000bb6      0x139 contiki-sky.a(rtimer.o)
 .debug_abbrev  0x00000cef      0x126 contiki-sky.a(glossy_queue.o)
 .debug_abbrev  0x00000e15      0x418 contiki-sky.a(glossy.o)
 .debug_abbrev  0x0000122d      0x155 contiki-sky.a(msp430.o)
 .debug_abbrev  0x00001382      0x161 contiki-sky.a(leds.o)
 .debug_abbrev  0x000014e3      0x14c contiki-sky.a(watchdog.o)
 .debug_abbrev  0x0000162f      0x21f contiki-sky.a(xmem.o)
 .debug_abbrev  0x0000184e      0x143 contiki-sky.a(cc2420.o)
 .debug_abbrev  0x00001991       0x93 contiki-sky.a(node-id.o)
 .debug_abbrev  0x00001a24      0x162 contiki-sky.a(uart1.o)
 .debug_abbrev  0x00001b86      0x1b5 contiki-sky.a(clock.o)
 .debug_abbrev  0x00001d3b       0x97 contiki-sky.a(leds-arch.o)
 .debug_abbrev  0x00001dd2       0x50 contiki-sky.a(uart1-putchar.o)
 .debug_abbrev  0x00001e22       0xa2 contiki-sky.a(rtimer-arch.o)
 .debug_abbrev  0x00001ec4       0xf8 contiki-sky.a(timer.o)
 .debug_abbrev  0x00001fbc      0x109 contiki-sky.a(ringbuf.o)
 .debug_abbrev  0x000020c5       0x97 contiki-sky.a(spi.o)
 .debug_abbrev  0x0000215c       0x14 /usr/lib/gcc/msp430/4.5.3/mmpy-16/libgcc.a(_mulsi3.o)
 .debug_abbrev  0x00002170       0x14 /usr/lib/gcc/msp430/4.5.3/mmpy-16/libgcc.a(_divmodhi4.o)
 .debug_abbrev  0x00002184       0x14 /usr/lib/gcc/msp430/4.5.3/mmpy-16/libgcc.a(_udivmodsi4.o)
 .debug_abbrev  0x00002198       0x5d /usr/lib/gcc/msp430/4.5.3/mmpy-16/libgcc.a(_fixunssfsi.o)
 .debug_abbrev  0x000021f5      0x1ab /usr/lib/gcc/msp430/4.5.3/mmpy-16/libgcc.a(_addsub_sf.o)
 .debug_abbrev  0x000023a0      0x1d9 /usr/lib/gcc/msp430/4.5.3/mmpy-16/libgcc.a(_mul_sf.o)
 .debug_abbrev  0x00002579      0x1c4 /usr/lib/gcc/msp430/4.5.3/mmpy-16/libgcc.a(_div_sf.o)
 .debug_abbrev  0x0000273d      0x151 /usr/lib/gcc/msp430/4.5.3/mmpy-16/libgcc.a(_ge_sf.o)
 .debug_abbrev  0x0000288e      0x160 /usr/lib/gcc/msp430/4.5.3/mmpy-16/libgcc.a(_sf_to_si.o)
 .debug_abbrev  0x000029ee       0xcb /usr/lib/gcc/msp430/4.5.3/mmpy-16/libgcc.a(_thenan_sf.o)
 .debug_abbrev  0x00002ab9      0x16d /usr/lib/gcc/msp430/4.5.3/mmpy-16/libgcc.a(_usi_to_sf.o)
 .debug_abbrev  0x00002c26       0x14 /usr/lib/gcc/msp430/4.5.3/mmpy-16/libgcc.a(_udivmodhi4.o)
 .debug_abbrev  0x00002c3a       0xbd /usr/lib/gcc/msp430/4.5.3/mmpy-16/libgcc.a(_clzsi2.o)
 .debug_abbrev  0x00002cf7      0x183 /usr/lib/gcc/msp430/4.5.3/mmpy-16/libgcc.a(_pack_sf.o)
 .debug_abbrev  0x00002e7a      0x14b /usr/lib/gcc/msp430/4.5.3/mmpy-16/libgcc.a(_unpack_sf.o)
 .debug_abbrev  0x00002fc5      0x10b /usr/lib/gcc/msp430/4.5.3/mmpy-16/libgcc.a(_fpcmp_parts_sf.o)
 .debug_abbrev  0x000030d0       0x61 /usr/lib/gcc/msp430/4.5.3/mmpy-16/libgcc.a(_clz.o)
 .debug_abbrev  0x00003131       0x97 /usr/lib/gcc/msp430/4.5.3/../../../../msp430/lib/mmpy-16/libc.a(memcpy.o)
 .debug_abbrev  0x000031c8       0xf8 /usr/lib/gcc/msp430/4.5.3/../../../../msp430/lib/mmpy-16/libc.a(malloc.o)
 .debug_abbrev  0x000032c0       0xce /usr/lib/gcc/msp430/4.5.3/../../../../msp430/lib/mmpy-16/libc.a(printf.o)
 .debug_abbrev  0x0000338e      0x1cb /usr/lib/gcc/msp430/4.5.3/../../../../msp430/lib/mmpy-16/libc.a(vuprintf.o)
 .debug_abbrev  0x00003559       0x60 /usr/lib/gcc/msp430/4.5.3/../../../../msp430/lib/mmpy-16/libc.a(puts.o)
 .debug_abbrev  0x000035b9       0x14 /usr/lib/gcc/msp430/4.5.3/mmpy-16/libcrt0.a(__init_stack.o)
 .debug_abbrev  0x000035cd       0x14 /usr/lib/gcc/msp430/4.5.3/mmpy-16/libcrt0.a(__low_level_init.o)
 .debug_abbrev  0x000035e1       0x14 /usr/lib/gcc/msp430/4.5.3/mmpy-16/libcrt0.a(_copy_data.o)
 .debug_abbrev  0x000035f5       0x14 /usr/lib/gcc/msp430/4.5.3/mmpy-16/libcrt0.a(_clear_bss.o)
 .debug_abbrev  0x00003609       0x14 /usr/lib/gcc/msp430/4.5.3/mmpy-16/libcrt0.a(_endless_loop__.o)
 .debug_abbrev  0x0000361d       0x14 /usr/lib/gcc/msp430/4.5.3/mmpy-16/libcrt0.a(_unexpected_.o)

.debug_line     0x00000000     0x309b
 *(.debug_line)
 .debug_line    0x00000000      0x203 glossy-test-hda.co
 .debug_line    0x00000203      0x16d obj_sky/contiki-sky-main.o
 .debug_line    0x00000370      0x13d contiki-sky.a(process.o)
 .debug_line    0x000004ad       0x96 contiki-sky.a(autostart.o)
 .debug_line    0x00000543      0x168 contiki-sky.a(etimer.o)
 .debug_line    0x000006ab       0xe1 contiki-sky.a(energest.o)
 .debug_line    0x0000078c       0x81 contiki-sky.a(rtimer.o)
 .debug_line    0x0000080d       0x78 contiki-sky.a(glossy_queue.o)
 .debug_line    0x00000885      0x4e6 contiki-sky.a(glossy.o)
 .debug_line    0x00000d6b      0x145 contiki-sky.a(msp430.o)
 .debug_line    0x00000eb0      0x12b contiki-sky.a(leds.o)
 .debug_line    0x00000fdb       0xec contiki-sky.a(watchdog.o)
 .debug_line    0x000010c7      0x1be contiki-sky.a(xmem.o)
 .debug_line    0x00001285      0x2a4 contiki-sky.a(cc2420.o)
 .debug_line    0x00001529       0x6e contiki-sky.a(node-id.o)
 .debug_line    0x00001597      0x106 contiki-sky.a(uart1.o)
 .debug_line    0x0000169d      0x167 contiki-sky.a(clock.o)
 .debug_line    0x00001804       0xdb contiki-sky.a(leds-arch.o)
 .debug_line    0x000018df       0x95 contiki-sky.a(uart1-putchar.o)
 .debug_line    0x00001974       0xbe contiki-sky.a(rtimer-arch.o)
 .debug_line    0x00001a32       0xa2 contiki-sky.a(timer.o)
 .debug_line    0x00001ad4       0xb3 contiki-sky.a(ringbuf.o)
 .debug_line    0x00001b87       0x96 contiki-sky.a(spi.o)
 .debug_line    0x00001c1d       0x9d /usr/lib/gcc/msp430/4.5.3/mmpy-16/libgcc.a(_mulsi3.o)
 .debug_line    0x00001cba       0xa5 /usr/lib/gcc/msp430/4.5.3/mmpy-16/libgcc.a(_divmodhi4.o)
 .debug_line    0x00001d5f       0xa1 /usr/lib/gcc/msp430/4.5.3/mmpy-16/libgcc.a(_udivmodsi4.o)
 .debug_line    0x00001e00       0x94 /usr/lib/gcc/msp430/4.5.3/mmpy-16/libgcc.a(_fixunssfsi.o)
 .debug_line    0x00001e94      0x144 /usr/lib/gcc/msp430/4.5.3/mmpy-16/libgcc.a(_addsub_sf.o)
 .debug_line    0x00001fd8      0x13d /usr/lib/gcc/msp430/4.5.3/mmpy-16/libgcc.a(_mul_sf.o)
 .debug_line    0x00002115      0x102 /usr/lib/gcc/msp430/4.5.3/mmpy-16/libgcc.a(_div_sf.o)
 .debug_line    0x00002217       0xb1 /usr/lib/gcc/msp430/4.5.3/mmpy-16/libgcc.a(_ge_sf.o)
 .debug_line    0x000022c8       0xc3 /usr/lib/gcc/msp430/4.5.3/mmpy-16/libgcc.a(_sf_to_si.o)
 .debug_line    0x0000238b       0x94 /usr/lib/gcc/msp430/4.5.3/mmpy-16/libgcc.a(_thenan_sf.o)
 .debug_line    0x0000241f       0xc4 /usr/lib/gcc/msp430/4.5.3/mmpy-16/libgcc.a(_usi_to_sf.o)
 .debug_line    0x000024e3       0x9a /usr/lib/gcc/msp430/4.5.3/mmpy-16/libgcc.a(_udivmodhi4.o)
 .debug_line    0x0000257d       0xbd /usr/lib/gcc/msp430/4.5.3/mmpy-16/libgcc.a(_clzsi2.o)
 .debug_line    0x0000263a       0xfd /usr/lib/gcc/msp430/4.5.3/mmpy-16/libgcc.a(_pack_sf.o)
 .debug_line    0x00002737       0xd9 /usr/lib/gcc/msp430/4.5.3/mmpy-16/libgcc.a(_unpack_sf.o)
 .debug_line    0x00002810       0xe8 /usr/lib/gcc/msp430/4.5.3/mmpy-16/libgcc.a(_fpcmp_parts_sf.o)
 .debug_line    0x000028f8       0x80 /usr/lib/gcc/msp430/4.5.3/mmpy-16/libgcc.a(_clz.o)
 .debug_line    0x00002978       0xf3 /usr/lib/gcc/msp430/4.5.3/../../../../msp430/lib/mmpy-16/libc.a(memcpy.o)
 .debug_line    0x00002a6b       0xbe /usr/lib/gcc/msp430/4.5.3/../../../../msp430/lib/mmpy-16/libc.a(malloc.o)
 .debug_line    0x00002b29       0x72 /usr/lib/gcc/msp430/4.5.3/../../../../msp430/lib/mmpy-16/libc.a(printf.o)
 .debug_line    0x00002b9b      0x198 /usr/lib/gcc/msp430/4.5.3/../../../../msp430/lib/mmpy-16/libc.a(vuprintf.o)
 .debug_line    0x00002d33       0x4d /usr/lib/gcc/msp430/4.5.3/../../../../msp430/lib/mmpy-16/libc.a(puts.o)
 .debug_line    0x00002d80       0x82 /usr/lib/gcc/msp430/4.5.3/mmpy-16/libcrt0.a(__init_stack.o)
 .debug_line    0x00002e02       0x84 /usr/lib/gcc/msp430/4.5.3/mmpy-16/libcrt0.a(__low_level_init.o)
 .debug_line    0x00002e86       0x88 /usr/lib/gcc/msp430/4.5.3/mmpy-16/libcrt0.a(_copy_data.o)
 .debug_line    0x00002f0e       0x88 /usr/lib/gcc/msp430/4.5.3/mmpy-16/libcrt0.a(_clear_bss.o)
 .debug_line    0x00002f96       0x83 /usr/lib/gcc/msp430/4.5.3/mmpy-16/libcrt0.a(_endless_loop__.o)
 .debug_line    0x00003019       0x82 /usr/lib/gcc/msp430/4.5.3/mmpy-16/libcrt0.a(_unexpected_.o)

.debug_frame    0x00000000     0x105e
 *(.debug_frame)
 .debug_frame   0x00000000      0x172 glossy-test-hda.co
 .debug_frame   0x00000172       0x50 obj_sky/contiki-sky-main.o
 .debug_frame   0x000001c2       0xe8 contiki-sky.a(process.o)
 .debug_frame   0x000002aa       0x36 contiki-sky.a(autostart.o)
 .debug_frame   0x000002e0       0xf8 contiki-sky.a(etimer.o)
 .debug_frame   0x000003d8       0x62 contiki-sky.a(energest.o)
 .debug_frame   0x0000043a       0x36 contiki-sky.a(rtimer.o)
 .debug_frame   0x00000470       0x78 contiki-sky.a(glossy_queue.o)
 .debug_frame   0x000004e8      0x1c2 contiki-sky.a(glossy.o)
 .debug_frame   0x000006aa       0x8c contiki-sky.a(msp430.o)
 .debug_frame   0x00000736       0x9c contiki-sky.a(leds.o)
 .debug_frame   0x000007d2       0xae contiki-sky.a(watchdog.o)
 .debug_frame   0x00000880       0xbe contiki-sky.a(xmem.o)
 .debug_frame   0x0000093e       0x46 contiki-sky.a(cc2420.o)
 .debug_frame   0x00000984       0x32 contiki-sky.a(node-id.o)
 .debug_frame   0x000009b6       0x88 contiki-sky.a(uart1.o)
 .debug_frame   0x00000a3e       0xd0 contiki-sky.a(clock.o)
 .debug_frame   0x00000b0e       0x36 contiki-sky.a(leds-arch.o)
 .debug_frame   0x00000b44       0x24 contiki-sky.a(uart1-putchar.o)
 .debug_frame   0x00000b68       0x4a contiki-sky.a(rtimer-arch.o)
 .debug_frame   0x00000bb2       0x6a contiki-sky.a(timer.o)
 .debug_frame   0x00000c1c       0x62 contiki-sky.a(ringbuf.o)
 .debug_frame   0x00000c7e       0x1e contiki-sky.a(spi.o)
 .debug_frame   0x00000c9c       0x28 /usr/lib/gcc/msp430/4.5.3/mmpy-16/libgcc.a(_fixunssfsi.o)
 .debug_frame   0x00000cc4       0x7e /usr/lib/gcc/msp430/4.5.3/mmpy-16/libgcc.a(_addsub_sf.o)
 .debug_frame   0x00000d42       0x4a /usr/lib/gcc/msp430/4.5.3/mmpy-16/libgcc.a(_mul_sf.o)
 .debug_frame   0x00000d8c       0x44 /usr/lib/gcc/msp430/4.5.3/mmpy-16/libgcc.a(_div_sf.o)
 .debug_frame   0x00000dd0       0x2c /usr/lib/gcc/msp430/4.5.3/mmpy-16/libgcc.a(_ge_sf.o)
 .debug_frame   0x00000dfc       0x22 /usr/lib/gcc/msp430/4.5.3/mmpy-16/libgcc.a(_sf_to_si.o)
 .debug_frame   0x00000e1e       0x3a /usr/lib/gcc/msp430/4.5.3/mmpy-16/libgcc.a(_usi_to_sf.o)
 .debug_frame   0x00000e58       0x24 /usr/lib/gcc/msp430/4.5.3/mmpy-16/libgcc.a(_clzsi2.o)
 .debug_frame   0x00000e7c       0x3c /usr/lib/gcc/msp430/4.5.3/mmpy-16/libgcc.a(_pack_sf.o)
 .debug_frame   0x00000eb8       0x2e /usr/lib/gcc/msp430/4.5.3/mmpy-16/libgcc.a(_unpack_sf.o)
 .debug_frame   0x00000ee6       0x24 /usr/lib/gcc/msp430/4.5.3/mmpy-16/libgcc.a(_fpcmp_parts_sf.o)
 .debug_frame   0x00000f0a       0x32 /usr/lib/gcc/msp430/4.5.3/../../../../msp430/lib/mmpy-16/libc.a(memcpy.o)
 .debug_frame   0x00000f3c       0x52 /usr/lib/gcc/msp430/4.5.3/../../../../msp430/lib/mmpy-16/libc.a(malloc.o)
 .debug_frame   0x00000f8e       0x2a /usr/lib/gcc/msp430/4.5.3/../../../../msp430/lib/mmpy-16/libc.a(printf.o)
 .debug_frame   0x00000fb8       0x82 /usr/lib/gcc/msp430/4.5.3/../../../../msp430/lib/mmpy-16/libc.a(vuprintf.o)
 .debug_frame   0x0000103a       0x24 /usr/lib/gcc/msp430/4.5.3/../../../../msp430/lib/mmpy-16/libc.a(puts.o)

.debug_str      0x00000000     0x1f44
 *(.debug_str)
 .debug_str     0x00000000      0x3e2 glossy-test-hda.co
                                0x497 (size before relaxing)
 .debug_str     0x000003e2       0x9f obj_sky/contiki-sky-main.o
                                0x318 (size before relaxing)
 .debug_str     0x00000481      0x178 contiki-sky.a(process.o)
                                0x28b (size before relaxing)
 .debug_str     0x000005f9       0x3a contiki-sky.a(autostart.o)
                                0x143 (size before relaxing)
 .debug_str     0x00000633      0x150 contiki-sky.a(etimer.o)
                                0x298 (size before relaxing)
 .debug_str     0x00000783       0x9b contiki-sky.a(energest.o)
                                0x2e2 (size before relaxing)
 .debug_str     0x0000081e       0xa1 contiki-sky.a(rtimer.o)
                                0x2ac (size before relaxing)
 .debug_str     0x000008bf       0x55 contiki-sky.a(glossy_queue.o)
                                0x14c (size before relaxing)
 .debug_str     0x00000914      0x97c contiki-sky.a(glossy.o)
                                0xd96 (size before relaxing)
 .debug_str     0x00001290      0x105 contiki-sky.a(msp430.o)
                                0x25c (size before relaxing)
 .debug_str     0x00001395       0x94 contiki-sky.a(leds.o)
                                0x2e2 (size before relaxing)
 .debug_str     0x00001429       0xca contiki-sky.a(watchdog.o)
                                0x19f (size before relaxing)
 .debug_str     0x000014f3       0xbc contiki-sky.a(xmem.o)
                                0x35c (size before relaxing)
 .debug_str     0x000015af       0x37 contiki-sky.a(cc2420.o)
                                0x51e (size before relaxing)
 .debug_str     0x000015e6       0x3c contiki-sky.a(node-id.o)
                                 0xf6 (size before relaxing)
 .debug_str     0x00001622      0x133 contiki-sky.a(uart1.o)
                                0x25a (size before relaxing)
 .debug_str     0x00001755       0xd5 contiki-sky.a(clock.o)
                                0x36c (size before relaxing)
 .debug_str     0x0000182a       0x5c contiki-sky.a(leds-arch.o)
                                0x11f (size before relaxing)
 .debug_str     0x00001886       0x2d contiki-sky.a(uart1-putchar.o)
                                 0xdf (size before relaxing)
 .debug_str     0x000018b3       0x64 contiki-sky.a(rtimer-arch.o)
                                0x143 (size before relaxing)
 .debug_str     0x00001917       0x27 contiki-sky.a(timer.o)
                                0x132 (size before relaxing)
 .debug_str     0x0000193e       0x64 contiki-sky.a(ringbuf.o)
                                0x145 (size before relaxing)
 .debug_str     0x000019a2       0x62 contiki-sky.a(spi.o)
                                0x15c (size before relaxing)
 .debug_str     0x00001a04       0xcf /usr/lib/gcc/msp430/4.5.3/mmpy-16/libgcc.a(_fixunssfsi.o)
                                0x14f (size before relaxing)
 .debug_str     0x00001ad3      0x14f /usr/lib/gcc/msp430/4.5.3/mmpy-16/libgcc.a(_addsub_sf.o)
                                0x22c (size before relaxing)
 .debug_str     0x00001c22       0x27 /usr/lib/gcc/msp430/4.5.3/mmpy-16/libgcc.a(_mul_sf.o)
                                0x1e5 (size before relaxing)
 .debug_str     0x00001c49       0x35 /usr/lib/gcc/msp430/4.5.3/mmpy-16/libgcc.a(_div_sf.o)
                                0x1ee (size before relaxing)
 .debug_str     0x00001c7e        0x8 /usr/lib/gcc/msp430/4.5.3/mmpy-16/libgcc.a(_ge_sf.o)
                                0x1b3 (size before relaxing)
 .debug_str     0x00001c86        0xa /usr/lib/gcc/msp430/4.5.3/mmpy-16/libgcc.a(_sf_to_si.o)
                                0x1bc (size before relaxing)
 .debug_str     0x00000000      0x15e /usr/lib/gcc/msp430/4.5.3/mmpy-16/libgcc.a(_thenan_sf.o)
 .debug_str     0x00001c90       0x2a /usr/lib/gcc/msp430/4.5.3/mmpy-16/libgcc.a(_usi_to_sf.o)
                                0x19e (size before relaxing)
 .debug_str     0x00001cba       0x17 /usr/lib/gcc/msp430/4.5.3/mmpy-16/libgcc.a(_clzsi2.o)
                                0x15b (size before relaxing)
 .debug_str     0x00001cd1       0x10 /usr/lib/gcc/msp430/4.5.3/mmpy-16/libgcc.a(_pack_sf.o)
                                0x1bb (size before relaxing)
 .debug_str     0x00001ce1        0xb /usr/lib/gcc/msp430/4.5.3/mmpy-16/libgcc.a(_unpack_sf.o)
                                0x19d (size before relaxing)
 .debug_str     0x00001cec       0x10 /usr/lib/gcc/msp430/4.5.3/mmpy-16/libgcc.a(_fpcmp_parts_sf.o)
                                0x181 (size before relaxing)
 .debug_str     0x00000000      0x13e /usr/lib/gcc/msp430/4.5.3/mmpy-16/libgcc.a(_clz.o)
 .debug_str     0x00001cfc       0x4d /usr/lib/gcc/msp430/4.5.3/../../../../msp430/lib/mmpy-16/libc.a(memcpy.o)
                                 0xed (size before relaxing)
 .debug_str     0x00001d49       0x52 /usr/lib/gcc/msp430/4.5.3/../../../../msp430/lib/mmpy-16/libc.a(malloc.o)
                                0x119 (size before relaxing)
 .debug_str     0x00001d9b       0x40 /usr/lib/gcc/msp430/4.5.3/../../../../msp430/lib/mmpy-16/libc.a(printf.o)
                                0x101 (size before relaxing)
 .debug_str     0x00001ddb      0x154 /usr/lib/gcc/msp430/4.5.3/../../../../msp430/lib/mmpy-16/libc.a(vuprintf.o)
                                0x25d (size before relaxing)
 .debug_str     0x00001f2f       0x15 /usr/lib/gcc/msp430/4.5.3/../../../../msp430/lib/mmpy-16/libc.a(puts.o)
                                 0xc7 (size before relaxing)

.debug_loc      0x00000000     0x2a20
 *(.debug_loc)
 .debug_loc     0x00000000      0x4c7 glossy-test-hda.co
 .debug_loc     0x000004c7       0xa1 obj_sky/contiki-sky-main.o
 .debug_loc     0x00000568      0x20d contiki-sky.a(process.o)
 .debug_loc     0x00000775       0x56 contiki-sky.a(autostart.o)
 .debug_loc     0x000007cb      0x285 contiki-sky.a(etimer.o)
 .debug_loc     0x00000a50       0x83 contiki-sky.a(energest.o)
 .debug_loc     0x00000ad3       0x5b contiki-sky.a(rtimer.o)
 .debug_loc     0x00000b2e       0x70 contiki-sky.a(glossy_queue.o)
 .debug_loc     0x00000b9e      0x238 contiki-sky.a(glossy.o)
 .debug_loc     0x00000dd6       0xed contiki-sky.a(msp430.o)
 .debug_loc     0x00000ec3       0xbd contiki-sky.a(leds.o)
 .debug_loc     0x00000f80       0xaa contiki-sky.a(watchdog.o)
 .debug_loc     0x0000102a      0x2a1 contiki-sky.a(xmem.o)
 .debug_loc     0x000012cb       0xa4 contiki-sky.a(cc2420.o)
 .debug_loc     0x0000136f       0x33 contiki-sky.a(node-id.o)
 .debug_loc     0x000013a2       0x99 contiki-sky.a(uart1.o)
 .debug_loc     0x0000143b       0xaa contiki-sky.a(clock.o)
 .debug_loc     0x000014e5        0xb contiki-sky.a(leds-arch.o)
 .debug_loc     0x000014f0       0x2d contiki-sky.a(uart1-putchar.o)
 .debug_loc     0x0000151d       0x2c contiki-sky.a(rtimer-arch.o)
 .debug_loc     0x00001549       0xb9 contiki-sky.a(timer.o)
 .debug_loc     0x00001602       0xab contiki-sky.a(ringbuf.o)
 .debug_loc     0x000016ad       0x44 /usr/lib/gcc/msp430/4.5.3/mmpy-16/libgcc.a(_fixunssfsi.o)
 .debug_loc     0x000016f1      0x315 /usr/lib/gcc/msp430/4.5.3/mmpy-16/libgcc.a(_addsub_sf.o)
 .debug_loc     0x00001a06      0x266 /usr/lib/gcc/msp430/4.5.3/mmpy-16/libgcc.a(_mul_sf.o)
 .debug_loc     0x00001c6c      0x16c /usr/lib/gcc/msp430/4.5.3/mmpy-16/libgcc.a(_div_sf.o)
 .debug_loc     0x00001dd8       0x4c /usr/lib/gcc/msp430/4.5.3/mmpy-16/libgcc.a(_ge_sf.o)
 .debug_loc     0x00001e24       0x3c /usr/lib/gcc/msp430/4.5.3/mmpy-16/libgcc.a(_sf_to_si.o)
 .debug_loc     0x00001e60       0xc6 /usr/lib/gcc/msp430/4.5.3/mmpy-16/libgcc.a(_usi_to_sf.o)
 .debug_loc     0x00001f26       0x58 /usr/lib/gcc/msp430/4.5.3/mmpy-16/libgcc.a(_clzsi2.o)
 .debug_loc     0x00001f7e      0x18a /usr/lib/gcc/msp430/4.5.3/mmpy-16/libgcc.a(_pack_sf.o)
 .debug_loc     0x00002108       0xc5 /usr/lib/gcc/msp430/4.5.3/mmpy-16/libgcc.a(_unpack_sf.o)
 .debug_loc     0x000021cd       0x5b /usr/lib/gcc/msp430/4.5.3/mmpy-16/libgcc.a(_fpcmp_parts_sf.o)
 .debug_loc     0x00002228      0x1d6 /usr/lib/gcc/msp430/4.5.3/../../../../msp430/lib/mmpy-16/libc.a(memcpy.o)
 .debug_loc     0x000023fe      0x135 /usr/lib/gcc/msp430/4.5.3/../../../../msp430/lib/mmpy-16/libc.a(malloc.o)
 .debug_loc     0x00002533       0x24 /usr/lib/gcc/msp430/4.5.3/../../../../msp430/lib/mmpy-16/libc.a(printf.o)
 .debug_loc     0x00002557      0x49c /usr/lib/gcc/msp430/4.5.3/../../../../msp430/lib/mmpy-16/libc.a(vuprintf.o)
 .debug_loc     0x000029f3       0x2d /usr/lib/gcc/msp430/4.5.3/../../../../msp430/lib/mmpy-16/libc.a(puts.o)

.debug_macinfo
 *(.debug_macinfo)

.debug_pubtypes
                0x00000000      0xd7f
 *(.debug_pubtypes)
 .debug_pubtypes
                0x00000000       0xd8 glossy-test-hda.co
 .debug_pubtypes
                0x000000d8       0x89 obj_sky/contiki-sky-main.o
 .debug_pubtypes
                0x00000161       0x7d contiki-sky.a(process.o)
 .debug_pubtypes
                0x000001de       0x55 contiki-sky.a(autostart.o)
 .debug_pubtypes
                0x00000233       0x7b contiki-sky.a(etimer.o)
 .debug_pubtypes
                0x000002ae       0x46 contiki-sky.a(energest.o)
 .debug_pubtypes
                0x000002f4       0x58 contiki-sky.a(rtimer.o)
 .debug_pubtypes
                0x0000034c       0x36 contiki-sky.a(glossy_queue.o)
 .debug_pubtypes
                0x00000382       0xfb contiki-sky.a(glossy.o)
 .debug_pubtypes
                0x0000047d       0x44 contiki-sky.a(msp430.o)
 .debug_pubtypes
                0x000004c1       0x46 contiki-sky.a(leds.o)
 .debug_pubtypes
                0x00000507       0x1e contiki-sky.a(watchdog.o)
 .debug_pubtypes
                0x00000525       0x46 contiki-sky.a(xmem.o)
 .debug_pubtypes
                0x0000056b       0x5f contiki-sky.a(cc2420.o)
 .debug_pubtypes
                0x000005ca       0x12 contiki-sky.a(node-id.o)
 .debug_pubtypes
                0x000005dc       0x2a contiki-sky.a(uart1.o)
 .debug_pubtypes
                0x00000606       0x57 contiki-sky.a(clock.o)
 .debug_pubtypes
                0x0000065d       0x12 contiki-sky.a(leds-arch.o)
 .debug_pubtypes
                0x0000066f       0x12 contiki-sky.a(uart1-putchar.o)
 .debug_pubtypes
                0x00000681       0x25 contiki-sky.a(rtimer-arch.o)
 .debug_pubtypes
                0x000006a6       0x2d contiki-sky.a(timer.o)
 .debug_pubtypes
                0x000006d3       0x2a contiki-sky.a(ringbuf.o)
 .debug_pubtypes
                0x000006fd       0x12 contiki-sky.a(spi.o)
 .debug_pubtypes
                0x0000070f       0x34 /usr/lib/gcc/msp430/4.5.3/mmpy-16/libgcc.a(_fixunssfsi.o)
 .debug_pubtypes
                0x00000743       0x9d /usr/lib/gcc/msp430/4.5.3/mmpy-16/libgcc.a(_addsub_sf.o)
 .debug_pubtypes
                0x000007e0       0x86 /usr/lib/gcc/msp430/4.5.3/mmpy-16/libgcc.a(_mul_sf.o)
 .debug_pubtypes
                0x00000866       0x86 /usr/lib/gcc/msp430/4.5.3/mmpy-16/libgcc.a(_div_sf.o)
 .debug_pubtypes
                0x000008ec       0x91 /usr/lib/gcc/msp430/4.5.3/mmpy-16/libgcc.a(_ge_sf.o)
 .debug_pubtypes
                0x0000097d       0x91 /usr/lib/gcc/msp430/4.5.3/mmpy-16/libgcc.a(_sf_to_si.o)
 .debug_pubtypes
                0x00000a0e       0x5b /usr/lib/gcc/msp430/4.5.3/mmpy-16/libgcc.a(_thenan_sf.o)
 .debug_pubtypes
                0x00000a69       0x73 /usr/lib/gcc/msp430/4.5.3/mmpy-16/libgcc.a(_usi_to_sf.o)
 .debug_pubtypes
                0x00000adc       0x35 /usr/lib/gcc/msp430/4.5.3/mmpy-16/libgcc.a(_clzsi2.o)
 .debug_pubtypes
                0x00000b11       0x86 /usr/lib/gcc/msp430/4.5.3/mmpy-16/libgcc.a(_pack_sf.o)
 .debug_pubtypes
                0x00000b97       0x86 /usr/lib/gcc/msp430/4.5.3/mmpy-16/libgcc.a(_unpack_sf.o)
 .debug_pubtypes
                0x00000c1d       0x5b /usr/lib/gcc/msp430/4.5.3/mmpy-16/libgcc.a(_fpcmp_parts_sf.o)
 .debug_pubtypes
                0x00000c78       0x1e /usr/lib/gcc/msp430/4.5.3/mmpy-16/libgcc.a(_clz.o)
 .debug_pubtypes
                0x00000c96       0x26 /usr/lib/gcc/msp430/4.5.3/../../../../msp430/lib/mmpy-16/libc.a(memcpy.o)
 .debug_pubtypes
                0x00000cbc       0x2a /usr/lib/gcc/msp430/4.5.3/../../../../msp430/lib/mmpy-16/libc.a(malloc.o)
 .debug_pubtypes
                0x00000ce6       0x31 /usr/lib/gcc/msp430/4.5.3/../../../../msp430/lib/mmpy-16/libc.a(printf.o)
 .debug_pubtypes
                0x00000d17       0x56 /usr/lib/gcc/msp430/4.5.3/../../../../msp430/lib/mmpy-16/libc.a(vuprintf.o)
 .debug_pubtypes
                0x00000d6d       0x12 /usr/lib/gcc/msp430/4.5.3/../../../../msp430/lib/mmpy-16/libc.a(puts.o)

.debug_ranges   0x00000000       0xb0
 *(.debug_ranges)
 .debug_ranges  0x00000000        0x8 obj_sky/contiki-sky-main.o
 .debug_ranges  0x00000008        0xc contiki-sky.a(glossy.o)
 .debug_ranges  0x00000014       0x14 /usr/lib/gcc/msp430/4.5.3/mmpy-16/libgcc.a(_addsub_sf.o)
 .debug_ranges  0x00000028       0x28 /usr/lib/gcc/msp430/4.5.3/mmpy-16/libgcc.a(_mul_sf.o)
 .debug_ranges  0x00000050       0x24 /usr/lib/gcc/msp430/4.5.3/mmpy-16/libgcc.a(_div_sf.o)
 .debug_ranges  0x00000074        0xc /usr/lib/gcc/msp430/4.5.3/mmpy-16/libgcc.a(_usi_to_sf.o)
 .debug_ranges  0x00000080        0xc /usr/lib/gcc/msp430/4.5.3/mmpy-16/libgcc.a(_clzsi2.o)
 .debug_ranges  0x0000008c       0x18 /usr/lib/gcc/msp430/4.5.3/mmpy-16/libgcc.a(_pack_sf.o)
 .debug_ranges  0x000000a4        0xc /usr/lib/gcc/msp430/4.5.3/../../../../msp430/lib/mmpy-16/libc.a(vuprintf.o)
                0x00003900                PROVIDE (__stack, (ORIGIN (ram) + 0x2800))
                0x000083fc                PROVIDE (__data_start_rom, _etext)
                0x00008426                PROVIDE (__data_end_rom, (_etext + SIZEOF (.data)))
OUTPUT(glossy-test-hda.sky elf32-msp430)

.glossy         0x00004000      0x160
 .glossy        0x00004000      0x160 contiki-sky.a(glossy.o)
                0x00004000                timerb1_interrupt
                0x00004000                __isr_12
