Archive member included because of file (symbol)

contiki-sky.a(process.o)      obj_sky/contiki-sky-main.o (process_init)
contiki-sky.a(autostart.o)    obj_sky/contiki-sky-main.o (autostart_start)
contiki-sky.a(etimer.o)       obj_sky/contiki-sky-main.o (etimer_process)
contiki-sky.a(energest.o)     glossy-test-hda.co (energest_init)
contiki-sky.a(rtimer.o)       obj_sky/contiki-sky-main.o (rtimer_init)
contiki-sky.a(glossy_queue.o)
                              glossy-test-hda.co (QueueInit)
contiki-sky.a(glossy.o)       glossy-test-hda.co (glossy_stop)
contiki-sky.a(msp430.o)       contiki-sky.a(glossy.o) (w_memcpy)
contiki-sky.a(leds.o)         obj_sky/contiki-sky-main.o (leds_init)
contiki-sky.a(watchdog.o)     obj_sky/contiki-sky-main.o (watchdog_start)
contiki-sky.a(xmem.o)         obj_sky/contiki-sky-main.o (xmem_init)
contiki-sky.a(cc2420.o)       obj_sky/contiki-sky-main.o (cc2420_init)
contiki-sky.a(node-id.o)      obj_sky/contiki-sky-main.o (node_id_restore)
contiki-sky.a(uart1.o)        obj_sky/contiki-sky-main.o (uart1_active)
contiki-sky.a(clock.o)        contiki-sky.a(etimer.o) (clock_time)
contiki-sky.a(leds-arch.o)    contiki-sky.a(leds.o) (leds_arch_init)
contiki-sky.a(uart1-putchar.o)
                              obj_sky/contiki-sky-main.o (putchar)
contiki-sky.a(rtimer-arch.o)  contiki-sky.a(rtimer.o) (rtimer_arch_init)
contiki-sky.a(timer.o)        contiki-sky.a(etimer.o) (timer_set)
contiki-sky.a(ringbuf.o)      contiki-sky.a(uart1.o) (ringbuf_init)
contiki-sky.a(spi.o)          contiki-sky.a(xmem.o) (spi_init)
/usr/lib/gcc/msp430/4.5.3/mmpy-16/libgcc.a(_mulsi3.o)
                              contiki-sky.a(glossy.o) (__mulsi3)
/usr/lib/gcc/msp430/4.5.3/mmpy-16/libgcc.a(_divmodhi4.o)
                              glossy-test-hda.co (__divmodhi4)
/usr/lib/gcc/msp430/4.5.3/mmpy-16/libgcc.a(_udivmodsi4.o)
                              glossy-test-hda.co (__udivmodsi4)
/usr/lib/gcc/msp430/4.5.3/mmpy-16/libgcc.a(_fixunssfsi.o)
                              glossy-test-hda.co (__fixunssfsi)
/usr/lib/gcc/msp430/4.5.3/mmpy-16/libgcc.a(_addsub_sf.o)
                              glossy-test-hda.co (__addsf3)
/usr/lib/gcc/msp430/4.5.3/mmpy-16/libgcc.a(_mul_sf.o)
                              glossy-test-hda.co (__mulsf3)
/usr/lib/gcc/msp430/4.5.3/mmpy-16/libgcc.a(_div_sf.o)
                              glossy-test-hda.co (__divsf3)
/usr/lib/gcc/msp430/4.5.3/mmpy-16/libgcc.a(_ge_sf.o)
                              /usr/lib/gcc/msp430/4.5.3/mmpy-16/libgcc.a(_fixunssfsi.o) (__gesf2)
/usr/lib/gcc/msp430/4.5.3/mmpy-16/libgcc.a(_si_to_sf.o)
                              glossy-test-hda.co (__floatsisf)
/usr/lib/gcc/msp430/4.5.3/mmpy-16/libgcc.a(_sf_to_si.o)
                              /usr/lib/gcc/msp430/4.5.3/mmpy-16/libgcc.a(_fixunssfsi.o) (__fixsfsi)
/usr/lib/gcc/msp430/4.5.3/mmpy-16/libgcc.a(_thenan_sf.o)
                              /usr/lib/gcc/msp430/4.5.3/mmpy-16/libgcc.a(_addsub_sf.o) (__thenan_sf)
/usr/lib/gcc/msp430/4.5.3/mmpy-16/libgcc.a(_usi_to_sf.o)
                              glossy-test-hda.co (__floatunsisf)
/usr/lib/gcc/msp430/4.5.3/mmpy-16/libgcc.a(_udivmodhi4.o)
                              /usr/lib/gcc/msp430/4.5.3/mmpy-16/libgcc.a(_divmodhi4.o) (__udivmodhi4)
/usr/lib/gcc/msp430/4.5.3/mmpy-16/libgcc.a(_clzsi2.o)
                              /usr/lib/gcc/msp430/4.5.3/mmpy-16/libgcc.a(_si_to_sf.o) (__clzsi2)
/usr/lib/gcc/msp430/4.5.3/mmpy-16/libgcc.a(_pack_sf.o)
                              /usr/lib/gcc/msp430/4.5.3/mmpy-16/libgcc.a(_addsub_sf.o) (__pack_f)
/usr/lib/gcc/msp430/4.5.3/mmpy-16/libgcc.a(_unpack_sf.o)
                              /usr/lib/gcc/msp430/4.5.3/mmpy-16/libgcc.a(_addsub_sf.o) (__unpack_f)
/usr/lib/gcc/msp430/4.5.3/mmpy-16/libgcc.a(_fpcmp_parts_sf.o)
                              /usr/lib/gcc/msp430/4.5.3/mmpy-16/libgcc.a(_ge_sf.o) (__fpcmp_parts_f)
/usr/lib/gcc/msp430/4.5.3/mmpy-16/libgcc.a(_clz.o)
                              /usr/lib/gcc/msp430/4.5.3/mmpy-16/libgcc.a(_clzsi2.o) (__clz_tab)
/usr/lib/gcc/msp430/4.5.3/../../../../msp430/lib/mmpy-16/libc.a(memcpy.o)
                              glossy-test-hda.co (memcpy)
/usr/lib/gcc/msp430/4.5.3/../../../../msp430/lib/mmpy-16/libc.a(malloc.o)
                              contiki-sky.a(glossy.o) (malloc)
/usr/lib/gcc/msp430/4.5.3/../../../../msp430/lib/mmpy-16/libc.a(printf.o)
                              glossy-test-hda.co (printf)
/usr/lib/gcc/msp430/4.5.3/../../../../msp430/lib/mmpy-16/libc.a(vuprintf.o)
                              /usr/lib/gcc/msp430/4.5.3/../../../../msp430/lib/mmpy-16/libc.a(printf.o) (vuprintf)
/usr/lib/gcc/msp430/4.5.3/../../../../msp430/lib/mmpy-16/libc.a(puts.o)
                              glossy-test-hda.co (puts)
/usr/lib/gcc/msp430/4.5.3/../../../../msp430/lib/mmpy-16/libc.a(rand.o)
                              glossy-test-hda.co (rand)
/usr/lib/gcc/msp430/4.5.3/mmpy-16/libcrt0.a(_reset_vector__.o)
                              /usr/lib/gcc/msp430/4.5.3/mmpy-16/crt0ivtbl16.o (_reset_vector__)
/usr/lib/gcc/msp430/4.5.3/mmpy-16/libcrt0.a(__init_stack.o)
                              /usr/lib/gcc/msp430/4.5.3/mmpy-16/libcrt0.a(_reset_vector__.o) (__init_stack)
/usr/lib/gcc/msp430/4.5.3/mmpy-16/libcrt0.a(__low_level_init.o)
                              /usr/lib/gcc/msp430/4.5.3/mmpy-16/libcrt0.a(_reset_vector__.o) (__low_level_init)
/usr/lib/gcc/msp430/4.5.3/mmpy-16/libcrt0.a(_copy_data.o)
                              /usr/lib/gcc/msp430/4.5.3/mmpy-16/libcrt0.a(_reset_vector__.o) (__do_copy_data)
/usr/lib/gcc/msp430/4.5.3/mmpy-16/libcrt0.a(_clear_bss.o)
                              /usr/lib/gcc/msp430/4.5.3/mmpy-16/libcrt0.a(_reset_vector__.o) (__do_clear_bss)
/usr/lib/gcc/msp430/4.5.3/mmpy-16/libcrt0.a(__stop_progExec__.o)
                              /usr/lib/gcc/msp430/4.5.3/mmpy-16/libcrt0.a(_reset_vector__.o) (__stop_progExec__)
/usr/lib/gcc/msp430/4.5.3/mmpy-16/libcrt0.a(_endless_loop__.o)
                              /usr/lib/gcc/msp430/4.5.3/mmpy-16/libcrt0.a(_reset_vector__.o) (_endless_loop__)
/usr/lib/gcc/msp430/4.5.3/mmpy-16/libcrt0.a(_unexpected_.o)
                              /usr/lib/gcc/msp430/4.5.3/mmpy-16/crt0ivtbl16.o (_unexpected_)

Allocating common symbols
Common symbol       size              file

energest_total_time
                    0x30              contiki-sky.a(energest.o)
energest_total_count
                    0x2               contiki-sky.a(energest.o)
energest_current_mode
                    0xc               contiki-sky.a(energest.o)
process_maxevents   0x1               contiki-sky.a(process.o)
high_T_irq          0x2               glossy-test-hda.co
myQueue             0x16e             glossy-test-hda.co
bad_header          0x2               glossy-test-hda.co
bad_crc             0x2               glossy-test-hda.co
bad_length          0x2               glossy-test-hda.co
rx_timeout          0x2               glossy-test-hda.co
energest_current_time
                    0x18              contiki-sky.a(energest.o)

Memory Configuration

Name             Origin             Length             Attributes
sfr              0x00000000         0x00000010
peripheral_8bit  0x00000010         0x000000f0
peripheral_16bit 0x00000100         0x00000100
infomem          0x00001000         0x00000100
infob            0x00001000         0x00000080
infoa            0x00001080         0x00000080
ram              0x00001100         0x00002800         xw
rom              0x00004000         0x0000bfe0         xr
vectors          0x0000ffe0         0x00000020
bsl              0x00000000         0x00000000
infoc            0x00000000         0x00000000
infod            0x00000000         0x00000000
far_rom          0x00000000         0x00000000
*default*        0x00000000         0xffffffff

Linker script and memory map

LOAD /usr/lib/gcc/msp430/4.5.3/mmpy-16/crt0ivtbl16.o
Address of section .glossy set to 0x4000
Address of section .text set to 0x4400
LOAD glossy-test-hda.co
LOAD obj_sky/contiki-sky-main.o
LOAD contiki-sky.a
LOAD /usr/lib/gcc/msp430/4.5.3/mmpy-16/libgcc.a
LOAD /usr/lib/gcc/msp430/4.5.3/../../../../msp430/lib/mmpy-16/libc.a
LOAD /usr/lib/gcc/msp430/4.5.3/mmpy-16/libgcc.a
LOAD /usr/lib/gcc/msp430/4.5.3/mmpy-16/libcrt0.a
                0x00000000                __IE1 = 0x0
                0x00000002                __IFG1 = 0x2
                0x00000004                __ME1 = 0x4
                0x00000001                __IE2 = 0x1
                0x00000003                __IFG2 = 0x3
                0x00000005                __ME2 = 0x5
                0x00000120                __WDTCTL = 0x120
                0x00000130                __MPY = 0x130
                0x00000132                __MPYS = 0x132
                0x00000134                __MAC = 0x134
                0x00000136                __MACS = 0x136
                0x00000138                __OP2 = 0x138
                0x0000013a                __RESLO = 0x13a
                0x0000013c                __RESHI = 0x13c
                0x0000013e                __SUMEXT = 0x13e
                0x00000020                __P1IN = 0x20
                0x00000021                __P1OUT = 0x21
                0x00000022                __P1DIR = 0x22
                0x00000023                __P1IFG = 0x23
                0x00000024                __P1IES = 0x24
                0x00000025                __P1IE = 0x25
                0x00000026                __P1SEL = 0x26
                0x00000028                __P2IN = 0x28
                0x00000029                __P2OUT = 0x29
                0x0000002a                __P2DIR = 0x2a
                0x0000002b                __P2IFG = 0x2b
                0x0000002c                __P2IES = 0x2c
                0x0000002d                __P2IE = 0x2d
                0x0000002e                __P2SEL = 0x2e
                0x00000018                __P3IN = 0x18
                0x00000019                __P3OUT = 0x19
                0x0000001a                __P3DIR = 0x1a
                0x0000001b                __P3SEL = 0x1b
                0x0000001c                __P4IN = 0x1c
                0x0000001d                __P4OUT = 0x1d
                0x0000001e                __P4DIR = 0x1e
                0x0000001f                __P4SEL = 0x1f
                0x00000030                __P5IN = 0x30
                0x00000031                __P5OUT = 0x31
                0x00000032                __P5DIR = 0x32
                0x00000033                __P5SEL = 0x33
                0x00000034                __P6IN = 0x34
                0x00000035                __P6OUT = 0x35
                0x00000036                __P6DIR = 0x36
                0x00000037                __P6SEL = 0x37
                0x00000070                __U0CTL = 0x70
                0x00000071                __U0TCTL = 0x71
                0x00000072                __U0RCTL = 0x72
                0x00000073                __U0MCTL = 0x73
                0x00000074                __U0BR0 = 0x74
                0x00000075                __U0BR1 = 0x75
                0x00000076                __U0RXBUF = 0x76
                0x00000077                __U0TXBUF = 0x77
                0x00000078                __U1CTL = 0x78
                0x00000079                __U1TCTL = 0x79
                0x0000007a                __U1RCTL = 0x7a
                0x0000007b                __U1MCTL = 0x7b
                0x0000007c                __U1BR0 = 0x7c
                0x0000007d                __U1BR1 = 0x7d
                0x0000007e                __U1RXBUF = 0x7e
                0x0000007f                __U1TXBUF = 0x7f
                0x00000050                __I2CIE = 0x50
                0x00000051                __I2CIFG = 0x51
                0x00000052                __I2CNDAT = 0x52
                0x00000071                __I2CTCTL = 0x71
                0x00000072                __I2CDCTL = 0x72
                0x00000073                __I2CPSC = 0x73
                0x00000074                __I2CSCLH = 0x74
                0x00000075                __I2CSCLL = 0x75
                0x00000076                __I2CDRB = 0x76
                0x00000076                __I2CDRW = 0x76
                0x00000118                __I2COA = 0x118
                0x0000011a                __I2CSA = 0x11a
                0x0000011c                __I2CIV = 0x11c
                0x0000012e                __TAIV = 0x12e
                0x00000160                __TACTL = 0x160
                0x00000162                __TACCTL0 = 0x162
                0x00000164                __TACCTL1 = 0x164
                0x00000166                __TACCTL2 = 0x166
                0x00000170                __TAR = 0x170
                0x00000172                __TACCR0 = 0x172
                0x00000174                __TACCR1 = 0x174
                0x00000176                __TACCR2 = 0x176
                0x0000011e                __TBIV = 0x11e
                0x00000180                __TBCTL = 0x180
                0x00000182                __TBCCTL0 = 0x182
                0x00000184                __TBCCTL1 = 0x184
                0x00000186                __TBCCTL2 = 0x186
                0x00000188                __TBCCTL3 = 0x188
                0x0000018a                __TBCCTL4 = 0x18a
                0x0000018c                __TBCCTL5 = 0x18c
                0x0000018e                __TBCCTL6 = 0x18e
                0x00000190                __TBR = 0x190
                0x00000192                __TBCCR0 = 0x192
                0x00000194                __TBCCR1 = 0x194
                0x00000196                __TBCCR2 = 0x196
                0x00000198                __TBCCR3 = 0x198
                0x0000019a                __TBCCR4 = 0x19a
                0x0000019c                __TBCCR5 = 0x19c
                0x0000019e                __TBCCR6 = 0x19e
                0x00000056                __DCOCTL = 0x56
                0x00000057                __BCSCTL1 = 0x57
                0x00000058                __BCSCTL2 = 0x58
                0x00000055                __SVSCTL = 0x55
                0x00000128                __FCTL1 = 0x128
                0x0000012a                __FCTL2 = 0x12a
                0x0000012c                __FCTL3 = 0x12c
                0x00000059                __CACTL1 = 0x59
                0x0000005a                __CACTL2 = 0x5a
                0x0000005b                __CAPD = 0x5b
                0x000001a0                __ADC12CTL0 = 0x1a0
                0x000001a2                __ADC12CTL1 = 0x1a2
                0x000001a4                __ADC12IFG = 0x1a4
                0x000001a6                __ADC12IE = 0x1a6
                0x000001a8                __ADC12IV = 0x1a8
                0x00000140                __ADC12MEM0 = 0x140
                0x00000142                __ADC12MEM1 = 0x142
                0x00000144                __ADC12MEM2 = 0x144
                0x00000146                __ADC12MEM3 = 0x146
                0x00000148                __ADC12MEM4 = 0x148
                0x0000014a                __ADC12MEM5 = 0x14a
                0x0000014c                __ADC12MEM6 = 0x14c
                0x0000014e                __ADC12MEM7 = 0x14e
                0x00000150                __ADC12MEM8 = 0x150
                0x00000152                __ADC12MEM9 = 0x152
                0x00000154                __ADC12MEM10 = 0x154
                0x00000156                __ADC12MEM11 = 0x156
                0x00000158                __ADC12MEM12 = 0x158
                0x0000015a                __ADC12MEM13 = 0x15a
                0x0000015c                __ADC12MEM14 = 0x15c
                0x0000015e                __ADC12MEM15 = 0x15e
                0x00000080                __ADC12MCTL0 = 0x80
                0x00000081                __ADC12MCTL1 = 0x81
                0x00000082                __ADC12MCTL2 = 0x82
                0x00000083                __ADC12MCTL3 = 0x83
                0x00000084                __ADC12MCTL4 = 0x84
                0x00000085                __ADC12MCTL5 = 0x85
                0x00000086                __ADC12MCTL6 = 0x86
                0x00000087                __ADC12MCTL7 = 0x87
                0x00000088                __ADC12MCTL8 = 0x88
                0x00000089                __ADC12MCTL9 = 0x89
                0x0000008a                __ADC12MCTL10 = 0x8a
                0x0000008b                __ADC12MCTL11 = 0x8b
                0x0000008c                __ADC12MCTL12 = 0x8c
                0x0000008d                __ADC12MCTL13 = 0x8d
                0x0000008e                __ADC12MCTL14 = 0x8e
                0x0000008f                __ADC12MCTL15 = 0x8f
                0x000001c0                __DAC12_0CTL = 0x1c0
                0x000001c2                __DAC12_1CTL = 0x1c2
                0x000001c8                __DAC12_0DAT = 0x1c8
                0x000001ca                __DAC12_1DAT = 0x1ca
                0x00000122                __DMACTL0 = 0x122
                0x00000124                __DMACTL1 = 0x124
                0x000001e0                __DMA0CTL = 0x1e0
                0x000001e8                __DMA1CTL = 0x1e8
                0x000001f0                __DMA2CTL = 0x1f0
                0x000001e2                __DMA0SA = 0x1e2
                0x000001e4                __DMA0DA = 0x1e4
                0x000001e6                __DMA0SZ = 0x1e6
                0x000001ea                __DMA1SA = 0x1ea
                0x000001ec                __DMA1DA = 0x1ec
                0x000001ee                __DMA1SZ = 0x1ee
                0x000001f2                __DMA2SA = 0x1f2
                0x000001f4                __DMA2DA = 0x1f4
                0x000001f6                __DMA2SZ = 0x1f6

.hash
 *(.hash)

.dynsym
 *(.dynsym)

.dynstr
 *(.dynstr)

.gnu.version
 *(.gnu.version)

.gnu.version_d
 *(.gnu.version_d)

.gnu.version_r
 *(.gnu.version_r)

.rel.init
 *(.rel.init)

.rela.init
 *(.rela.init)

.rel.text
 *(.rel.text)
 *(.rel.text.*)
 *(.rel.gnu.linkonce.t*)

.rela.text
 *(.rela.text)
 *(.rela.text.*)
 *(.rela.gnu.linkonce.t*)

.rel.fini
 *(.rel.fini)

.rela.fini
 *(.rela.fini)

.rel.rodata
 *(.rel.rodata)
 *(.rel.rodata.*)
 *(.rel.gnu.linkonce.r*)

.rela.rodata
 *(.rela.rodata)
 *(.rela.rodata.*)
 *(.rela.gnu.linkonce.r*)

.rel.data
 *(.rel.data)
 *(.rel.data.*)
 *(.rel.gnu.linkonce.d*)

.rela.data
 *(.rela.data)
 *(.rela.data.*)
 *(.rela.gnu.linkonce.d*)

.rel.ctors
 *(.rel.ctors)

.rela.ctors
 *(.rela.ctors)

.rel.dtors
 *(.rel.dtors)

.rela.dtors
 *(.rela.dtors)

.rel.got
 *(.rel.got)

.rela.got
 *(.rela.got)

.rel.bss
 *(.rel.bss)

.rela.bss
 *(.rela.bss)

.rel.plt
 *(.rel.plt)

.rela.plt
 *(.rela.plt)

.text           0x00004400     0x4678
                0x00004400                . = ALIGN (0x2)
 *(.init)
 *(.init0)
 .init0         0x00004400        0x0 /usr/lib/gcc/msp430/4.5.3/mmpy-16/libcrt0.a(_reset_vector__.o)
                0x00004400                _reset_vector__
 *(.init1)
 *(.init2)
 .init2         0x00004400        0x4 /usr/lib/gcc/msp430/4.5.3/mmpy-16/libcrt0.a(__init_stack.o)
                0x00004400                __init_stack
 *(.init3)
 .init3         0x00004404        0xa /usr/lib/gcc/msp430/4.5.3/mmpy-16/libcrt0.a(__low_level_init.o)
                0x00004404                __low_level_init
 *(.init4)
 .init4         0x0000440e       0x16 /usr/lib/gcc/msp430/4.5.3/mmpy-16/libcrt0.a(_copy_data.o)
                0x0000440e                __do_copy_data
 .init4         0x00004424       0x14 /usr/lib/gcc/msp430/4.5.3/mmpy-16/libcrt0.a(_clear_bss.o)
                0x00004424                __do_clear_bss
 *(.init5)
 *(.init6)
 *(.init7)
 *(.init8)
 *(.init9)
 .init9         0x00004438      0x174 obj_sky/contiki-sky-main.o
                0x00004438                main
 *(.fini9)
 .fini9         0x000045ac        0x0 /usr/lib/gcc/msp430/4.5.3/mmpy-16/libcrt0.a(__stop_progExec__.o)
                0x000045ac                __stop_progExec__
 *(.fini8)
 *(.fini7)
 *(.fini6)
 *(.fini5)
 *(.fini4)
 *(.fini3)
 *(.fini2)
 *(.fini1)
 *(.fini0)
 .fini0         0x000045ac        0x6 /usr/lib/gcc/msp430/4.5.3/mmpy-16/libcrt0.a(_endless_loop__.o)
                0x000045ac                _endless_loop__
 *(.fini)
                0x000045b2                . = ALIGN (0x2)
                0x000045b2                __ctors_start = .
 *(.ctors)
                0x000045b2                __ctors_end = .
                0x000045b2                __dtors_start = .
 *(.dtors)
                0x000045b2                __dtors_end = .
                0x000045b2                . = ALIGN (0x2)
 *(.text)
 .text          0x000045b2        0x4 /usr/lib/gcc/msp430/4.5.3/mmpy-16/crt0ivtbl16.o
                0x000045b2                __isr_14
                0x000045b2                __isr_4
                0x000045b2                __isr_11
                0x000045b2                __isr_7
                0x000045b2                __isr_0
                0x000045b2                __isr_8
                0x000045b2                __isr_13
                0x000045b2                __isr_9
                0x000045b2                __isr_1
 .text          0x000045b6      0xb8a glossy-test-hda.co
                0x00004da0                glossy_scheduler
                0x00005100                packet_queue
                0x0000513c                autostart_processes
 .text          0x00005140       0x50 obj_sky/contiki-sky-main.o
 .text          0x00005190      0x298 contiki-sky.a(process.o)
                0x0000528c                process_alloc_event
                0x0000529a                process_exit
                0x000052a4                process_init
                0x000052c0                process_run
                0x0000535c                process_nevents
                0x00005368                process_post
                0x000053bc                process_post_synch
                0x000053ce                process_start
                0x00005400                process_poll
                0x0000541a                process_is_running
 .text          0x00005428       0x2e contiki-sky.a(autostart.o)
                0x00005428                autostart_start
                0x00005440                autostart_exit
 .text          0x00005456      0x26e contiki-sky.a(etimer.o)
                0x000054ce                etimer_request_poll
                0x000055de                etimer_set
                0x000055f0                etimer_reset
                0x00005602                etimer_restart
                0x00005614                etimer_adjust
                0x0000562e                etimer_expired
                0x0000563c                etimer_expiration_time
                0x00005650                etimer_start_time
                0x00005658                etimer_pending
                0x00005666                etimer_next_expiration_time
                0x0000567c                etimer_stop
 .text          0x000056c4       0xbc contiki-sky.a(energest.o)
                0x000056c4                energest_init
                0x000056ee                energest_type_time
                0x0000572e                energest_leveldevice_leveltime
                0x00005734                energest_type_set
                0x00005742                energest_flush
 .text          0x00005780       0x50 contiki-sky.a(rtimer.o)
                0x00005780                rtimer_init
                0x00005786                rtimer_set
                0x000057aa                rtimer_run_next
 .text          0x000057d0       0xca contiki-sky.a(glossy_queue.o)
                0x000057d0                QueueInit
                0x000057f6                Enqueue
                0x00005844                Dequeue
                0x0000584e                getGlossyData
                0x00005894                get_count
 .text          0x0000589a      0xa40 contiki-sky.a(glossy.o)
                0x00005a5e                glossy_stop
                0x00005acc                get_rx_cnt
                0x00005ad2                get_relay_cnt
                0x00005ad8                get_T_slot_h
                0x00005ade                is_t_ref_l_updated
                0x00005ae4                get_t_first_rx_l
                0x00005aea                get_t_ref_l
                0x00005af0                set_t_ref_l
                0x00005af6                set_t_ref_l_updated
                0x00005afc                get_state
                0x00005b02                glossy_end_rx
                0x00005d4c                glossy_begin_tx
                0x00005e36                glossy_end_tx
                0x00005e98                glossy_schedule_rx_timeout
                0x00005ea6                glossy_begin_rx
                0x00006082                glossy_stop_rx_timeout
                0x00006088                glossy_schedule_initiator_timeout
                0x000060f4                glossy_start
                0x000062b8                glossy_stop_initiator_timeout
 .text          0x000062da      0x188 contiki-sky.a(msp430.o)
                0x000062da                w_memcpy
                0x000062fc                w_memset
                0x0000630e                msp430_init_dco
                0x00006382                msp430_cpu_init
                0x000063a8                sbrk
                0x00006400                splhigh_
                0x00006408                splx_
                0x0000640c                msp430_sync_dco
 .text          0x00006462      0x166 contiki-sky.a(leds.o)
                0x0000651a                leds_init
                0x00006528                leds_get
                0x0000652e                leds_on
                0x00006542                leds_off
                0x00006556                leds_invert
                0x00006560                leds_toggle
                0x00006566                leds_blink
                0x0000658c                leds_green
                0x000065a0                leds_yellow
                0x000065b4                leds_red
 .text          0x000065c8      0x17e contiki-sky.a(watchdog.o)
                0x00006660                __isr_10
                0x00006660                watchdog_interrupt
                0x000066f4                watchdog_start
                0x00006708                watchdog_periodic
                0x00006720                watchdog_stop
                0x0000672c                watchdog_init
                0x00006740                watchdog_reboot
 .text          0x00006746      0x32c contiki-sky.a(xmem.o)
                0x000067b2                xmem_init
                0x000067ce                xmem_pread
                0x00006896                xmem_pwrite
                0x000069c0                xmem_erase
 .text          0x00006a72      0x33c contiki-sky.a(cc2420.o)
                0x00006a8e                cc2420_init
                0x00006d52                cc2420_set_channel
 .text          0x00006dae       0x6e contiki-sky.a(node-id.o)
                0x00006dae                node_id_restore
                0x00006de6                node_id_burn
 .text          0x00006e1c      0x1a8 contiki-sky.a(uart1.o)
                0x00006e1c                uart1_active
                0x00006e34                uart1_set_input
                0x00006e3a                uart1_writeb
                0x00006e6a                uart1_init
                0x00006f40                uart1_rx_interrupt
                0x00006f40                __isr_3
                0x00006f94                __isr_2
                0x00006f94                uart1_tx_interrupt
 .text          0x00006fc4      0x19a contiki-sky.a(clock.o)
                0x00006fc4                etimer_interrupt
                0x00007024                __isr_5
                0x00007024                timera1
                0x00007090                clock_time
                0x000070aa                clock_set
                0x000070c0                clock_fine_max
                0x000070c6                clock_fine
                0x000070d0                clock_init
                0x000070f8                clock_delay
                0x000070fe                clock_wait
                0x0000713c                clock_set_seconds
                0x0000713e                clock_seconds
                0x00007158                clock_counter
 .text          0x0000715e       0x7e contiki-sky.a(leds-arch.o)
                0x0000715e                leds_arch_init
                0x0000716c                leds_arch_get
                0x000071a2                leds_arch_set
 .text          0x000071dc        0xe contiki-sky.a(uart1-putchar.o)
                0x000071dc                putchar
 .text          0x000071ea       0x3c contiki-sky.a(rtimer-arch.o)
                0x000071ea                __isr_6
                0x000071ea                timera0
                0x00007206                rtimer_arch_init
                0x00007214                rtimer_arch_schedule
 .text          0x00007226       0x90 contiki-sky.a(timer.o)
                0x00007226                timer_set
                0x00007242                timer_reset
                0x00007250                timer_restart
                0x00007264                timer_expired
                0x0000728e                timer_remaining
 .text          0x000072b6       0x9c contiki-sky.a(ringbuf.o)
                0x000072b6                ringbuf_init
                0x000072ca                ringbuf_put
                0x00007306                ringbuf_get
                0x00007338                ringbuf_size
                0x00007340                ringbuf_elements
 .text          0x00007352       0x32 contiki-sky.a(spi.o)
                0x00007352                spi_init
 .text          0x00007384        0x0 /usr/lib/gcc/msp430/4.5.3/mmpy-16/libgcc.a(_mulsi3.o)
 .text          0x00007384        0x0 /usr/lib/gcc/msp430/4.5.3/mmpy-16/libgcc.a(_divmodhi4.o)
 .text          0x00007384        0x0 /usr/lib/gcc/msp430/4.5.3/mmpy-16/libgcc.a(_udivmodsi4.o)
 .text          0x00007384       0x42 /usr/lib/gcc/msp430/4.5.3/mmpy-16/libgcc.a(_fixunssfsi.o)
                0x00007384                __fixunssfsi
 .text          0x000073c6      0x352 /usr/lib/gcc/msp430/4.5.3/mmpy-16/libgcc.a(_addsub_sf.o)
                0x00007674                __addsf3
                0x000076c4                __subsf3
 .text          0x00007718      0x1fe /usr/lib/gcc/msp430/4.5.3/mmpy-16/libgcc.a(_mul_sf.o)
                0x00007718                __mulsf3
 .text          0x00007916      0x160 /usr/lib/gcc/msp430/4.5.3/mmpy-16/libgcc.a(_div_sf.o)
                0x00007916                __divsf3
 .text          0x00007a76       0x58 /usr/lib/gcc/msp430/4.5.3/mmpy-16/libgcc.a(_ge_sf.o)
                0x00007a76                __gesf2
 .text          0x00007ace       0x9a /usr/lib/gcc/msp430/4.5.3/mmpy-16/libgcc.a(_si_to_sf.o)
                0x00007ace                __floatsisf
 .text          0x00007b68       0x8a /usr/lib/gcc/msp430/4.5.3/mmpy-16/libgcc.a(_sf_to_si.o)
                0x00007b68                __fixsfsi
 .text          0x00007bf2        0x8 /usr/lib/gcc/msp430/4.5.3/mmpy-16/libgcc.a(_thenan_sf.o)
                0x00007bf2                __thenan_sf
 .text          0x00007bfa       0xd8 /usr/lib/gcc/msp430/4.5.3/mmpy-16/libgcc.a(_usi_to_sf.o)
                0x00007bfa                __floatunsisf
 .text          0x00007cd2        0x0 /usr/lib/gcc/msp430/4.5.3/mmpy-16/libgcc.a(_udivmodhi4.o)
 .text          0x00007cd2       0x58 /usr/lib/gcc/msp430/4.5.3/mmpy-16/libgcc.a(_clzsi2.o)
                0x00007cd2                __clzsi2
 .text          0x00007d2a      0x1d6 /usr/lib/gcc/msp430/4.5.3/mmpy-16/libgcc.a(_pack_sf.o)
                0x00007d2a                __pack_f
 .text          0x00007f00      0x132 /usr/lib/gcc/msp430/4.5.3/mmpy-16/libgcc.a(_unpack_sf.o)
                0x00007f00                __unpack_f
 .text          0x00008032       0xa2 /usr/lib/gcc/msp430/4.5.3/mmpy-16/libgcc.a(_fpcmp_parts_sf.o)
                0x00008032                __fpcmp_parts_f
 .text          0x000080d4      0x100 /usr/lib/gcc/msp430/4.5.3/mmpy-16/libgcc.a(_clz.o)
                0x000080d4                __clz_tab
 .text          0x000081d4      0x104 /usr/lib/gcc/msp430/4.5.3/../../../../msp430/lib/mmpy-16/libc.a(memcpy.o)
                0x000081d4                memcpy
 .text          0x000082d8      0x10c /usr/lib/gcc/msp430/4.5.3/../../../../msp430/lib/mmpy-16/libc.a(malloc.o)
                0x000082d8                malloc
                0x000083dc                free
 .text          0x000083e4       0x20 /usr/lib/gcc/msp430/4.5.3/../../../../msp430/lib/mmpy-16/libc.a(printf.o)
                0x000083e4                printf
                0x000083f6                vprintf
 .text          0x00008404      0x476 /usr/lib/gcc/msp430/4.5.3/../../../../msp430/lib/mmpy-16/libc.a(vuprintf.o)
                0x00008510                vuprintf
 .text          0x0000887a       0x2c /usr/lib/gcc/msp430/4.5.3/../../../../msp430/lib/mmpy-16/libc.a(puts.o)
                0x0000887a                puts
 .text          0x000088a6      0x134 /usr/lib/gcc/msp430/4.5.3/../../../../msp430/lib/mmpy-16/libc.a(rand.o)
                0x000088a6                rand_r
                0x0000893a                rand
                0x000089d0                srand
 .text          0x000089da        0x0 /usr/lib/gcc/msp430/4.5.3/mmpy-16/libcrt0.a(_reset_vector__.o)
 .text          0x000089da        0x0 /usr/lib/gcc/msp430/4.5.3/mmpy-16/libcrt0.a(__init_stack.o)
 .text          0x000089da        0x0 /usr/lib/gcc/msp430/4.5.3/mmpy-16/libcrt0.a(__low_level_init.o)
 .text          0x000089da        0x0 /usr/lib/gcc/msp430/4.5.3/mmpy-16/libcrt0.a(_copy_data.o)
 .text          0x000089da        0x0 /usr/lib/gcc/msp430/4.5.3/mmpy-16/libcrt0.a(_clear_bss.o)
 .text          0x000089da        0x0 /usr/lib/gcc/msp430/4.5.3/mmpy-16/libcrt0.a(__stop_progExec__.o)
 .text          0x000089da        0x0 /usr/lib/gcc/msp430/4.5.3/mmpy-16/libcrt0.a(_endless_loop__.o)
 .text          0x000089da        0x0 /usr/lib/gcc/msp430/4.5.3/mmpy-16/libcrt0.a(_unexpected_.o)
                0x000089da                . = ALIGN (0x2)
 *(.text.*)
 .text.crt0     0x000089da        0x0 /usr/lib/gcc/msp430/4.5.3/mmpy-16/crt0ivtbl16.o
 .text.libgcc   0x000089da       0x20 /usr/lib/gcc/msp430/4.5.3/mmpy-16/libgcc.a(_mulsi3.o)
                0x000089da                __mulsi3
 .text.libgcc   0x000089fa       0x36 /usr/lib/gcc/msp430/4.5.3/mmpy-16/libgcc.a(_divmodhi4.o)
                0x000089fa                __divmodhi4
 .text.libgcc   0x00008a30       0x2a /usr/lib/gcc/msp430/4.5.3/mmpy-16/libgcc.a(_udivmodsi4.o)
                0x00008a30                __udivmodsi4
 .text.libgcc   0x00008a5a       0x1c /usr/lib/gcc/msp430/4.5.3/mmpy-16/libgcc.a(_udivmodhi4.o)
                0x00008a5a                __udivmodhi4
 .text.crt0     0x00008a76        0x2 /usr/lib/gcc/msp430/4.5.3/mmpy-16/libcrt0.a(_unexpected_.o)
                0x00008a76                _unexpected_

.rodata         0x00008a78        0x0
                0x00008a78                . = ALIGN (0x2)
 *(.rodata .rodata.* .gnu.linkonce.r.*)
                0x00008a78                . = ALIGN (0x2)
                0x00008a78                _etext = .

.data           0x00001100       0x50 load address 0x00008a78
                0x00001100                . = ALIGN (0x2)
                0x00001100                PROVIDE (__data_start, .)
 *(.data)
 .data          0x00001100        0x0 /usr/lib/gcc/msp430/4.5.3/mmpy-16/crt0ivtbl16.o
 .data          0x00001100       0x36 glossy-test-hda.co
                0x00001100                traffic_period
                0x00001102                K
                0x00001104                glossy_test
                0x0000110e                glossy_print_stats_process
                0x00001118                queue_init
                0x00001122                random_traffic_process
                0x0000112c                set_traffic_period
 .data          0x00001136        0x0 obj_sky/contiki-sky-main.o
 .data          0x00001136        0x0 contiki-sky.a(process.o)
 .data          0x00001136        0x0 contiki-sky.a(autostart.o)
 .data          0x00001136        0xa contiki-sky.a(etimer.o)
                0x00001136                etimer_process
 .data          0x00001140        0x0 contiki-sky.a(energest.o)
 .data          0x00001140        0x0 contiki-sky.a(rtimer.o)
 .data          0x00001140        0x0 contiki-sky.a(glossy_queue.o)
 .data          0x00001140        0xa contiki-sky.a(glossy.o)
                0x00001140                glossy_process
 .data          0x0000114a        0x2 contiki-sky.a(msp430.o)
 .data          0x0000114c        0x0 contiki-sky.a(leds.o)
 .data          0x0000114c        0x0 contiki-sky.a(watchdog.o)
 .data          0x0000114c        0x0 contiki-sky.a(xmem.o)
 .data          0x0000114c        0x0 contiki-sky.a(cc2420.o)
 .data          0x0000114c        0x0 contiki-sky.a(node-id.o)
 .data          0x0000114c        0x0 contiki-sky.a(uart1.o)
 .data          0x0000114c        0x0 contiki-sky.a(clock.o)
 .data          0x0000114c        0x0 contiki-sky.a(leds-arch.o)
 .data          0x0000114c        0x0 contiki-sky.a(uart1-putchar.o)
 .data          0x0000114c        0x0 contiki-sky.a(rtimer-arch.o)
 .data          0x0000114c        0x0 contiki-sky.a(timer.o)
 .data          0x0000114c        0x0 contiki-sky.a(ringbuf.o)
 .data          0x0000114c        0x0 contiki-sky.a(spi.o)
 .data          0x0000114c        0x0 /usr/lib/gcc/msp430/4.5.3/mmpy-16/libgcc.a(_mulsi3.o)
 .data          0x0000114c        0x0 /usr/lib/gcc/msp430/4.5.3/mmpy-16/libgcc.a(_divmodhi4.o)
 .data          0x0000114c        0x0 /usr/lib/gcc/msp430/4.5.3/mmpy-16/libgcc.a(_udivmodsi4.o)
 .data          0x0000114c        0x0 /usr/lib/gcc/msp430/4.5.3/mmpy-16/libgcc.a(_fixunssfsi.o)
 .data          0x0000114c        0x0 /usr/lib/gcc/msp430/4.5.3/mmpy-16/libgcc.a(_addsub_sf.o)
 .data          0x0000114c        0x0 /usr/lib/gcc/msp430/4.5.3/mmpy-16/libgcc.a(_mul_sf.o)
 .data          0x0000114c        0x0 /usr/lib/gcc/msp430/4.5.3/mmpy-16/libgcc.a(_div_sf.o)
 .data          0x0000114c        0x0 /usr/lib/gcc/msp430/4.5.3/mmpy-16/libgcc.a(_ge_sf.o)
 .data          0x0000114c        0x0 /usr/lib/gcc/msp430/4.5.3/mmpy-16/libgcc.a(_si_to_sf.o)
 .data          0x0000114c        0x0 /usr/lib/gcc/msp430/4.5.3/mmpy-16/libgcc.a(_sf_to_si.o)
 .data          0x0000114c        0x0 /usr/lib/gcc/msp430/4.5.3/mmpy-16/libgcc.a(_thenan_sf.o)
 .data          0x0000114c        0x0 /usr/lib/gcc/msp430/4.5.3/mmpy-16/libgcc.a(_usi_to_sf.o)
 .data          0x0000114c        0x0 /usr/lib/gcc/msp430/4.5.3/mmpy-16/libgcc.a(_udivmodhi4.o)
 .data          0x0000114c        0x0 /usr/lib/gcc/msp430/4.5.3/mmpy-16/libgcc.a(_clzsi2.o)
 .data          0x0000114c        0x0 /usr/lib/gcc/msp430/4.5.3/mmpy-16/libgcc.a(_pack_sf.o)
 .data          0x0000114c        0x0 /usr/lib/gcc/msp430/4.5.3/mmpy-16/libgcc.a(_unpack_sf.o)
 .data          0x0000114c        0x0 /usr/lib/gcc/msp430/4.5.3/mmpy-16/libgcc.a(_fpcmp_parts_sf.o)
 .data          0x0000114c        0x0 /usr/lib/gcc/msp430/4.5.3/mmpy-16/libgcc.a(_clz.o)
 .data          0x0000114c        0x0 /usr/lib/gcc/msp430/4.5.3/../../../../msp430/lib/mmpy-16/libc.a(memcpy.o)
 .data          0x0000114c        0x0 /usr/lib/gcc/msp430/4.5.3/../../../../msp430/lib/mmpy-16/libc.a(malloc.o)
 .data          0x0000114c        0x0 /usr/lib/gcc/msp430/4.5.3/../../../../msp430/lib/mmpy-16/libc.a(printf.o)
 .data          0x0000114c        0x0 /usr/lib/gcc/msp430/4.5.3/../../../../msp430/lib/mmpy-16/libc.a(vuprintf.o)
 .data          0x0000114c        0x0 /usr/lib/gcc/msp430/4.5.3/../../../../msp430/lib/mmpy-16/libc.a(puts.o)
 .data          0x0000114c        0x4 /usr/lib/gcc/msp430/4.5.3/../../../../msp430/lib/mmpy-16/libc.a(rand.o)
 .data          0x00001150        0x0 /usr/lib/gcc/msp430/4.5.3/mmpy-16/libcrt0.a(_reset_vector__.o)
 .data          0x00001150        0x0 /usr/lib/gcc/msp430/4.5.3/mmpy-16/libcrt0.a(__init_stack.o)
 .data          0x00001150        0x0 /usr/lib/gcc/msp430/4.5.3/mmpy-16/libcrt0.a(__low_level_init.o)
 .data          0x00001150        0x0 /usr/lib/gcc/msp430/4.5.3/mmpy-16/libcrt0.a(_copy_data.o)
 .data          0x00001150        0x0 /usr/lib/gcc/msp430/4.5.3/mmpy-16/libcrt0.a(_clear_bss.o)
 .data          0x00001150        0x0 /usr/lib/gcc/msp430/4.5.3/mmpy-16/libcrt0.a(__stop_progExec__.o)
 .data          0x00001150        0x0 /usr/lib/gcc/msp430/4.5.3/mmpy-16/libcrt0.a(_endless_loop__.o)
 .data          0x00001150        0x0 /usr/lib/gcc/msp430/4.5.3/mmpy-16/libcrt0.a(_unexpected_.o)
 *(SORT(.data.*))
                0x00001150                . = ALIGN (0x2)
 *(.gnu.linkonce.d*)
                0x00001150                . = ALIGN (0x2)
                0x00001150                _edata = .
                0x00008a78                PROVIDE (__data_load_start, LOADADDR (.data))
                0x00000050                PROVIDE (__data_size, SIZEOF (.data))

.bss            0x00001150      0x31a load address 0x00008ac8
                0x00001150                PROVIDE (__bss_start, .)
 *(.bss)
 .bss           0x00001150        0x0 /usr/lib/gcc/msp430/4.5.3/mmpy-16/crt0ivtbl16.o
 .bss           0x00001150       0x4c glossy-test-hda.co
                0x00001150                k
                0x00001152                count
                0x00001154                seg_no
 .bss           0x0000119c        0x4 obj_sky/contiki-sky-main.o
 .bss           0x000011a0       0x42 contiki-sky.a(process.o)
                0x000011a0                process_list
                0x000011a2                process_current
 .bss           0x000011e2        0x0 contiki-sky.a(autostart.o)
 .bss           0x000011e2        0x6 contiki-sky.a(etimer.o)
 .bss           0x000011e8        0x0 contiki-sky.a(energest.o)
 .bss           0x000011e8        0x2 contiki-sky.a(rtimer.o)
 .bss           0x000011ea        0x0 contiki-sky.a(glossy_queue.o)
 .bss           0x000011ea       0x4e contiki-sky.a(glossy.o)
 .bss           0x00001238        0x0 contiki-sky.a(msp430.o)
 .bss           0x00001238        0x2 contiki-sky.a(leds.o)
 .bss           0x0000123a        0x6 contiki-sky.a(watchdog.o)
 .bss           0x00001240        0x0 contiki-sky.a(xmem.o)
 .bss           0x00001240        0x0 contiki-sky.a(cc2420.o)
 .bss           0x00001240        0x2 contiki-sky.a(node-id.o)
                0x00001240                node_id
 .bss           0x00001242       0x4a contiki-sky.a(uart1.o)
 .bss           0x0000128c        0xa contiki-sky.a(clock.o)
 .bss           0x00001296        0x0 contiki-sky.a(leds-arch.o)
 .bss           0x00001296        0x0 contiki-sky.a(uart1-putchar.o)
 .bss           0x00001296        0x0 contiki-sky.a(rtimer-arch.o)
 .bss           0x00001296        0x0 contiki-sky.a(timer.o)
 .bss           0x00001296        0x0 contiki-sky.a(ringbuf.o)
 .bss           0x00001296        0x2 contiki-sky.a(spi.o)
                0x00001296                spi_busy
 .bss           0x00001298        0x0 /usr/lib/gcc/msp430/4.5.3/mmpy-16/libgcc.a(_mulsi3.o)
 .bss           0x00001298        0x0 /usr/lib/gcc/msp430/4.5.3/mmpy-16/libgcc.a(_divmodhi4.o)
 .bss           0x00001298        0x0 /usr/lib/gcc/msp430/4.5.3/mmpy-16/libgcc.a(_udivmodsi4.o)
 .bss           0x00001298        0x0 /usr/lib/gcc/msp430/4.5.3/mmpy-16/libgcc.a(_fixunssfsi.o)
 .bss           0x00001298        0x0 /usr/lib/gcc/msp430/4.5.3/mmpy-16/libgcc.a(_addsub_sf.o)
 .bss           0x00001298        0x0 /usr/lib/gcc/msp430/4.5.3/mmpy-16/libgcc.a(_mul_sf.o)
 .bss           0x00001298        0x0 /usr/lib/gcc/msp430/4.5.3/mmpy-16/libgcc.a(_div_sf.o)
 .bss           0x00001298        0x0 /usr/lib/gcc/msp430/4.5.3/mmpy-16/libgcc.a(_ge_sf.o)
 .bss           0x00001298        0x0 /usr/lib/gcc/msp430/4.5.3/mmpy-16/libgcc.a(_si_to_sf.o)
 .bss           0x00001298        0x0 /usr/lib/gcc/msp430/4.5.3/mmpy-16/libgcc.a(_sf_to_si.o)
 .bss           0x00001298        0x0 /usr/lib/gcc/msp430/4.5.3/mmpy-16/libgcc.a(_thenan_sf.o)
 .bss           0x00001298        0x0 /usr/lib/gcc/msp430/4.5.3/mmpy-16/libgcc.a(_usi_to_sf.o)
 .bss           0x00001298        0x0 /usr/lib/gcc/msp430/4.5.3/mmpy-16/libgcc.a(_udivmodhi4.o)
 .bss           0x00001298        0x0 /usr/lib/gcc/msp430/4.5.3/mmpy-16/libgcc.a(_clzsi2.o)
 .bss           0x00001298        0x0 /usr/lib/gcc/msp430/4.5.3/mmpy-16/libgcc.a(_pack_sf.o)
 .bss           0x00001298        0x0 /usr/lib/gcc/msp430/4.5.3/mmpy-16/libgcc.a(_unpack_sf.o)
 .bss           0x00001298        0x0 /usr/lib/gcc/msp430/4.5.3/mmpy-16/libgcc.a(_fpcmp_parts_sf.o)
 .bss           0x00001298        0x0 /usr/lib/gcc/msp430/4.5.3/mmpy-16/libgcc.a(_clz.o)
 .bss           0x00001298        0x0 /usr/lib/gcc/msp430/4.5.3/../../../../msp430/lib/mmpy-16/libc.a(memcpy.o)
 .bss           0x00001298        0x1 /usr/lib/gcc/msp430/4.5.3/../../../../msp430/lib/mmpy-16/libc.a(malloc.o)
 .bss           0x00001299        0x0 /usr/lib/gcc/msp430/4.5.3/../../../../msp430/lib/mmpy-16/libc.a(printf.o)
 .bss           0x00001299        0x0 /usr/lib/gcc/msp430/4.5.3/../../../../msp430/lib/mmpy-16/libc.a(vuprintf.o)
 .bss           0x00001299        0x0 /usr/lib/gcc/msp430/4.5.3/../../../../msp430/lib/mmpy-16/libc.a(puts.o)
 .bss           0x00001299        0x0 /usr/lib/gcc/msp430/4.5.3/../../../../msp430/lib/mmpy-16/libc.a(rand.o)
 .bss           0x00001299        0x0 /usr/lib/gcc/msp430/4.5.3/mmpy-16/libcrt0.a(_reset_vector__.o)
 .bss           0x00001299        0x0 /usr/lib/gcc/msp430/4.5.3/mmpy-16/libcrt0.a(__init_stack.o)
 .bss           0x00001299        0x0 /usr/lib/gcc/msp430/4.5.3/mmpy-16/libcrt0.a(__low_level_init.o)
 .bss           0x00001299        0x0 /usr/lib/gcc/msp430/4.5.3/mmpy-16/libcrt0.a(_copy_data.o)
 .bss           0x00001299        0x0 /usr/lib/gcc/msp430/4.5.3/mmpy-16/libcrt0.a(_clear_bss.o)
 .bss           0x00001299        0x0 /usr/lib/gcc/msp430/4.5.3/mmpy-16/libcrt0.a(__stop_progExec__.o)
 .bss           0x00001299        0x0 /usr/lib/gcc/msp430/4.5.3/mmpy-16/libcrt0.a(_endless_loop__.o)
 .bss           0x00001299        0x0 /usr/lib/gcc/msp430/4.5.3/mmpy-16/libcrt0.a(_unexpected_.o)
 *(SORT(.bss.*))
 *(COMMON)
 *fill*         0x00001299        0x1 00
 COMMON         0x0000129a      0x178 glossy-test-hda.co
                0x0000129a                high_T_irq
                0x0000129c                myQueue
                0x0000140a                bad_header
                0x0000140c                bad_crc
                0x0000140e                bad_length
                0x00001410                rx_timeout
 COMMON         0x00001412        0x1 contiki-sky.a(process.o)
                0x00001412                process_maxevents
 *fill*         0x00001413        0x1 00
 COMMON         0x00001414       0x56 contiki-sky.a(energest.o)
                0x00001414                energest_total_time
                0x00001444                energest_total_count
                0x00001446                energest_current_mode
                0x00001452                energest_current_time
                0x0000146a                PROVIDE (__bss_end, .)
                0x0000146a                _end = .
                0x0000031a                PROVIDE (__bss_size, SIZEOF (.bss))

.noinit         0x0000146a        0x0 load address 0x00008ac8
                0x0000146a                PROVIDE (__noinit_start, .)
 *(.noinit)
 *(.noinit.*)
 *(COMMON)
                0x0000146a                PROVIDE (__noinit_end, .)
                0x0000146a                _end = .

.infomem        0x00001000        0x0
 *(.infomem)
                0x00001000                . = ALIGN (0x2)
 *(.infomem.*)

.infomemnobits  0x00001000        0x0
                0x00001000                . = ALIGN (0x2)
 *(.infomemnobits)
                0x00001000                . = ALIGN (0x2)
 *(.infomemnobits.*)

.vectors        0x0000ffe0       0x20
                0x0000ffe0                PROVIDE (__vectors_start, .)
 *(.vectors*)
 .vectors       0x0000ffe0       0x20 /usr/lib/gcc/msp430/4.5.3/mmpy-16/crt0ivtbl16.o
                0x0000ffe0                __ivtbl_16
                0x00010000                _vectors_end = .

.fartext        0x00000000        0x0
                0x00000000                . = ALIGN (0x2)
 *(.fartext)
                0x00000000                . = ALIGN (0x2)
 *(.fartext.*)
                0x00000000                _efartext = .

.profiler
 *(.profiler)

.stab
 *(.stab)

.stabstr
 *(.stabstr)

.stab.excl
 *(.stab.excl)

.stab.exclstr
 *(.stab.exclstr)

.stab.index
 *(.stab.index)

.stab.indexstr
 *(.stab.indexstr)

.comment
 *(.comment)

.debug
 *(.debug)

.line
 *(.line)

.debug_srcinfo
 *(.debug_srcinfo)

.debug_sfnames
 *(.debug_sfnames)

.debug_aranges  0x00000000      0x400
 *(.debug_aranges)
 .debug_aranges
                0x00000000       0x14 glossy-test-hda.co
 .debug_aranges
                0x00000014       0x14 obj_sky/contiki-sky-main.o
 .debug_aranges
                0x00000028       0x14 contiki-sky.a(process.o)
 .debug_aranges
                0x0000003c       0x14 contiki-sky.a(autostart.o)
 .debug_aranges
                0x00000050       0x14 contiki-sky.a(etimer.o)
 .debug_aranges
                0x00000064       0x14 contiki-sky.a(energest.o)
 .debug_aranges
                0x00000078       0x14 contiki-sky.a(rtimer.o)
 .debug_aranges
                0x0000008c       0x14 contiki-sky.a(glossy_queue.o)
 .debug_aranges
                0x000000a0       0x18 contiki-sky.a(glossy.o)
 .debug_aranges
                0x000000b8       0x14 contiki-sky.a(msp430.o)
 .debug_aranges
                0x000000cc       0x14 contiki-sky.a(leds.o)
 .debug_aranges
                0x000000e0       0x14 contiki-sky.a(watchdog.o)
 .debug_aranges
                0x000000f4       0x14 contiki-sky.a(xmem.o)
 .debug_aranges
                0x00000108       0x14 contiki-sky.a(cc2420.o)
 .debug_aranges
                0x0000011c       0x14 contiki-sky.a(node-id.o)
 .debug_aranges
                0x00000130       0x14 contiki-sky.a(uart1.o)
 .debug_aranges
                0x00000144       0x14 contiki-sky.a(clock.o)
 .debug_aranges
                0x00000158       0x14 contiki-sky.a(leds-arch.o)
 .debug_aranges
                0x0000016c       0x14 contiki-sky.a(uart1-putchar.o)
 .debug_aranges
                0x00000180       0x14 contiki-sky.a(rtimer-arch.o)
 .debug_aranges
                0x00000194       0x14 contiki-sky.a(timer.o)
 .debug_aranges
                0x000001a8       0x14 contiki-sky.a(ringbuf.o)
 .debug_aranges
                0x000001bc       0x14 contiki-sky.a(spi.o)
 .debug_aranges
                0x000001d0       0x14 /usr/lib/gcc/msp430/4.5.3/mmpy-16/libgcc.a(_mulsi3.o)
 .debug_aranges
                0x000001e4       0x14 /usr/lib/gcc/msp430/4.5.3/mmpy-16/libgcc.a(_divmodhi4.o)
 .debug_aranges
                0x000001f8       0x14 /usr/lib/gcc/msp430/4.5.3/mmpy-16/libgcc.a(_udivmodsi4.o)
 .debug_aranges
                0x0000020c       0x14 /usr/lib/gcc/msp430/4.5.3/mmpy-16/libgcc.a(_fixunssfsi.o)
 .debug_aranges
                0x00000220       0x14 /usr/lib/gcc/msp430/4.5.3/mmpy-16/libgcc.a(_addsub_sf.o)
 .debug_aranges
                0x00000234       0x14 /usr/lib/gcc/msp430/4.5.3/mmpy-16/libgcc.a(_mul_sf.o)
 .debug_aranges
                0x00000248       0x14 /usr/lib/gcc/msp430/4.5.3/mmpy-16/libgcc.a(_div_sf.o)
 .debug_aranges
                0x0000025c       0x14 /usr/lib/gcc/msp430/4.5.3/mmpy-16/libgcc.a(_ge_sf.o)
 .debug_aranges
                0x00000270       0x14 /usr/lib/gcc/msp430/4.5.3/mmpy-16/libgcc.a(_si_to_sf.o)
 .debug_aranges
                0x00000284       0x14 /usr/lib/gcc/msp430/4.5.3/mmpy-16/libgcc.a(_sf_to_si.o)
 .debug_aranges
                0x00000298       0x14 /usr/lib/gcc/msp430/4.5.3/mmpy-16/libgcc.a(_usi_to_sf.o)
 .debug_aranges
                0x000002ac       0x14 /usr/lib/gcc/msp430/4.5.3/mmpy-16/libgcc.a(_udivmodhi4.o)
 .debug_aranges
                0x000002c0       0x14 /usr/lib/gcc/msp430/4.5.3/mmpy-16/libgcc.a(_clzsi2.o)
 .debug_aranges
                0x000002d4       0x14 /usr/lib/gcc/msp430/4.5.3/mmpy-16/libgcc.a(_pack_sf.o)
 .debug_aranges
                0x000002e8       0x14 /usr/lib/gcc/msp430/4.5.3/mmpy-16/libgcc.a(_unpack_sf.o)
 .debug_aranges
                0x000002fc       0x14 /usr/lib/gcc/msp430/4.5.3/mmpy-16/libgcc.a(_fpcmp_parts_sf.o)
 .debug_aranges
                0x00000310       0x14 /usr/lib/gcc/msp430/4.5.3/../../../../msp430/lib/mmpy-16/libc.a(memcpy.o)
 .debug_aranges
                0x00000324       0x14 /usr/lib/gcc/msp430/4.5.3/../../../../msp430/lib/mmpy-16/libc.a(malloc.o)
 .debug_aranges
                0x00000338       0x14 /usr/lib/gcc/msp430/4.5.3/../../../../msp430/lib/mmpy-16/libc.a(printf.o)
 .debug_aranges
                0x0000034c       0x14 /usr/lib/gcc/msp430/4.5.3/../../../../msp430/lib/mmpy-16/libc.a(vuprintf.o)
 .debug_aranges
                0x00000360       0x14 /usr/lib/gcc/msp430/4.5.3/../../../../msp430/lib/mmpy-16/libc.a(puts.o)
 .debug_aranges
                0x00000374       0x14 /usr/lib/gcc/msp430/4.5.3/../../../../msp430/lib/mmpy-16/libc.a(rand.o)
 .debug_aranges
                0x00000388       0x14 /usr/lib/gcc/msp430/4.5.3/mmpy-16/libcrt0.a(__init_stack.o)
 .debug_aranges
                0x0000039c       0x14 /usr/lib/gcc/msp430/4.5.3/mmpy-16/libcrt0.a(__low_level_init.o)
 .debug_aranges
                0x000003b0       0x14 /usr/lib/gcc/msp430/4.5.3/mmpy-16/libcrt0.a(_copy_data.o)
 .debug_aranges
                0x000003c4       0x14 /usr/lib/gcc/msp430/4.5.3/mmpy-16/libcrt0.a(_clear_bss.o)
 .debug_aranges
                0x000003d8       0x14 /usr/lib/gcc/msp430/4.5.3/mmpy-16/libcrt0.a(_endless_loop__.o)
 .debug_aranges
                0x000003ec       0x14 /usr/lib/gcc/msp430/4.5.3/mmpy-16/libcrt0.a(_unexpected_.o)

.debug_pubnames
                0x00000000     0x101b
 *(.debug_pubnames)
 .debug_pubnames
                0x00000000      0x148 glossy-test-hda.co
 .debug_pubnames
                0x00000148       0x1b obj_sky/contiki-sky-main.o
 .debug_pubnames
                0x00000163      0x10d contiki-sky.a(process.o)
 .debug_pubnames
                0x00000270       0x39 contiki-sky.a(autostart.o)
 .debug_pubnames
                0x000002a9      0x109 contiki-sky.a(etimer.o)
 .debug_pubnames
                0x000003b2       0xec contiki-sky.a(energest.o)
 .debug_pubnames
                0x0000049e       0x45 contiki-sky.a(rtimer.o)
 .debug_pubnames
                0x000004e3       0x58 contiki-sky.a(glossy_queue.o)
 .debug_pubnames
                0x0000053b      0x216 contiki-sky.a(glossy.o)
 .debug_pubnames
                0x00000751       0x88 contiki-sky.a(msp430.o)
 .debug_pubnames
                0x000007d9       0xa1 contiki-sky.a(leds.o)
 .debug_pubnames
                0x0000087a       0x8a contiki-sky.a(watchdog.o)
 .debug_pubnames
                0x00000904       0x4e contiki-sky.a(xmem.o)
 .debug_pubnames
                0x00000952       0x81 contiki-sky.a(cc2420.o)
 .debug_pubnames
                0x000009d3       0x43 contiki-sky.a(node-id.o)
 .debug_pubnames
                0x00000a16       0x85 contiki-sky.a(uart1.o)
 .debug_pubnames
                0x00000a9b      0x122 contiki-sky.a(clock.o)
 .debug_pubnames
                0x00000bbd       0x49 contiki-sky.a(leds-arch.o)
 .debug_pubnames
                0x00000c06       0x1e contiki-sky.a(uart1-putchar.o)
 .debug_pubnames
                0x00000c24       0x4c contiki-sky.a(rtimer-arch.o)
 .debug_pubnames
                0x00000c70       0x68 contiki-sky.a(timer.o)
 .debug_pubnames
                0x00000cd8       0x69 contiki-sky.a(ringbuf.o)
 .debug_pubnames
                0x00000d41       0x2c contiki-sky.a(spi.o)
 .debug_pubnames
                0x00000d6d       0x23 /usr/lib/gcc/msp430/4.5.3/mmpy-16/libgcc.a(_fixunssfsi.o)
 .debug_pubnames
                0x00000d90       0x2c /usr/lib/gcc/msp430/4.5.3/mmpy-16/libgcc.a(_addsub_sf.o)
 .debug_pubnames
                0x00000dbc       0x1f /usr/lib/gcc/msp430/4.5.3/mmpy-16/libgcc.a(_mul_sf.o)
 .debug_pubnames
                0x00000ddb       0x1f /usr/lib/gcc/msp430/4.5.3/mmpy-16/libgcc.a(_div_sf.o)
 .debug_pubnames
                0x00000dfa       0x1e /usr/lib/gcc/msp430/4.5.3/mmpy-16/libgcc.a(_ge_sf.o)
 .debug_pubnames
                0x00000e18       0x22 /usr/lib/gcc/msp430/4.5.3/mmpy-16/libgcc.a(_si_to_sf.o)
 .debug_pubnames
                0x00000e3a       0x20 /usr/lib/gcc/msp430/4.5.3/mmpy-16/libgcc.a(_sf_to_si.o)
 .debug_pubnames
                0x00000e5a       0x22 /usr/lib/gcc/msp430/4.5.3/mmpy-16/libgcc.a(_thenan_sf.o)
 .debug_pubnames
                0x00000e7c       0x24 /usr/lib/gcc/msp430/4.5.3/mmpy-16/libgcc.a(_usi_to_sf.o)
 .debug_pubnames
                0x00000ea0       0x1f /usr/lib/gcc/msp430/4.5.3/mmpy-16/libgcc.a(_clzsi2.o)
 .debug_pubnames
                0x00000ebf       0x1f /usr/lib/gcc/msp430/4.5.3/mmpy-16/libgcc.a(_pack_sf.o)
 .debug_pubnames
                0x00000ede       0x21 /usr/lib/gcc/msp430/4.5.3/mmpy-16/libgcc.a(_unpack_sf.o)
 .debug_pubnames
                0x00000eff       0x26 /usr/lib/gcc/msp430/4.5.3/mmpy-16/libgcc.a(_fpcmp_parts_sf.o)
 .debug_pubnames
                0x00000f25       0x20 /usr/lib/gcc/msp430/4.5.3/mmpy-16/libgcc.a(_clz.o)
 .debug_pubnames
                0x00000f45       0x1d /usr/lib/gcc/msp430/4.5.3/../../../../msp430/lib/mmpy-16/libc.a(memcpy.o)
 .debug_pubnames
                0x00000f62       0x26 /usr/lib/gcc/msp430/4.5.3/../../../../msp430/lib/mmpy-16/libc.a(malloc.o)
 .debug_pubnames
                0x00000f88       0x29 /usr/lib/gcc/msp430/4.5.3/../../../../msp430/lib/mmpy-16/libc.a(printf.o)
 .debug_pubnames
                0x00000fb1       0x1f /usr/lib/gcc/msp430/4.5.3/../../../../msp430/lib/mmpy-16/libc.a(vuprintf.o)
 .debug_pubnames
                0x00000fd0       0x1b /usr/lib/gcc/msp430/4.5.3/../../../../msp430/lib/mmpy-16/libc.a(puts.o)
 .debug_pubnames
                0x00000feb       0x30 /usr/lib/gcc/msp430/4.5.3/../../../../msp430/lib/mmpy-16/libc.a(rand.o)

.debug_info     0x00000000     0x84fc
 *(.debug_info)
 .debug_info    0x00000000      0x97a glossy-test-hda.co
 .debug_info    0x0000097a      0x38e obj_sky/contiki-sky-main.o
 .debug_info    0x00000d08      0x51b contiki-sky.a(process.o)
 .debug_info    0x00001223      0x1ad contiki-sky.a(autostart.o)
 .debug_info    0x000013d0      0x494 contiki-sky.a(etimer.o)
 .debug_info    0x00001864      0x29e contiki-sky.a(energest.o)
 .debug_info    0x00001b02      0x203 contiki-sky.a(rtimer.o)
 .debug_info    0x00001d05      0x1de contiki-sky.a(glossy_queue.o)
 .debug_info    0x00001ee3     0x11bd contiki-sky.a(glossy.o)
 .debug_info    0x000030a0      0x436 contiki-sky.a(msp430.o)
 .debug_info    0x000034d6      0x331 contiki-sky.a(leds.o)
 .debug_info    0x00003807      0x266 contiki-sky.a(watchdog.o)
 .debug_info    0x00003a6d      0x548 contiki-sky.a(xmem.o)
 .debug_info    0x00003fb5      0x4b7 contiki-sky.a(cc2420.o)
 .debug_info    0x0000446c       0xeb contiki-sky.a(node-id.o)
 .debug_info    0x00004557      0x3bd contiki-sky.a(uart1.o)
 .debug_info    0x00004914      0x463 contiki-sky.a(clock.o)
 .debug_info    0x00004d77       0xfd contiki-sky.a(leds-arch.o)
 .debug_info    0x00004e74       0x8b contiki-sky.a(uart1-putchar.o)
 .debug_info    0x00004eff      0x125 contiki-sky.a(rtimer-arch.o)
 .debug_info    0x00005024      0x170 contiki-sky.a(timer.o)
 .debug_info    0x00005194      0x1b0 contiki-sky.a(ringbuf.o)
 .debug_info    0x00005344      0x1c1 contiki-sky.a(spi.o)
 .debug_info    0x00005505       0xd7 /usr/lib/gcc/msp430/4.5.3/mmpy-16/libgcc.a(_mulsi3.o)
 .debug_info    0x000055dc       0xd7 /usr/lib/gcc/msp430/4.5.3/mmpy-16/libgcc.a(_divmodhi4.o)
 .debug_info    0x000056b3       0xd7 /usr/lib/gcc/msp430/4.5.3/mmpy-16/libgcc.a(_udivmodsi4.o)
 .debug_info    0x0000578a       0xae /usr/lib/gcc/msp430/4.5.3/mmpy-16/libgcc.a(_fixunssfsi.o)
 .debug_info    0x00005838      0x432 /usr/lib/gcc/msp430/4.5.3/mmpy-16/libgcc.a(_addsub_sf.o)
 .debug_info    0x00005c6a      0x3d6 /usr/lib/gcc/msp430/4.5.3/mmpy-16/libgcc.a(_mul_sf.o)
 .debug_info    0x00006040      0x369 /usr/lib/gcc/msp430/4.5.3/mmpy-16/libgcc.a(_div_sf.o)
 .debug_info    0x000063a9      0x27b /usr/lib/gcc/msp430/4.5.3/mmpy-16/libgcc.a(_ge_sf.o)
 .debug_info    0x00006624      0x218 /usr/lib/gcc/msp430/4.5.3/mmpy-16/libgcc.a(_si_to_sf.o)
 .debug_info    0x0000683c      0x296 /usr/lib/gcc/msp430/4.5.3/mmpy-16/libgcc.a(_sf_to_si.o)
 .debug_info    0x00006ad2      0x151 /usr/lib/gcc/msp430/4.5.3/mmpy-16/libgcc.a(_thenan_sf.o)
 .debug_info    0x00006c23      0x217 /usr/lib/gcc/msp430/4.5.3/mmpy-16/libgcc.a(_usi_to_sf.o)
 .debug_info    0x00006e3a       0xd7 /usr/lib/gcc/msp430/4.5.3/mmpy-16/libgcc.a(_udivmodhi4.o)
 .debug_info    0x00006f11      0x115 /usr/lib/gcc/msp430/4.5.3/mmpy-16/libgcc.a(_clzsi2.o)
 .debug_info    0x00007026      0x2c2 /usr/lib/gcc/msp430/4.5.3/mmpy-16/libgcc.a(_pack_sf.o)
 .debug_info    0x000072e8      0x24d /usr/lib/gcc/msp430/4.5.3/mmpy-16/libgcc.a(_unpack_sf.o)
 .debug_info    0x00007535      0x1e2 /usr/lib/gcc/msp430/4.5.3/mmpy-16/libgcc.a(_fpcmp_parts_sf.o)
 .debug_info    0x00007717       0x99 /usr/lib/gcc/msp430/4.5.3/mmpy-16/libgcc.a(_clz.o)
 .debug_info    0x000077b0      0x113 /usr/lib/gcc/msp430/4.5.3/../../../../msp430/lib/mmpy-16/libc.a(memcpy.o)
 .debug_info    0x000078c3      0x15e /usr/lib/gcc/msp430/4.5.3/../../../../msp430/lib/mmpy-16/libc.a(malloc.o)
 .debug_info    0x00007a21      0x103 /usr/lib/gcc/msp430/4.5.3/../../../../msp430/lib/mmpy-16/libc.a(printf.o)
 .debug_info    0x00007b24      0x3b5 /usr/lib/gcc/msp430/4.5.3/../../../../msp430/lib/mmpy-16/libc.a(vuprintf.o)
 .debug_info    0x00007ed9       0x96 /usr/lib/gcc/msp430/4.5.3/../../../../msp430/lib/mmpy-16/libc.a(puts.o)
 .debug_info    0x00007f6f      0x137 /usr/lib/gcc/msp430/4.5.3/../../../../msp430/lib/mmpy-16/libc.a(rand.o)
 .debug_info    0x000080a6       0xb9 /usr/lib/gcc/msp430/4.5.3/mmpy-16/libcrt0.a(__init_stack.o)
 .debug_info    0x0000815f       0xb9 /usr/lib/gcc/msp430/4.5.3/mmpy-16/libcrt0.a(__low_level_init.o)
 .debug_info    0x00008218       0xb9 /usr/lib/gcc/msp430/4.5.3/mmpy-16/libcrt0.a(_copy_data.o)
 .debug_info    0x000082d1       0xb9 /usr/lib/gcc/msp430/4.5.3/mmpy-16/libcrt0.a(_clear_bss.o)
 .debug_info    0x0000838a       0xb9 /usr/lib/gcc/msp430/4.5.3/mmpy-16/libcrt0.a(_endless_loop__.o)
 .debug_info    0x00008443       0xb9 /usr/lib/gcc/msp430/4.5.3/mmpy-16/libcrt0.a(_unexpected_.o)
 *(.gnu.linkonce.wi.*)

.debug_abbrev   0x00000000     0x3898
 *(.debug_abbrev)
 .debug_abbrev  0x00000000      0x2bd glossy-test-hda.co
 .debug_abbrev  0x000002bd      0x1ab obj_sky/contiki-sky-main.o
 .debug_abbrev  0x00000468      0x2f6 contiki-sky.a(process.o)
 .debug_abbrev  0x0000075e       0xf5 contiki-sky.a(autostart.o)
 .debug_abbrev  0x00000853      0x229 contiki-sky.a(etimer.o)
 .debug_abbrev  0x00000a7c      0x15f contiki-sky.a(energest.o)
 .debug_abbrev  0x00000bdb      0x139 contiki-sky.a(rtimer.o)
 .debug_abbrev  0x00000d14      0x108 contiki-sky.a(glossy_queue.o)
 .debug_abbrev  0x00000e1c      0x418 contiki-sky.a(glossy.o)
 .debug_abbrev  0x00001234      0x155 contiki-sky.a(msp430.o)
 .debug_abbrev  0x00001389      0x161 contiki-sky.a(leds.o)
 .debug_abbrev  0x000014ea      0x14c contiki-sky.a(watchdog.o)
 .debug_abbrev  0x00001636      0x21f contiki-sky.a(xmem.o)
 .debug_abbrev  0x00001855      0x154 contiki-sky.a(cc2420.o)
 .debug_abbrev  0x000019a9       0x93 contiki-sky.a(node-id.o)
 .debug_abbrev  0x00001a3c      0x162 contiki-sky.a(uart1.o)
 .debug_abbrev  0x00001b9e      0x1c6 contiki-sky.a(clock.o)
 .debug_abbrev  0x00001d64       0x97 contiki-sky.a(leds-arch.o)
 .debug_abbrev  0x00001dfb       0x50 contiki-sky.a(uart1-putchar.o)
 .debug_abbrev  0x00001e4b       0xa2 contiki-sky.a(rtimer-arch.o)
 .debug_abbrev  0x00001eed       0xf8 contiki-sky.a(timer.o)
 .debug_abbrev  0x00001fe5      0x109 contiki-sky.a(ringbuf.o)
 .debug_abbrev  0x000020ee       0x97 contiki-sky.a(spi.o)
 .debug_abbrev  0x00002185       0x14 /usr/lib/gcc/msp430/4.5.3/mmpy-16/libgcc.a(_mulsi3.o)
 .debug_abbrev  0x00002199       0x14 /usr/lib/gcc/msp430/4.5.3/mmpy-16/libgcc.a(_divmodhi4.o)
 .debug_abbrev  0x000021ad       0x14 /usr/lib/gcc/msp430/4.5.3/mmpy-16/libgcc.a(_udivmodsi4.o)
 .debug_abbrev  0x000021c1       0x5d /usr/lib/gcc/msp430/4.5.3/mmpy-16/libgcc.a(_fixunssfsi.o)
 .debug_abbrev  0x0000221e      0x1ab /usr/lib/gcc/msp430/4.5.3/mmpy-16/libgcc.a(_addsub_sf.o)
 .debug_abbrev  0x000023c9      0x1d9 /usr/lib/gcc/msp430/4.5.3/mmpy-16/libgcc.a(_mul_sf.o)
 .debug_abbrev  0x000025a2      0x1c4 /usr/lib/gcc/msp430/4.5.3/mmpy-16/libgcc.a(_div_sf.o)
 .debug_abbrev  0x00002766      0x151 /usr/lib/gcc/msp430/4.5.3/mmpy-16/libgcc.a(_ge_sf.o)
 .debug_abbrev  0x000028b7      0x162 /usr/lib/gcc/msp430/4.5.3/mmpy-16/libgcc.a(_si_to_sf.o)
 .debug_abbrev  0x00002a19      0x160 /usr/lib/gcc/msp430/4.5.3/mmpy-16/libgcc.a(_sf_to_si.o)
 .debug_abbrev  0x00002b79       0xcb /usr/lib/gcc/msp430/4.5.3/mmpy-16/libgcc.a(_thenan_sf.o)
 .debug_abbrev  0x00002c44      0x16d /usr/lib/gcc/msp430/4.5.3/mmpy-16/libgcc.a(_usi_to_sf.o)
 .debug_abbrev  0x00002db1       0x14 /usr/lib/gcc/msp430/4.5.3/mmpy-16/libgcc.a(_udivmodhi4.o)
 .debug_abbrev  0x00002dc5       0xbd /usr/lib/gcc/msp430/4.5.3/mmpy-16/libgcc.a(_clzsi2.o)
 .debug_abbrev  0x00002e82      0x183 /usr/lib/gcc/msp430/4.5.3/mmpy-16/libgcc.a(_pack_sf.o)
 .debug_abbrev  0x00003005      0x14b /usr/lib/gcc/msp430/4.5.3/mmpy-16/libgcc.a(_unpack_sf.o)
 .debug_abbrev  0x00003150      0x10b /usr/lib/gcc/msp430/4.5.3/mmpy-16/libgcc.a(_fpcmp_parts_sf.o)
 .debug_abbrev  0x0000325b       0x61 /usr/lib/gcc/msp430/4.5.3/mmpy-16/libgcc.a(_clz.o)
 .debug_abbrev  0x000032bc       0x97 /usr/lib/gcc/msp430/4.5.3/../../../../msp430/lib/mmpy-16/libc.a(memcpy.o)
 .debug_abbrev  0x00003353       0xf8 /usr/lib/gcc/msp430/4.5.3/../../../../msp430/lib/mmpy-16/libc.a(malloc.o)
 .debug_abbrev  0x0000344b       0xce /usr/lib/gcc/msp430/4.5.3/../../../../msp430/lib/mmpy-16/libc.a(printf.o)
 .debug_abbrev  0x00003519      0x1cb /usr/lib/gcc/msp430/4.5.3/../../../../msp430/lib/mmpy-16/libc.a(vuprintf.o)
 .debug_abbrev  0x000036e4       0x60 /usr/lib/gcc/msp430/4.5.3/../../../../msp430/lib/mmpy-16/libc.a(puts.o)
 .debug_abbrev  0x00003744       0xdc /usr/lib/gcc/msp430/4.5.3/../../../../msp430/lib/mmpy-16/libc.a(rand.o)
 .debug_abbrev  0x00003820       0x14 /usr/lib/gcc/msp430/4.5.3/mmpy-16/libcrt0.a(__init_stack.o)
 .debug_abbrev  0x00003834       0x14 /usr/lib/gcc/msp430/4.5.3/mmpy-16/libcrt0.a(__low_level_init.o)
 .debug_abbrev  0x00003848       0x14 /usr/lib/gcc/msp430/4.5.3/mmpy-16/libcrt0.a(_copy_data.o)
 .debug_abbrev  0x0000385c       0x14 /usr/lib/gcc/msp430/4.5.3/mmpy-16/libcrt0.a(_clear_bss.o)
 .debug_abbrev  0x00003870       0x14 /usr/lib/gcc/msp430/4.5.3/mmpy-16/libcrt0.a(_endless_loop__.o)
 .debug_abbrev  0x00003884       0x14 /usr/lib/gcc/msp430/4.5.3/mmpy-16/libcrt0.a(_unexpected_.o)

.debug_line     0x00000000     0x32fe
 *(.debug_line)
 .debug_line    0x00000000      0x2c2 glossy-test-hda.co
 .debug_line    0x000002c2      0x16d obj_sky/contiki-sky-main.o
 .debug_line    0x0000042f      0x13d contiki-sky.a(process.o)
 .debug_line    0x0000056c       0x96 contiki-sky.a(autostart.o)
 .debug_line    0x00000602      0x168 contiki-sky.a(etimer.o)
 .debug_line    0x0000076a       0xe1 contiki-sky.a(energest.o)
 .debug_line    0x0000084b       0x81 contiki-sky.a(rtimer.o)
 .debug_line    0x000008cc       0xb6 contiki-sky.a(glossy_queue.o)
 .debug_line    0x00000982      0x4ef contiki-sky.a(glossy.o)
 .debug_line    0x00000e71      0x145 contiki-sky.a(msp430.o)
 .debug_line    0x00000fb6      0x12b contiki-sky.a(leds.o)
 .debug_line    0x000010e1       0xec contiki-sky.a(watchdog.o)
 .debug_line    0x000011cd      0x1be contiki-sky.a(xmem.o)
 .debug_line    0x0000138b      0x2cf contiki-sky.a(cc2420.o)
 .debug_line    0x0000165a       0x6e contiki-sky.a(node-id.o)
 .debug_line    0x000016c8      0x106 contiki-sky.a(uart1.o)
 .debug_line    0x000017ce      0x182 contiki-sky.a(clock.o)
 .debug_line    0x00001950       0xdb contiki-sky.a(leds-arch.o)
 .debug_line    0x00001a2b       0x95 contiki-sky.a(uart1-putchar.o)
 .debug_line    0x00001ac0       0xbe contiki-sky.a(rtimer-arch.o)
 .debug_line    0x00001b7e       0xa2 contiki-sky.a(timer.o)
 .debug_line    0x00001c20       0xb3 contiki-sky.a(ringbuf.o)
 .debug_line    0x00001cd3       0x96 contiki-sky.a(spi.o)
 .debug_line    0x00001d69       0x9d /usr/lib/gcc/msp430/4.5.3/mmpy-16/libgcc.a(_mulsi3.o)
 .debug_line    0x00001e06       0xa5 /usr/lib/gcc/msp430/4.5.3/mmpy-16/libgcc.a(_divmodhi4.o)
 .debug_line    0x00001eab       0xa1 /usr/lib/gcc/msp430/4.5.3/mmpy-16/libgcc.a(_udivmodsi4.o)
 .debug_line    0x00001f4c       0x94 /usr/lib/gcc/msp430/4.5.3/mmpy-16/libgcc.a(_fixunssfsi.o)
 .debug_line    0x00001fe0      0x144 /usr/lib/gcc/msp430/4.5.3/mmpy-16/libgcc.a(_addsub_sf.o)
 .debug_line    0x00002124      0x13d /usr/lib/gcc/msp430/4.5.3/mmpy-16/libgcc.a(_mul_sf.o)
 .debug_line    0x00002261      0x102 /usr/lib/gcc/msp430/4.5.3/mmpy-16/libgcc.a(_div_sf.o)
 .debug_line    0x00002363       0xb1 /usr/lib/gcc/msp430/4.5.3/mmpy-16/libgcc.a(_ge_sf.o)
 .debug_line    0x00002414       0xc5 /usr/lib/gcc/msp430/4.5.3/mmpy-16/libgcc.a(_si_to_sf.o)
 .debug_line    0x000024d9       0xc3 /usr/lib/gcc/msp430/4.5.3/mmpy-16/libgcc.a(_sf_to_si.o)
 .debug_line    0x0000259c       0x94 /usr/lib/gcc/msp430/4.5.3/mmpy-16/libgcc.a(_thenan_sf.o)
 .debug_line    0x00002630       0xc4 /usr/lib/gcc/msp430/4.5.3/mmpy-16/libgcc.a(_usi_to_sf.o)
 .debug_line    0x000026f4       0x9a /usr/lib/gcc/msp430/4.5.3/mmpy-16/libgcc.a(_udivmodhi4.o)
 .debug_line    0x0000278e       0xbd /usr/lib/gcc/msp430/4.5.3/mmpy-16/libgcc.a(_clzsi2.o)
 .debug_line    0x0000284b       0xfd /usr/lib/gcc/msp430/4.5.3/mmpy-16/libgcc.a(_pack_sf.o)
 .debug_line    0x00002948       0xd9 /usr/lib/gcc/msp430/4.5.3/mmpy-16/libgcc.a(_unpack_sf.o)
 .debug_line    0x00002a21       0xe8 /usr/lib/gcc/msp430/4.5.3/mmpy-16/libgcc.a(_fpcmp_parts_sf.o)
 .debug_line    0x00002b09       0x80 /usr/lib/gcc/msp430/4.5.3/mmpy-16/libgcc.a(_clz.o)
 .debug_line    0x00002b89       0xf3 /usr/lib/gcc/msp430/4.5.3/../../../../msp430/lib/mmpy-16/libc.a(memcpy.o)
 .debug_line    0x00002c7c       0xbe /usr/lib/gcc/msp430/4.5.3/../../../../msp430/lib/mmpy-16/libc.a(malloc.o)
 .debug_line    0x00002d3a       0x72 /usr/lib/gcc/msp430/4.5.3/../../../../msp430/lib/mmpy-16/libc.a(printf.o)
 .debug_line    0x00002dac      0x198 /usr/lib/gcc/msp430/4.5.3/../../../../msp430/lib/mmpy-16/libc.a(vuprintf.o)
 .debug_line    0x00002f44       0x4d /usr/lib/gcc/msp430/4.5.3/../../../../msp430/lib/mmpy-16/libc.a(puts.o)
 .debug_line    0x00002f91       0x52 /usr/lib/gcc/msp430/4.5.3/../../../../msp430/lib/mmpy-16/libc.a(rand.o)
 .debug_line    0x00002fe3       0x82 /usr/lib/gcc/msp430/4.5.3/mmpy-16/libcrt0.a(__init_stack.o)
 .debug_line    0x00003065       0x84 /usr/lib/gcc/msp430/4.5.3/mmpy-16/libcrt0.a(__low_level_init.o)
 .debug_line    0x000030e9       0x88 /usr/lib/gcc/msp430/4.5.3/mmpy-16/libcrt0.a(_copy_data.o)
 .debug_line    0x00003171       0x88 /usr/lib/gcc/msp430/4.5.3/mmpy-16/libcrt0.a(_clear_bss.o)
 .debug_line    0x000031f9       0x83 /usr/lib/gcc/msp430/4.5.3/mmpy-16/libcrt0.a(_endless_loop__.o)
 .debug_line    0x0000327c       0x82 /usr/lib/gcc/msp430/4.5.3/mmpy-16/libcrt0.a(_unexpected_.o)

.debug_frame    0x00000000     0x1152
 *(.debug_frame)
 .debug_frame   0x00000000      0x1f4 glossy-test-hda.co
 .debug_frame   0x000001f4       0x50 obj_sky/contiki-sky-main.o
 .debug_frame   0x00000244       0xe8 contiki-sky.a(process.o)
 .debug_frame   0x0000032c       0x36 contiki-sky.a(autostart.o)
 .debug_frame   0x00000362       0xf8 contiki-sky.a(etimer.o)
 .debug_frame   0x0000045a       0x62 contiki-sky.a(energest.o)
 .debug_frame   0x000004bc       0x36 contiki-sky.a(rtimer.o)
 .debug_frame   0x000004f2       0x6e contiki-sky.a(glossy_queue.o)
 .debug_frame   0x00000560      0x1c2 contiki-sky.a(glossy.o)
 .debug_frame   0x00000722       0x8c contiki-sky.a(msp430.o)
 .debug_frame   0x000007ae       0x9c contiki-sky.a(leds.o)
 .debug_frame   0x0000084a       0xae contiki-sky.a(watchdog.o)
 .debug_frame   0x000008f8       0xbe contiki-sky.a(xmem.o)
 .debug_frame   0x000009b6       0x46 contiki-sky.a(cc2420.o)
 .debug_frame   0x000009fc       0x32 contiki-sky.a(node-id.o)
 .debug_frame   0x00000a2e       0x88 contiki-sky.a(uart1.o)
 .debug_frame   0x00000ab6       0xd0 contiki-sky.a(clock.o)
 .debug_frame   0x00000b86       0x36 contiki-sky.a(leds-arch.o)
 .debug_frame   0x00000bbc       0x24 contiki-sky.a(uart1-putchar.o)
 .debug_frame   0x00000be0       0x4a contiki-sky.a(rtimer-arch.o)
 .debug_frame   0x00000c2a       0x6a contiki-sky.a(timer.o)
 .debug_frame   0x00000c94       0x62 contiki-sky.a(ringbuf.o)
 .debug_frame   0x00000cf6       0x1e contiki-sky.a(spi.o)
 .debug_frame   0x00000d14       0x28 /usr/lib/gcc/msp430/4.5.3/mmpy-16/libgcc.a(_fixunssfsi.o)
 .debug_frame   0x00000d3c       0x7e /usr/lib/gcc/msp430/4.5.3/mmpy-16/libgcc.a(_addsub_sf.o)
 .debug_frame   0x00000dba       0x4a /usr/lib/gcc/msp430/4.5.3/mmpy-16/libgcc.a(_mul_sf.o)
 .debug_frame   0x00000e04       0x44 /usr/lib/gcc/msp430/4.5.3/mmpy-16/libgcc.a(_div_sf.o)
 .debug_frame   0x00000e48       0x2c /usr/lib/gcc/msp430/4.5.3/mmpy-16/libgcc.a(_ge_sf.o)
 .debug_frame   0x00000e74       0x2c /usr/lib/gcc/msp430/4.5.3/mmpy-16/libgcc.a(_si_to_sf.o)
 .debug_frame   0x00000ea0       0x22 /usr/lib/gcc/msp430/4.5.3/mmpy-16/libgcc.a(_sf_to_si.o)
 .debug_frame   0x00000ec2       0x3a /usr/lib/gcc/msp430/4.5.3/mmpy-16/libgcc.a(_usi_to_sf.o)
 .debug_frame   0x00000efc       0x24 /usr/lib/gcc/msp430/4.5.3/mmpy-16/libgcc.a(_clzsi2.o)
 .debug_frame   0x00000f20       0x3c /usr/lib/gcc/msp430/4.5.3/mmpy-16/libgcc.a(_pack_sf.o)
 .debug_frame   0x00000f5c       0x2e /usr/lib/gcc/msp430/4.5.3/mmpy-16/libgcc.a(_unpack_sf.o)
 .debug_frame   0x00000f8a       0x24 /usr/lib/gcc/msp430/4.5.3/mmpy-16/libgcc.a(_fpcmp_parts_sf.o)
 .debug_frame   0x00000fae       0x32 /usr/lib/gcc/msp430/4.5.3/../../../../msp430/lib/mmpy-16/libc.a(memcpy.o)
 .debug_frame   0x00000fe0       0x52 /usr/lib/gcc/msp430/4.5.3/../../../../msp430/lib/mmpy-16/libc.a(malloc.o)
 .debug_frame   0x00001032       0x2a /usr/lib/gcc/msp430/4.5.3/../../../../msp430/lib/mmpy-16/libc.a(printf.o)
 .debug_frame   0x0000105c       0x82 /usr/lib/gcc/msp430/4.5.3/../../../../msp430/lib/mmpy-16/libc.a(vuprintf.o)
 .debug_frame   0x000010de       0x24 /usr/lib/gcc/msp430/4.5.3/../../../../msp430/lib/mmpy-16/libc.a(puts.o)
 .debug_frame   0x00001102       0x50 /usr/lib/gcc/msp430/4.5.3/../../../../msp430/lib/mmpy-16/libc.a(rand.o)

.debug_str      0x00000000     0x205b
 *(.debug_str)
 .debug_str     0x00000000      0x4f3 glossy-test-hda.co
                                0x615 (size before relaxing)
 .debug_str     0x000004f3       0x9f obj_sky/contiki-sky-main.o
                                0x358 (size before relaxing)
 .debug_str     0x00000592      0x178 contiki-sky.a(process.o)
                                0x2cb (size before relaxing)
 .debug_str     0x0000070a       0x3a contiki-sky.a(autostart.o)
                                0x183 (size before relaxing)
 .debug_str     0x00000744      0x133 contiki-sky.a(etimer.o)
                                0x2d8 (size before relaxing)
 .debug_str     0x00000877       0x9b contiki-sky.a(energest.o)
                                0x322 (size before relaxing)
 .debug_str     0x00000912       0xa1 contiki-sky.a(rtimer.o)
                                0x2ec (size before relaxing)
 .debug_str     0x000009b3       0x4a contiki-sky.a(glossy_queue.o)
                                0x194 (size before relaxing)
 .debug_str     0x000009fd      0x96f contiki-sky.a(glossy.o)
                                0xe0a (size before relaxing)
 .debug_str     0x0000136c      0x105 contiki-sky.a(msp430.o)
                                0x29c (size before relaxing)
 .debug_str     0x00001471       0x94 contiki-sky.a(leds.o)
                                0x322 (size before relaxing)
 .debug_str     0x00001505       0xca contiki-sky.a(watchdog.o)
                                0x1df (size before relaxing)
 .debug_str     0x000015cf       0xbc contiki-sky.a(xmem.o)
                                0x39c (size before relaxing)
 .debug_str     0x0000168b       0x37 contiki-sky.a(cc2420.o)
                                0x6b9 (size before relaxing)
 .debug_str     0x000016c2       0x3c contiki-sky.a(node-id.o)
                                0x136 (size before relaxing)
 .debug_str     0x000016fe      0x133 contiki-sky.a(uart1.o)
                                0x29a (size before relaxing)
 .debug_str     0x00001831       0xd5 contiki-sky.a(clock.o)
                                0x3e0 (size before relaxing)
 .debug_str     0x00001906       0x5c contiki-sky.a(leds-arch.o)
                                0x15f (size before relaxing)
 .debug_str     0x00001962       0x2d contiki-sky.a(uart1-putchar.o)
                                0x11f (size before relaxing)
 .debug_str     0x0000198f       0x64 contiki-sky.a(rtimer-arch.o)
                                0x183 (size before relaxing)
 .debug_str     0x000019f3       0x27 contiki-sky.a(timer.o)
                                0x172 (size before relaxing)
 .debug_str     0x00001a1a       0x64 contiki-sky.a(ringbuf.o)
                                0x185 (size before relaxing)
 .debug_str     0x00001a7e       0x62 contiki-sky.a(spi.o)
                                0x19c (size before relaxing)
 .debug_str     0x00001ae0       0xcf /usr/lib/gcc/msp430/4.5.3/mmpy-16/libgcc.a(_fixunssfsi.o)
                                0x14f (size before relaxing)
 .debug_str     0x00001baf      0x14f /usr/lib/gcc/msp430/4.5.3/mmpy-16/libgcc.a(_addsub_sf.o)
                                0x22c (size before relaxing)
 .debug_str     0x00001cfe       0x27 /usr/lib/gcc/msp430/4.5.3/mmpy-16/libgcc.a(_mul_sf.o)
                                0x1e5 (size before relaxing)
 .debug_str     0x00001d25       0x35 /usr/lib/gcc/msp430/4.5.3/mmpy-16/libgcc.a(_div_sf.o)
                                0x1ee (size before relaxing)
 .debug_str     0x00001d5a        0x8 /usr/lib/gcc/msp430/4.5.3/mmpy-16/libgcc.a(_ge_sf.o)
                                0x1b3 (size before relaxing)
 .debug_str     0x00001d62       0x27 /usr/lib/gcc/msp430/4.5.3/mmpy-16/libgcc.a(_si_to_sf.o)
                                0x1a2 (size before relaxing)
 .debug_str     0x00001d89        0xa /usr/lib/gcc/msp430/4.5.3/mmpy-16/libgcc.a(_sf_to_si.o)
                                0x1bc (size before relaxing)
 .debug_str     0x00000000      0x15e /usr/lib/gcc/msp430/4.5.3/mmpy-16/libgcc.a(_thenan_sf.o)
 .debug_str     0x00001d93       0x14 /usr/lib/gcc/msp430/4.5.3/mmpy-16/libgcc.a(_usi_to_sf.o)
                                0x19e (size before relaxing)
 .debug_str     0x00001da7       0x17 /usr/lib/gcc/msp430/4.5.3/mmpy-16/libgcc.a(_clzsi2.o)
                                0x15b (size before relaxing)
 .debug_str     0x00001dbe       0x10 /usr/lib/gcc/msp430/4.5.3/mmpy-16/libgcc.a(_pack_sf.o)
                                0x1bb (size before relaxing)
 .debug_str     0x00001dce        0xb /usr/lib/gcc/msp430/4.5.3/mmpy-16/libgcc.a(_unpack_sf.o)
                                0x19d (size before relaxing)
 .debug_str     0x00001dd9       0x10 /usr/lib/gcc/msp430/4.5.3/mmpy-16/libgcc.a(_fpcmp_parts_sf.o)
                                0x181 (size before relaxing)
 .debug_str     0x00000000      0x13e /usr/lib/gcc/msp430/4.5.3/mmpy-16/libgcc.a(_clz.o)
 .debug_str     0x00001de9       0x4d /usr/lib/gcc/msp430/4.5.3/../../../../msp430/lib/mmpy-16/libc.a(memcpy.o)
                                 0xed (size before relaxing)
 .debug_str     0x00001e36       0x52 /usr/lib/gcc/msp430/4.5.3/../../../../msp430/lib/mmpy-16/libc.a(malloc.o)
                                0x119 (size before relaxing)
 .debug_str     0x00001e88       0x40 /usr/lib/gcc/msp430/4.5.3/../../../../msp430/lib/mmpy-16/libc.a(printf.o)
                                0x101 (size before relaxing)
 .debug_str     0x00001ec8      0x154 /usr/lib/gcc/msp430/4.5.3/../../../../msp430/lib/mmpy-16/libc.a(vuprintf.o)
                                0x25d (size before relaxing)
 .debug_str     0x0000201c       0x15 /usr/lib/gcc/msp430/4.5.3/../../../../msp430/lib/mmpy-16/libc.a(puts.o)
                                 0xc7 (size before relaxing)
 .debug_str     0x00002031       0x2a /usr/lib/gcc/msp430/4.5.3/../../../../msp430/lib/mmpy-16/libc.a(rand.o)
                                 0xe6 (size before relaxing)

.debug_loc      0x00000000     0x2cb8
 *(.debug_loc)
 .debug_loc     0x00000000      0x682 glossy-test-hda.co
 .debug_loc     0x00000682       0xa1 obj_sky/contiki-sky-main.o
 .debug_loc     0x00000723      0x20d contiki-sky.a(process.o)
 .debug_loc     0x00000930       0x56 contiki-sky.a(autostart.o)
 .debug_loc     0x00000986      0x285 contiki-sky.a(etimer.o)
 .debug_loc     0x00000c0b       0x83 contiki-sky.a(energest.o)
 .debug_loc     0x00000c8e       0x5b contiki-sky.a(rtimer.o)
 .debug_loc     0x00000ce9       0x84 contiki-sky.a(glossy_queue.o)
 .debug_loc     0x00000d6d      0x238 contiki-sky.a(glossy.o)
 .debug_loc     0x00000fa5       0xed contiki-sky.a(msp430.o)
 .debug_loc     0x00001092       0xbd contiki-sky.a(leds.o)
 .debug_loc     0x0000114f       0xaa contiki-sky.a(watchdog.o)
 .debug_loc     0x000011f9      0x2a1 contiki-sky.a(xmem.o)
 .debug_loc     0x0000149a       0xa4 contiki-sky.a(cc2420.o)
 .debug_loc     0x0000153e       0x33 contiki-sky.a(node-id.o)
 .debug_loc     0x00001571       0x99 contiki-sky.a(uart1.o)
 .debug_loc     0x0000160a       0xaa contiki-sky.a(clock.o)
 .debug_loc     0x000016b4        0xb contiki-sky.a(leds-arch.o)
 .debug_loc     0x000016bf       0x2d contiki-sky.a(uart1-putchar.o)
 .debug_loc     0x000016ec       0x2c contiki-sky.a(rtimer-arch.o)
 .debug_loc     0x00001718       0xb9 contiki-sky.a(timer.o)
 .debug_loc     0x000017d1       0xab contiki-sky.a(ringbuf.o)
 .debug_loc     0x0000187c       0x44 /usr/lib/gcc/msp430/4.5.3/mmpy-16/libgcc.a(_fixunssfsi.o)
 .debug_loc     0x000018c0      0x315 /usr/lib/gcc/msp430/4.5.3/mmpy-16/libgcc.a(_addsub_sf.o)
 .debug_loc     0x00001bd5      0x266 /usr/lib/gcc/msp430/4.5.3/mmpy-16/libgcc.a(_mul_sf.o)
 .debug_loc     0x00001e3b      0x16c /usr/lib/gcc/msp430/4.5.3/mmpy-16/libgcc.a(_div_sf.o)
 .debug_loc     0x00001fa7       0x4c /usr/lib/gcc/msp430/4.5.3/mmpy-16/libgcc.a(_ge_sf.o)
 .debug_loc     0x00001ff3       0x77 /usr/lib/gcc/msp430/4.5.3/mmpy-16/libgcc.a(_si_to_sf.o)
 .debug_loc     0x0000206a       0x3c /usr/lib/gcc/msp430/4.5.3/mmpy-16/libgcc.a(_sf_to_si.o)
 .debug_loc     0x000020a6       0xc6 /usr/lib/gcc/msp430/4.5.3/mmpy-16/libgcc.a(_usi_to_sf.o)
 .debug_loc     0x0000216c       0x58 /usr/lib/gcc/msp430/4.5.3/mmpy-16/libgcc.a(_clzsi2.o)
 .debug_loc     0x000021c4      0x18a /usr/lib/gcc/msp430/4.5.3/mmpy-16/libgcc.a(_pack_sf.o)
 .debug_loc     0x0000234e       0xc5 /usr/lib/gcc/msp430/4.5.3/mmpy-16/libgcc.a(_unpack_sf.o)
 .debug_loc     0x00002413       0x5b /usr/lib/gcc/msp430/4.5.3/mmpy-16/libgcc.a(_fpcmp_parts_sf.o)
 .debug_loc     0x0000246e      0x1d6 /usr/lib/gcc/msp430/4.5.3/../../../../msp430/lib/mmpy-16/libc.a(memcpy.o)
 .debug_loc     0x00002644      0x135 /usr/lib/gcc/msp430/4.5.3/../../../../msp430/lib/mmpy-16/libc.a(malloc.o)
 .debug_loc     0x00002779       0x24 /usr/lib/gcc/msp430/4.5.3/../../../../msp430/lib/mmpy-16/libc.a(printf.o)
 .debug_loc     0x0000279d      0x49c /usr/lib/gcc/msp430/4.5.3/../../../../msp430/lib/mmpy-16/libc.a(vuprintf.o)
 .debug_loc     0x00002c39       0x2d /usr/lib/gcc/msp430/4.5.3/../../../../msp430/lib/mmpy-16/libc.a(puts.o)
 .debug_loc     0x00002c66       0x52 /usr/lib/gcc/msp430/4.5.3/../../../../msp430/lib/mmpy-16/libc.a(rand.o)

.debug_macinfo
 *(.debug_macinfo)

.debug_pubtypes
                0x00000000      0xe69
 *(.debug_pubtypes)
 .debug_pubtypes
                0x00000000      0x107 glossy-test-hda.co
 .debug_pubtypes
                0x00000107       0x89 obj_sky/contiki-sky-main.o
 .debug_pubtypes
                0x00000190       0x7d contiki-sky.a(process.o)
 .debug_pubtypes
                0x0000020d       0x55 contiki-sky.a(autostart.o)
 .debug_pubtypes
                0x00000262       0x7b contiki-sky.a(etimer.o)
 .debug_pubtypes
                0x000002dd       0x46 contiki-sky.a(energest.o)
 .debug_pubtypes
                0x00000323       0x58 contiki-sky.a(rtimer.o)
 .debug_pubtypes
                0x0000037b       0x4f contiki-sky.a(glossy_queue.o)
 .debug_pubtypes
                0x000003ca       0xfb contiki-sky.a(glossy.o)
 .debug_pubtypes
                0x000004c5       0x44 contiki-sky.a(msp430.o)
 .debug_pubtypes
                0x00000509       0x46 contiki-sky.a(leds.o)
 .debug_pubtypes
                0x0000054f       0x1e contiki-sky.a(watchdog.o)
 .debug_pubtypes
                0x0000056d       0x46 contiki-sky.a(xmem.o)
 .debug_pubtypes
                0x000005b3       0x71 contiki-sky.a(cc2420.o)
 .debug_pubtypes
                0x00000624       0x12 contiki-sky.a(node-id.o)
 .debug_pubtypes
                0x00000636       0x2a contiki-sky.a(uart1.o)
 .debug_pubtypes
                0x00000660       0x57 contiki-sky.a(clock.o)
 .debug_pubtypes
                0x000006b7       0x12 contiki-sky.a(leds-arch.o)
 .debug_pubtypes
                0x000006c9       0x12 contiki-sky.a(uart1-putchar.o)
 .debug_pubtypes
                0x000006db       0x25 contiki-sky.a(rtimer-arch.o)
 .debug_pubtypes
                0x00000700       0x2d contiki-sky.a(timer.o)
 .debug_pubtypes
                0x0000072d       0x2a contiki-sky.a(ringbuf.o)
 .debug_pubtypes
                0x00000757       0x12 contiki-sky.a(spi.o)
 .debug_pubtypes
                0x00000769       0x34 /usr/lib/gcc/msp430/4.5.3/mmpy-16/libgcc.a(_fixunssfsi.o)
 .debug_pubtypes
                0x0000079d       0x9d /usr/lib/gcc/msp430/4.5.3/mmpy-16/libgcc.a(_addsub_sf.o)
 .debug_pubtypes
                0x0000083a       0x86 /usr/lib/gcc/msp430/4.5.3/mmpy-16/libgcc.a(_mul_sf.o)
 .debug_pubtypes
                0x000008c0       0x86 /usr/lib/gcc/msp430/4.5.3/mmpy-16/libgcc.a(_div_sf.o)
 .debug_pubtypes
                0x00000946       0x91 /usr/lib/gcc/msp430/4.5.3/mmpy-16/libgcc.a(_ge_sf.o)
 .debug_pubtypes
                0x000009d7       0x7e /usr/lib/gcc/msp430/4.5.3/mmpy-16/libgcc.a(_si_to_sf.o)
 .debug_pubtypes
                0x00000a55       0x91 /usr/lib/gcc/msp430/4.5.3/mmpy-16/libgcc.a(_sf_to_si.o)
 .debug_pubtypes
                0x00000ae6       0x5b /usr/lib/gcc/msp430/4.5.3/mmpy-16/libgcc.a(_thenan_sf.o)
 .debug_pubtypes
                0x00000b41       0x73 /usr/lib/gcc/msp430/4.5.3/mmpy-16/libgcc.a(_usi_to_sf.o)
 .debug_pubtypes
                0x00000bb4       0x35 /usr/lib/gcc/msp430/4.5.3/mmpy-16/libgcc.a(_clzsi2.o)
 .debug_pubtypes
                0x00000be9       0x86 /usr/lib/gcc/msp430/4.5.3/mmpy-16/libgcc.a(_pack_sf.o)
 .debug_pubtypes
                0x00000c6f       0x86 /usr/lib/gcc/msp430/4.5.3/mmpy-16/libgcc.a(_unpack_sf.o)
 .debug_pubtypes
                0x00000cf5       0x5b /usr/lib/gcc/msp430/4.5.3/mmpy-16/libgcc.a(_fpcmp_parts_sf.o)
 .debug_pubtypes
                0x00000d50       0x1e /usr/lib/gcc/msp430/4.5.3/mmpy-16/libgcc.a(_clz.o)
 .debug_pubtypes
                0x00000d6e       0x26 /usr/lib/gcc/msp430/4.5.3/../../../../msp430/lib/mmpy-16/libc.a(memcpy.o)
 .debug_pubtypes
                0x00000d94       0x2a /usr/lib/gcc/msp430/4.5.3/../../../../msp430/lib/mmpy-16/libc.a(malloc.o)
 .debug_pubtypes
                0x00000dbe       0x31 /usr/lib/gcc/msp430/4.5.3/../../../../msp430/lib/mmpy-16/libc.a(printf.o)
 .debug_pubtypes
                0x00000def       0x56 /usr/lib/gcc/msp430/4.5.3/../../../../msp430/lib/mmpy-16/libc.a(vuprintf.o)
 .debug_pubtypes
                0x00000e45       0x12 /usr/lib/gcc/msp430/4.5.3/../../../../msp430/lib/mmpy-16/libc.a(puts.o)
 .debug_pubtypes
                0x00000e57       0x12 /usr/lib/gcc/msp430/4.5.3/../../../../msp430/lib/mmpy-16/libc.a(rand.o)

.debug_ranges   0x00000000       0xc0
 *(.debug_ranges)
 .debug_ranges  0x00000000        0x8 obj_sky/contiki-sky-main.o
 .debug_ranges  0x00000008        0xc contiki-sky.a(glossy.o)
 .debug_ranges  0x00000014       0x14 /usr/lib/gcc/msp430/4.5.3/mmpy-16/libgcc.a(_addsub_sf.o)
 .debug_ranges  0x00000028       0x28 /usr/lib/gcc/msp430/4.5.3/mmpy-16/libgcc.a(_mul_sf.o)
 .debug_ranges  0x00000050       0x24 /usr/lib/gcc/msp430/4.5.3/mmpy-16/libgcc.a(_div_sf.o)
 .debug_ranges  0x00000074       0x10 /usr/lib/gcc/msp430/4.5.3/mmpy-16/libgcc.a(_si_to_sf.o)
 .debug_ranges  0x00000084        0xc /usr/lib/gcc/msp430/4.5.3/mmpy-16/libgcc.a(_usi_to_sf.o)
 .debug_ranges  0x00000090        0xc /usr/lib/gcc/msp430/4.5.3/mmpy-16/libgcc.a(_clzsi2.o)
 .debug_ranges  0x0000009c       0x18 /usr/lib/gcc/msp430/4.5.3/mmpy-16/libgcc.a(_pack_sf.o)
 .debug_ranges  0x000000b4        0xc /usr/lib/gcc/msp430/4.5.3/../../../../msp430/lib/mmpy-16/libc.a(vuprintf.o)
                0x00003900                PROVIDE (__stack, (ORIGIN (ram) + 0x2800))
                0x00008a78                PROVIDE (__data_start_rom, _etext)
                0x00008ac8                PROVIDE (__data_end_rom, (_etext + SIZEOF (.data)))
OUTPUT(glossy-test-hda.sky elf32-msp430)

.glossy         0x00004000      0x164
 .glossy        0x00004000      0x164 contiki-sky.a(glossy.o)
                0x00004000                timerb1_interrupt
                0x00004000                __isr_12
