Archive member included because of file (symbol)

contiki-sky.a(rimeaddr.o)     obj_sky/contiki-sky-main.o (rimeaddr_copy)
contiki-sky.a(rime.o)         obj_sky/contiki-sky-main.o (rime_driver)
contiki-sky.a(announcement.o)
                              contiki-sky.a(rime.o) (announcement_init)
contiki-sky.a(broadcast-annou)
                              contiki-sky.a(rime.o) (broadcast_announcement_init)
contiki-sky.a(broadcast.o)    contiki-sky.a(broadcast-annou) (broadcast_open)
contiki-sky.a(abc.o)          contiki-sky.a(broadcast.o) (abc_open)
contiki-sky.a(chameleon.o)    contiki-sky.a(rime.o) (chameleon_init)
contiki-sky.a(channel.o)      contiki-sky.a(chameleon.o) (channel_init)
contiki-sky.a(chameleon-bitop)
                              contiki-sky.a(chameleon.o) (chameleon_bitopt)
contiki-sky.a(csma.o)         obj_sky/contiki-sky-main.o (csma_driver)
contiki-sky.a(contikimac.o)   obj_sky/contiki-sky-main.o (contikimac_driver)
contiki-sky.a(phase.o)        contiki-sky.a(contikimac.o) (phase_update)
contiki-sky.a(process.o)      obj_sky/contiki-sky-main.o (process_init)
contiki-sky.a(autostart.o)    obj_sky/contiki-sky-main.o (autostart_start)
contiki-sky.a(compower.o)     contiki-sky.a(contikimac.o) (compower_idle_activity)
contiki-sky.a(serial-line.o)  obj_sky/contiki-sky-main.o (serial_line_input_byte)
contiki-sky.a(memb.o)         contiki-sky.a(csma.o) (memb_init)
contiki-sky.a(timer.o)        obj_sky/contiki-sky-main.o (timer_set)
contiki-sky.a(list.o)         contiki-sky.a(announcement.o) (list_init)
contiki-sky.a(etimer.o)       obj_sky/contiki-sky-main.o (etimer_process)
contiki-sky.a(ctimer.o)       obj_sky/contiki-sky-main.o (ctimer_init)
contiki-sky.a(energest.o)     glossy-test.co (energest_init)
contiki-sky.a(rtimer.o)       obj_sky/contiki-sky-main.o (rtimer_init)
contiki-sky.a(random.o)       obj_sky/contiki-sky-main.o (random_init)
contiki-sky.a(ringbuf.o)      contiki-sky.a(serial-line.o) (ringbuf_init)
contiki-sky.a(nbr-table.o)    contiki-sky.a(phase.o) (nbr_table_register)
contiki-sky.a(packetbuf.o)    contiki-sky.a(contikimac.o) (packetbuf_hdr_remove)
contiki-sky.a(queuebuf.o)     contiki-sky.a(rime.o) (queuebuf_init)
contiki-sky.a(contiki-sky-pla)
                              obj_sky/contiki-sky-main.o (init_platform)
contiki-sky.a(button-sensor.o)
                              contiki-sky.a(contiki-sky-pla) (button_sensor)
contiki-sky.a(ds2411.o)       obj_sky/contiki-sky-main.o (ds2411_init)
contiki-sky.a(xmem.o)         obj_sky/contiki-sky-main.o (xmem_init)
contiki-sky.a(node-id.o)      obj_sky/contiki-sky-main.o (node_id_restore)
contiki-sky.a(sensors.o)      contiki-sky.a(button-sensor.o) (sensors_changed)
contiki-sky.a(cc2420.o)       obj_sky/contiki-sky-main.o (cc2420_set_channel)
contiki-sky.a(cc2420-arch.o)  contiki-sky.a(cc2420.o) (cc2420_arch_init)
contiki-sky.a(uart1.o)        obj_sky/contiki-sky-main.o (uart1_active)
contiki-sky.a(uart1-putchar.o)
                              obj_sky/contiki-sky-main.o (putchar)
contiki-sky.a(msp430.o)       contiki-sky.a(uart1.o) (msp430_add_lpm_req)
contiki-sky.a(clock.o)        contiki-sky.a(timer.o) (clock_time)
contiki-sky.a(leds.o)         obj_sky/contiki-sky-main.o (leds_init)
contiki-sky.a(leds-arch.o)    contiki-sky.a(leds.o) (leds_arch_init)
contiki-sky.a(watchdog.o)     glossy-test.co (watchdog_start)
contiki-sky.a(rtimer-arch.o)  contiki-sky.a(rtimer.o) (rtimer_arch_init)
contiki-sky.a(mac.o)          contiki-sky.a(csma.o) (mac_call_sent_callback)
contiki-sky.a(framer-802154.o)
                              contiki-sky.a(contikimac.o) (framer_802154)
contiki-sky.a(spi.o)          contiki-sky.a(xmem.o) (spi_init)
contiki-sky.a(frame802154.o)  contiki-sky.a(framer-802154.o) (frame802154_hdrlen)
/usr/lib/gcc/msp430/4.5.3/mmpy-16/libgcc.a(_mulsi3.o)
                              glossy-test.co (__mulsi3)
/usr/lib/gcc/msp430/4.5.3/mmpy-16/libgcc.a(_udivmodhi4.o)
                              contiki-sky.a(phase.o) (__udivmodhi4)
/usr/lib/gcc/msp430/4.5.3/mmpy-16/libgcc.a(_divmodhi4.o)
                              contiki-sky.a(nbr-table.o) (__divmodhi4)
/usr/lib/gcc/msp430/4.5.3/mmpy-16/libgcc.a(_udivmodsi4.o)
                              glossy-test.co (__udivmodsi4)
/usr/lib/gcc/msp430/4.5.3/mmpy-16/libgcc.a(_fixunssfsi.o)
                              glossy-test.co (__fixunssfsi)
/usr/lib/gcc/msp430/4.5.3/mmpy-16/libgcc.a(_addsub_sf.o)
                              /usr/lib/gcc/msp430/4.5.3/mmpy-16/libgcc.a(_fixunssfsi.o) (__subsf3)
/usr/lib/gcc/msp430/4.5.3/mmpy-16/libgcc.a(_mul_sf.o)
                              glossy-test.co (__mulsf3)
/usr/lib/gcc/msp430/4.5.3/mmpy-16/libgcc.a(_div_sf.o)
                              glossy-test.co (__divsf3)
/usr/lib/gcc/msp430/4.5.3/mmpy-16/libgcc.a(_ge_sf.o)
                              /usr/lib/gcc/msp430/4.5.3/mmpy-16/libgcc.a(_fixunssfsi.o) (__gesf2)
/usr/lib/gcc/msp430/4.5.3/mmpy-16/libgcc.a(_sf_to_si.o)
[...]
Memory Configuration

Name             Origin             Length             Attributes
sfr              0x00000000         0x00000010
peripheral_8bit  0x00000010         0x000000f0
peripheral_16bit 0x00000100         0x00000100
infomem          0x00001000         0x00000100
infob            0x00001000         0x00000080
infoa            0x00001080         0x00000080
ram              0x00001100         0x00002800         xw
rom              0x00004000         0x0000bfe0         xr
vectors          0x0000ffe0         0x00000020
bsl              0x00000000         0x00000000
infoc            0x00000000         0x00000000
infod            0x00000000         0x00000000
far_rom          0x00000000         0x00000000
*default*        0x00000000         0xffffffff

Linker script and memory map

LOAD /usr/lib/gcc/msp430/4.5.3/mmpy-16/crt0ivtbl16.o
LOAD glossy-test.co
LOAD obj_sky/contiki-sky-main.o
LOAD contiki-sky.a
LOAD /usr/lib/gcc/msp430/4.5.3/mmpy-16/libgcc.a
LOAD /usr/lib/gcc/msp430/4.5.3/../../../../msp430/lib/mmpy-16/libc.a
LOAD /usr/lib/gcc/msp430/4.5.3/mmpy-16/libgcc.a
LOAD /usr/lib/gcc/msp430/4.5.3/mmpy-16/libcrt0.a
                0x00000000                __IE1 = 0x0
                0x00000002                __IFG1 = 0x2
                0x00000004                __ME1 = 0x4
                0x00000001                __IE2 = 0x1
                0x00000003                __IFG2 = 0x3
                0x00000005                __ME2 = 0x5
                0x00000120                __WDTCTL = 0x120
                0x00000130                __MPY = 0x130
                0x00000132                __MPYS = 0x132
                0x00000134                __MAC = 0x134
                0x00000136                __MACS = 0x136
                0x00000138                __OP2 = 0x138
                0x0000013a                __RESLO = 0x13a
                0x0000013c                __RESHI = 0x13c
                0x0000013e                __SUMEXT = 0x13e
                0x00000020                __P1IN = 0x20
                0x00000021                __P1OUT = 0x21
                0x00000022                __P1DIR = 0x22
                0x00000023                __P1IFG = 0x23
                0x00000024                __P1IES = 0x24
                0x00000025                __P1IE = 0x25
                0x00000026                __P1SEL = 0x26
                0x00000028                __P2IN = 0x28
                0x00000029                __P2OUT = 0x29
                0x0000002a                __P2DIR = 0x2a
                0x0000002b                __P2IFG = 0x2b
                0x0000002c                __P2IES = 0x2c
                0x0000002d                __P2IE = 0x2d
                0x0000002e                __P2SEL = 0x2e
                0x00000018                __P3IN = 0x18
                0x00000019                __P3OUT = 0x19
                0x0000001a                __P3DIR = 0x1a
                0x0000001b                __P3SEL = 0x1b
                0x0000001c                __P4IN = 0x1c
                0x0000001d                __P4OUT = 0x1d
                0x0000001e                __P4DIR = 0x1e
                0x0000001f                __P4SEL = 0x1f
                0x00000030                __P5IN = 0x30
                0x00000031                __P5OUT = 0x31
                0x00000032                __P5DIR = 0x32
                0x00000033                __P5SEL = 0x33
                0x00000034                __P6IN = 0x34
                0x00000035                __P6OUT = 0x35
                0x00000036                __P6DIR = 0x36
                0x00000037                __P6SEL = 0x37
                0x00000070                __U0CTL = 0x70
                0x00000071                __U0TCTL = 0x71
                0x00000072                __U0RCTL = 0x72
                0x00000073                __U0MCTL = 0x73
                0x00000074                __U0BR0 = 0x74
                0x00000075                __U0BR1 = 0x75
                0x00000076                __U0RXBUF = 0x76
                0x00000077                __U0TXBUF = 0x77
                0x00000078                __U1CTL = 0x78
                0x00000079                __U1TCTL = 0x79
                0x0000007a                __U1RCTL = 0x7a
                0x0000007b                __U1MCTL = 0x7b
                0x0000007c                __U1BR0 = 0x7c
                0x0000007d                __U1BR1 = 0x7d
                0x0000007e                __U1RXBUF = 0x7e
                0x0000007f                __U1TXBUF = 0x7f
                0x00000050                __I2CIE = 0x50
                0x00000051                __I2CIFG = 0x51
                0x00000052                __I2CNDAT = 0x52
                0x00000071                __I2CTCTL = 0x71
                0x00000072                __I2CDCTL = 0x72
                0x00000073                __I2CPSC = 0x73
                0x00000074                __I2CSCLH = 0x74
                0x00000075                __I2CSCLL = 0x75
                0x00000076                __I2CDRB = 0x76
                0x00000076                __I2CDRW = 0x76
                0x00000118                __I2COA = 0x118
                0x0000011a                __I2CSA = 0x11a
                0x0000011c                __I2CIV = 0x11c
                0x0000012e                __TAIV = 0x12e
                0x00000160                __TACTL = 0x160
                0x00000162                __TACCTL0 = 0x162
                0x00000164                __TACCTL1 = 0x164
                0x00000166                __TACCTL2 = 0x166
                0x00000170                __TAR = 0x170
                0x00000172                __TACCR0 = 0x172
                0x00000174                __TACCR1 = 0x174
                0x00000176                __TACCR2 = 0x176
                0x0000011e                __TBIV = 0x11e
                0x00000180                __TBCTL = 0x180
                0x00000182                __TBCCTL0 = 0x182
                0x00000184                __TBCCTL1 = 0x184
                0x00000186                __TBCCTL2 = 0x186
                0x00000188                __TBCCTL3 = 0x188
                0x0000018a                __TBCCTL4 = 0x18a
                0x0000018c                __TBCCTL5 = 0x18c
                0x0000018e                __TBCCTL6 = 0x18e
                0x00000190                __TBR = 0x190
                0x00000192                __TBCCR0 = 0x192
                0x00000194                __TBCCR1 = 0x194
                0x00000196                __TBCCR2 = 0x196
                0x00000198                __TBCCR3 = 0x198
                0x0000019a                __TBCCR4 = 0x19a
                0x0000019c                __TBCCR5 = 0x19c
                0x0000019e                __TBCCR6 = 0x19e
                0x00000056                __DCOCTL = 0x56
                0x00000057                __BCSCTL1 = 0x57
                0x00000058                __BCSCTL2 = 0x58
                0x00000055                __SVSCTL = 0x55
                0x00000128                __FCTL1 = 0x128
                0x0000012a                __FCTL2 = 0x12a
                0x0000012c                __FCTL3 = 0x12c
                0x00000059                __CACTL1 = 0x59
                0x0000005a                __CACTL2 = 0x5a
                0x0000005b                __CAPD = 0x5b
                0x000001a0                __ADC12CTL0 = 0x1a0
                0x000001a2                __ADC12CTL1 = 0x1a2
                0x000001a4                __ADC12IFG = 0x1a4
                0x000001a6                __ADC12IE = 0x1a6
                0x000001a8                __ADC12IV = 0x1a8
                0x00000140                __ADC12MEM0 = 0x140
                0x00000142                __ADC12MEM1 = 0x142
                0x00000144                __ADC12MEM2 = 0x144
                0x00000146                __ADC12MEM3 = 0x146
                0x00000148                __ADC12MEM4 = 0x148
                0x0000014a                __ADC12MEM5 = 0x14a
                0x0000014c                __ADC12MEM6 = 0x14c
                0x0000014e                __ADC12MEM7 = 0x14e
                0x00000150                __ADC12MEM8 = 0x150
                0x00000152                __ADC12MEM9 = 0x152
                0x00000154                __ADC12MEM10 = 0x154
                0x00000156                __ADC12MEM11 = 0x156
                0x00000158                __ADC12MEM12 = 0x158
                0x0000015a                __ADC12MEM13 = 0x15a
                0x0000015c                __ADC12MEM14 = 0x15c
                0x0000015e                __ADC12MEM15 = 0x15e
                0x00000080                __ADC12MCTL0 = 0x80
                0x00000081                __ADC12MCTL1 = 0x81
                0x00000082                __ADC12MCTL2 = 0x82
                0x00000083                __ADC12MCTL3 = 0x83
                0x00000084                __ADC12MCTL4 = 0x84
                0x00000085                __ADC12MCTL5 = 0x85
                0x00000086                __ADC12MCTL6 = 0x86
                0x00000087                __ADC12MCTL7 = 0x87
                0x00000088                __ADC12MCTL8 = 0x88
                0x00000089                __ADC12MCTL9 = 0x89
                0x0000008a                __ADC12MCTL10 = 0x8a
                0x0000008b                __ADC12MCTL11 = 0x8b
                0x0000008c                __ADC12MCTL12 = 0x8c
                0x0000008d                __ADC12MCTL13 = 0x8d
                0x0000008e                __ADC12MCTL14 = 0x8e
                0x0000008f                __ADC12MCTL15 = 0x8f
                0x000001c0                __DAC12_0CTL = 0x1c0
                0x000001c2                __DAC12_1CTL = 0x1c2
                0x000001c8                __DAC12_0DAT = 0x1c8
                0x000001ca                __DAC12_1DAT = 0x1ca
                0x00000122                __DMACTL0 = 0x122
                0x00000124                __DMACTL1 = 0x124
                0x000001e0                __DMA0CTL = 0x1e0
                0x000001e8                __DMA1CTL = 0x1e8
                0x000001f0                __DMA2CTL = 0x1f0
                0x000001e2                __DMA0SA = 0x1e2
                0x000001e4                __DMA0DA = 0x1e4
                0x000001e6                __DMA0SZ = 0x1e6
                0x000001ea                __DMA1SA = 0x1ea
                0x000001ec                __DMA1DA = 0x1ec
                0x000001ee                __DMA1SZ = 0x1ee
                0x000001f2                __DMA2SA = 0x1f2
                0x000001f4                __DMA2DA = 0x1f4
                0x000001f6                __DMA2SZ = 0x1f6

.hash
 *(.hash)

.dynsym
 *(.dynsym)

.dynstr
 *(.dynstr)

.gnu.version
 *(.gnu.version)

.gnu.version_d
 *(.gnu.version_d)

.gnu.version_r
 *(.gnu.version_r)

.rel.init
 *(.rel.init)

.rela.init
 *(.rela.init)

.rel.text
 *(.rel.text)
 *(.rel.text.*)
 *(.rel.gnu.linkonce.t*)

.rela.text
 *(.rela.text)
 *(.rela.text.*)
 *(.rela.gnu.linkonce.t*)

.rel.fini
 *(.rel.fini)

.rela.fini
 *(.rela.fini)

.rel.rodata
 *(.rel.rodata)
 *(.rel.rodata.*)
 *(.rel.gnu.linkonce.r*)

.rela.rodata
 *(.rela.rodata)
 *(.rela.rodata.*)
 *(.rela.gnu.linkonce.r*)

.rel.data
 *(.rel.data)
 *(.rel.data.*)
 *(.rel.gnu.linkonce.d*)

.rela.data
 *(.rela.data)
 *(.rela.data.*)
 *(.rela.gnu.linkonce.d*)

.rel.ctors
 *(.rel.ctors)

.rela.ctors
 *(.rela.ctors)

.rel.dtors
 *(.rel.dtors)

.rela.dtors
 *(.rela.dtors)

.rel.got
 *(.rel.got)

.rela.got
 *(.rela.got)

.rel.bss
 *(.rel.bss)

.rela.bss
 *(.rela.bss)

.rel.plt
 *(.rel.plt)

.rela.plt
 *(.rela.plt)

.text           0x00004000     0x7152
                0x00004000                . = ALIGN (0x2)
 *(.init)
 *(.init0)
 .init0         0x00004000        0x0 /usr/lib/gcc/msp430/4.5.3/mmpy-16/libcrt0.a(_reset_vector__.o)
                0x00004000                _reset_vector__
 *(.init1)
 *(.init2)
 .init2         0x00004000        0x4 /usr/lib/gcc/msp430/4.5.3/mmpy-16/libcrt0.a(__init_stack.o)
                0x00004000                __init_stack
 *(.init3)
 .init3         0x00004004        0xa /usr/lib/gcc/msp430/4.5.3/mmpy-16/libcrt0.a(__low_level_init.o)
                0x00004004                __low_level_init
 *(.init4)
 .init4         0x0000400e       0x16 /usr/lib/gcc/msp430/4.5.3/mmpy-16/libcrt0.a(_copy_data.o)
                0x0000400e                __do_copy_data
 .init4         0x00004024       0x14 /usr/lib/gcc/msp430/4.5.3/mmpy-16/libcrt0.a(_clear_bss.o)
                0x00004024                __do_clear_bss
 *(.init5)
 *(.init6)
 *(.init7)
 *(.init8)
 *(.init9)
 .init9         0x00004038      0x302 obj_sky/contiki-sky-main.o
                0x00004038                main
 *(.fini9)
 .fini9         0x0000433a        0x0 /usr/lib/gcc/msp430/4.5.3/mmpy-16/libcrt0.a(__stop_progExec__.o)
                0x0000433a                __stop_progExec__
 *(.fini8)
 *(.fini7)
 *(.fini6)
 *(.fini5)
 *(.fini4)
 *(.fini3)
 *(.fini2)
 *(.fini1)
 *(.fini0)
 .fini0         0x0000433a        0x6 /usr/lib/gcc/msp430/4.5.3/mmpy-16/libcrt0.a(_endless_loop__.o)
                0x0000433a                _endless_loop__
 *(.fini)
                0x00004340                . = ALIGN (0x2)
                0x00004340                __ctors_start = .
 *(.ctors)
                0x00004340                __ctors_end = .
                0x00004340                __dtors_start = .
 *(.dtors)
                0x00004340                __dtors_end = .
                0x00004340                . = ALIGN (0x2)
 *(.text)
 .text          0x00004340        0x4 /usr/lib/gcc/msp430/4.5.3/mmpy-16/crt0ivtbl16.o
                0x00004340                __isr_14
                0x00004340                __isr_11
                0x00004340                __isr_2
                0x00004340                __isr_7
                0x00004340                __isr_0
                0x00004340                __isr_8
                0x00004340                __isr_3
                0x00004340                __isr_13
                0x00004340                __isr_9
 .text          0x00004344      0x162 glossy-test.co
                0x000044a2                autostart_processes
 .text          0x000044a6       0xd4 obj_sky/contiki-sky-main.o
 .text          0x0000457a        0x2 contiki-sky.a(rimeaddr.o)
                0x0000457a                rimeaddr_null
 .text          0x0000457c        0xc contiki-sky.a(rime.o)
                0x00004582                rime_driver
 .text          0x00004588        0x4 contiki-sky.a(broadcast-annou)
 .text          0x0000458c        0x8 contiki-sky.a(broadcast.o)
 .text          0x00004594        0x2 contiki-sky.a(abc.o)
 .text          0x00004596       0x10 contiki-sky.a(chameleon-bitop)
                0x00004596                chameleon_bitopt
 .text          0x000045a6       0x14 contiki-sky.a(csma.o)
                0x000045ac                csma_driver
 .text          0x000045ba       0x1c contiki-sky.a(contikimac.o)
                0x000045c6                contikimac_driver
 .text          0x000045d6        0xe contiki-sky.a(serial-line.o)
 .text          0x000045e4        0xc contiki-sky.a(etimer.o)
 .text          0x000045f0        0xf contiki-sky.a(ctimer.o)
 *fill*         0x000045ff        0x1 00
 .text          0x00004600       0x10 contiki-sky.a(button-sensor.o)
                0x00004608                button_sensor
 .text          0x00004610        0x8 contiki-sky.a(sensors.o)
 .text          0x00004618       0x22 contiki-sky.a(cc2420.o)
                0x00004626                cc2420_driver
 .text          0x0000463a        0x4 contiki-sky.a(framer-802154.o)
                0x0000463a                framer_802154
 .text          0x0000463e        0x2 contiki-sky.a(frame802154.o)
 .text          0x00004640       0x42 /usr/lib/gcc/msp430/4.5.3/mmpy-16/libgcc.a(_fixunssfsi.o)
                0x00004640                __fixunssfsi
 .text          0x00004682      0x352 /usr/lib/gcc/msp430/4.5.3/mmpy-16/libgcc.a(_addsub_sf.o)
                0x00004930                __addsf3
                0x00004980                __subsf3
 .text          0x000049d4      0x1fe /usr/lib/gcc/msp430/4.5.3/mmpy-16/libgcc.a(_mul_sf.o)
                0x000049d4                __mulsf3
 .text          0x00004bd2      0x160 /usr/lib/gcc/msp430/4.5.3/mmpy-16/libgcc.a(_div_sf.o)
                0x00004bd2                __divsf3
 .text          0x00004d32       0x58 /usr/lib/gcc/msp430/4.5.3/mmpy-16/libgcc.a(_ge_sf.o)
                0x00004d32                __gesf2
 .text          0x00004d8a       0x8a /usr/lib/gcc/msp430/4.5.3/mmpy-16/libgcc.a(_sf_to_si.o)
                0x00004d8a                __fixsfsi
 .text          0x00004e14        0x8 /usr/lib/gcc/msp430/4.5.3/mmpy-16/libgcc.a(_thenan_sf.o)
                0x00004e14                __thenan_sf
 .text          0x00004e1c       0xd8 /usr/lib/gcc/msp430/4.5.3/mmpy-16/libgcc.a(_usi_to_sf.o)
                0x00004e1c                __floatunsisf
 .text          0x00004ef4       0x58 /usr/lib/gcc/msp430/4.5.3/mmpy-16/libgcc.a(_clzsi2.o)
                0x00004ef4                __clzsi2
 .text          0x00004f4c      0x1d6 /usr/lib/gcc/msp430/4.5.3/mmpy-16/libgcc.a(_pack_sf.o)
                0x00004f4c                __pack_f
 .text          0x00005122      0x132 /usr/lib/gcc/msp430/4.5.3/mmpy-16/libgcc.a(_unpack_sf.o)
                0x00005122                __unpack_f
 .text          0x00005254       0xa2 /usr/lib/gcc/msp430/4.5.3/mmpy-16/libgcc.a(_fpcmp_parts_sf.o)
                0x00005254                __fpcmp_parts_f
 .text          0x000052f6      0x100 /usr/lib/gcc/msp430/4.5.3/mmpy-16/libgcc.a(_clz.o)
                0x000052f6                __clz_tab
 .text          0x000053f6       0x34 /usr/lib/gcc/msp430/4.5.3/../../../../msp430/lib/mmpy-16/libc.a(memcmp.o)
                0x000053f6                memcmp
 .text          0x0000542a      0x104 /usr/lib/gcc/msp430/4.5.3/../../../../msp430/lib/mmpy-16/libc.a(memcpy.o)
                0x0000542a                memcpy
 .text          0x0000552e       0x66 /usr/lib/gcc/msp430/4.5.3/../../../../msp430/lib/mmpy-16/libc.a(memset.o)
                0x0000552e                memset
 .text          0x00005594      0x10c /usr/lib/gcc/msp430/4.5.3/../../../../msp430/lib/mmpy-16/libc.a(malloc.o)
                0x00005594                malloc
                0x00005698                free
 .text          0x000056a0       0x20 /usr/lib/gcc/msp430/4.5.3/../../../../msp430/lib/mmpy-16/libc.a(printf.o)
                0x000056a0                printf
                0x000056b2                vprintf
 .text          0x000056c0      0x476 /usr/lib/gcc/msp430/4.5.3/../../../../msp430/lib/mmpy-16/libc.a(vuprintf.o)
                0x000057cc                vuprintf
 .text          0x00005b36       0x2c /usr/lib/gcc/msp430/4.5.3/../../../../msp430/lib/mmpy-16/libc.a(puts.o)
                0x00005b36                puts
 .text          0x00005b62      0x134 /usr/lib/gcc/msp430/4.5.3/../../../../msp430/lib/mmpy-16/libc.a(rand.o)
                0x00005b62                rand_r
                0x00005bf6                rand
                0x00005c8c                srand
                0x00005c96                . = ALIGN (0x2)
 *(.text.*)
 .text.radio_flush_tx
                0x00005c96       0x1a glossy-test.co
 .text.radio_write_tx
                0x00005cb0       0x42 glossy-test.co
 .text.radio_off
                0x00005cf2       0x86 glossy-test.co
 .text.radio_start_tx
                0x00005d78       0x62 glossy-test.co
 .text.process_thread_glossy_test
                0x00005dda       0x58 glossy-test.co
 .text.process_thread_glossy_print_stats_process
                0x00005e32      0x31a glossy-test.co
 .text.process_thread_glossy_process
                0x0000614c       0x64 glossy-test.co
 .text.estimate_period_skew
                0x000061b0       0x4e glossy-test.co
 .text.radio_flush_rx
                0x000061fe       0x68 glossy-test.co
 .text.radio_abort_rx
                0x00006266        0xc glossy-test.co
 .text.glossy_stop
                0x00006272       0x6e glossy-test.co
                0x00006272                glossy_stop
 .text.glossy_end_rx
                0x000062e0      0x2c4 glossy-test.co
                0x000062e0                glossy_end_rx
 .text.glossy_begin_tx
                0x000065a4      0x180 glossy-test.co
                0x000065a4                glossy_begin_tx
 .text.glossy_end_tx
                0x00006724       0x82 glossy-test.co
                0x00006724                glossy_end_tx
 .text.glossy_schedule_rx_timeout
                0x000067a6        0xe glossy-test.co
                0x000067a6                glossy_schedule_rx_timeout
 .text.glossy_begin_rx
                0x000067b4      0x1dc glossy-test.co
                0x000067b4                glossy_begin_rx
 .text.glossy_schedule_initiator_timeout
                0x00006990      0x10c glossy-test.co
                0x00006990                glossy_schedule_initiator_timeout
 .text.glossy_start
                0x00006a9c      0x1c6 glossy-test.co
                0x00006a9c                glossy_start
 .text.glossy_scheduler
                0x00006c62      0x1d6 glossy-test.co
                0x00006c62                glossy_scheduler
 .text.rimeaddr_copy
                0x00006e38        0x6 contiki-sky.a(rimeaddr.o)
                0x00006e38                rimeaddr_copy
 .text.rimeaddr_cmp
                0x00006e3e       0x12 contiki-sky.a(rimeaddr.o)
                0x00006e3e                rimeaddr_cmp
 .text.rimeaddr_set_node_addr
                0x00006e50        0xc contiki-sky.a(rimeaddr.o)
                0x00006e50                rimeaddr_set_node_addr
 .text.input    0x00006e5c       0x3a contiki-sky.a(rime.o)
 .text.init     0x00006e96       0x2e contiki-sky.a(rime.o)
 .text.packet_sent
                0x00006ec4       0x44 contiki-sky.a(rime.o)
 .text.rime_output
                0x00006f08       0x20 contiki-sky.a(rime.o)
                0x00006f08                rime_output
 .text.announcement_init
                0x00006f28        0xa contiki-sky.a(announcement.o)
                0x00006f28                announcement_init
 .text.announcement_register_observer_callback
                0x00006f32        0x6 contiki-sky.a(announcement.o)
                0x00006f32                announcement_register_observer_callback
 .text.announcement_list
                0x00006f38        0xa contiki-sky.a(announcement.o)
                0x00006f38                announcement_list
 .text.announcement_heard
                0x00006f42       0x42 contiki-sky.a(announcement.o)
                0x00006f42                announcement_heard
 .text.adv_packet_sent
                0x00006f84        0x2 contiki-sky.a(broadcast-annou)
 .text.adv_packet_received
                0x00006f86       0x6c contiki-sky.a(broadcast-annou)
 .text.set_timers
                0x00006ff2       0x60 contiki-sky.a(broadcast-annou)
 .text.new_announcement
                0x00007052       0x18 contiki-sky.a(broadcast-annou)
 .text.send_timer
                0x0000706a       0x38 contiki-sky.a(broadcast-annou)
 .text.send_adv
                0x000070a2       0x66 contiki-sky.a(broadcast-annou)
 .text.broadcast_announcement_init
                0x00007108       0x48 contiki-sky.a(broadcast-annou)
                0x00007108                broadcast_announcement_init
 .text.sent_by_abc
                0x00007150       0x10 contiki-sky.a(broadcast.o)
 .text.recv_from_abc
                0x00007160       0x26 contiki-sky.a(broadcast.o)
 .text.broadcast_open
                0x00007186       0x2a contiki-sky.a(broadcast.o)
                0x00007186                broadcast_open
 .text.broadcast_send
                0x000071b0       0x1a contiki-sky.a(broadcast.o)
                0x000071b0                broadcast_send
 .text.abc_open
                0x000071ca       0x26 contiki-sky.a(abc.o)
                0x000071ca                abc_open
 .text.abc_send
                0x000071f0        0x6 contiki-sky.a(abc.o)
                0x000071f0                abc_send
 .text.abc_input
                0x000071f6        0xe contiki-sky.a(abc.o)
                0x000071f6                abc_input
 .text.abc_sent
                0x00007204       0x10 contiki-sky.a(abc.o)
                0x00007204                abc_sent
 .text.chameleon_init
                0x00007214        0x6 contiki-sky.a(chameleon.o)
                0x00007214                chameleon_init
 .text.chameleon_parse
                0x0000721a       0x10 contiki-sky.a(chameleon.o)
                0x0000721a                chameleon_parse
 .text.chameleon_create
                0x0000722a       0x1c contiki-sky.a(chameleon.o)
                0x0000722a                chameleon_create
 .text.chameleon_hdrsize
                0x00007246        0x6 contiki-sky.a(chameleon.o)
                0x00007246                chameleon_hdrsize
 .text.channel_init
                0x0000724c        0xa contiki-sky.a(channel.o)
                0x0000724c                channel_init
 .text.channel_open
                0x00007256       0x10 contiki-sky.a(channel.o)
                0x00007256                channel_open
 .text.channel_lookup
                0x00007266       0x20 contiki-sky.a(channel.o)
                0x00007266                channel_lookup
 .text.channel_set_attributes
                0x00007286       0x24 contiki-sky.a(channel.o)
                0x00007286                channel_set_attributes
 .text.header_size
                0x000072aa       0x16 contiki-sky.a(chameleon-bitop)
 .text.get_bits_in_byte
                0x000072c0       0x30 contiki-sky.a(chameleon-bitop)
                0x000072c0                get_bits_in_byte
 .text.get_bits
                0x000072f0       0xaa contiki-sky.a(chameleon-bitop)
                0x000072f0                get_bits
 .text.unpack_header
                0x0000739a       0xde contiki-sky.a(chameleon-bitop)
 .text.set_bits_in_byte
                0x00007478       0x26 contiki-sky.a(chameleon-bitop)
                0x00007478                set_bits_in_byte
 .text.set_bits
                0x0000749e       0xb0 contiki-sky.a(chameleon-bitop)
                0x0000749e                set_bits
 .text.pack_header
                0x0000754e       0xb8 contiki-sky.a(chameleon-bitop)
 .text.input_packet
                0x00007606        0x6 contiki-sky.a(csma.o)
 .text.on       0x0000760c        0x6 contiki-sky.a(csma.o)
 .text.off      0x00007612        0x6 contiki-sky.a(csma.o)
 .text.channel_check_interval
                0x00007618        0xc contiki-sky.a(csma.o)
 .text.transmit_packet_list
                0x00007624       0x24 contiki-sky.a(csma.o)
 .text.send_packet
                0x00007648      0x164 contiki-sky.a(csma.o)
 .text.free_packet
                0x000077ac       0x90 contiki-sky.a(csma.o)
 .text.packet_sent
                0x0000783c      0x128 contiki-sky.a(csma.o)
 .text.init     0x00007964       0x1a contiki-sky.a(csma.o)
 .text.on       0x0000797e       0x16 contiki-sky.a(contikimac.o)
 .text.off      0x00007994       0x1e contiki-sky.a(contikimac.o)
 .text.recv_burst_off
                0x000079b2        0xa contiki-sky.a(contikimac.o)
 .text.turn_off
                0x000079bc       0x20 contiki-sky.a(contikimac.o)
 .text.duty_cycle
                0x000079dc        0x6 contiki-sky.a(contikimac.o)
 .text.turn_on  0x000079e2       0x30 contiki-sky.a(contikimac.o)
 .text.schedule_powercycle_fixed
                0x00007a12       0x40 contiki-sky.a(contikimac.o)
 .text.powercycle_turn_radio_off
                0x00007a52       0x2c contiki-sky.a(contikimac.o)
 .text.powercycle
                0x00007a7e      0x1c0 contiki-sky.a(contikimac.o)
 .text.input_packet
                0x00007c3e      0x118 contiki-sky.a(contikimac.o)
 .text.send_packet
                0x00007d56      0x2e2 contiki-sky.a(contikimac.o)
 .text.qsend_list
                0x00008038       0x86 contiki-sky.a(contikimac.o)
 .text.qsend_packet
                0x000080be       0x28 contiki-sky.a(contikimac.o)
 .text.init     0x000080e6       0x2e contiki-sky.a(contikimac.o)
 .text.send_packet
                0x00008114       0x44 contiki-sky.a(phase.o)
 .text.phase_update
                0x00008158       0x90 contiki-sky.a(phase.o)
                0x00008158                phase_update
 .text.phase_wait
                0x000081e8      0x112 contiki-sky.a(phase.o)
                0x000081e8                phase_wait
 .text.phase_init
                0x000082fa       0x14 contiki-sky.a(phase.o)
                0x000082fa                phase_init
 .text.call_process
                0x0000830e       0x4c contiki-sky.a(process.o)
 .text.exit_process
                0x0000835a       0x94 contiki-sky.a(process.o)
 .text.do_poll  0x000083ee       0x30 contiki-sky.a(process.o)
 .text.process_alloc_event
                0x0000841e        0xe contiki-sky.a(process.o)
                0x0000841e                process_alloc_event
 .text.process_init
                0x0000842c       0x1c contiki-sky.a(process.o)
                0x0000842c                process_init
 .text.process_run
                0x00008448       0x9c contiki-sky.a(process.o)
                0x00008448                process_run
 .text.process_nevents
                0x000084e4        0xc contiki-sky.a(process.o)
                0x000084e4                process_nevents
 .text.process_post
                0x000084f0       0x54 contiki-sky.a(process.o)
                0x000084f0                process_post
 .text.process_post_synch
                0x00008544       0x12 contiki-sky.a(process.o)
                0x00008544                process_post_synch
 .text.process_start
                0x00008556       0x32 contiki-sky.a(process.o)
                0x00008556                process_start
 .text.process_poll
                0x00008588       0x1a contiki-sky.a(process.o)
                0x00008588                process_poll
 .text.autostart_start
                0x000085a2       0x18 contiki-sky.a(autostart.o)
                0x000085a2                autostart_start
 .text.compower_accumulate
                0x000085ba       0x72 contiki-sky.a(compower.o)
                0x000085ba                compower_accumulate
 .text.compower_clear
                0x0000862c       0x12 contiki-sky.a(compower.o)
                0x0000862c                compower_clear
 .text.compower_attrconv
                0x0000863e       0x10 contiki-sky.a(compower.o)
                0x0000863e                compower_attrconv
 .text.process_thread_serial_line_process
                0x0000864e       0xa6 contiki-sky.a(serial-line.o)
 .text.serial_line_input_byte
                0x000086f4       0x46 contiki-sky.a(serial-line.o)
                0x000086f4                serial_line_input_byte
 .text.serial_line_init
                0x0000873a       0x1c contiki-sky.a(serial-line.o)
                0x0000873a                serial_line_init
 .text.memb_init
                0x00008756       0x36 contiki-sky.a(memb.o)
                0x00008756                memb_init
 .text.memb_alloc
                0x0000878c       0x3e contiki-sky.a(memb.o)
                0x0000878c                memb_alloc
 .text.memb_free
                0x000087ca       0x3a contiki-sky.a(memb.o)
                0x000087ca                memb_free
 .text.memb_inmemb
                0x00008804       0x2e contiki-sky.a(memb.o)
                0x00008804                memb_inmemb
 .text.timer_set
                0x00008832       0x1c contiki-sky.a(timer.o)
                0x00008832                timer_set
 .text.timer_reset
                0x0000884e        0xe contiki-sky.a(timer.o)
                0x0000884e                timer_reset
 .text.timer_expired
                0x0000885c       0x2e contiki-sky.a(timer.o)
                0x0000885c                timer_expired
 .text.list_init
                0x0000888a        0x6 contiki-sky.a(list.o)
                0x0000888a                list_init
 .text.list_head
                0x00008890        0x4 contiki-sky.a(list.o)
                0x00008890                list_head
 .text.list_tail
                0x00008894       0x14 contiki-sky.a(list.o)
                0x00008894                list_tail
 .text.list_remove
                0x000088a8       0x2e contiki-sky.a(list.o)
                0x000088a8                list_remove
 .text.list_push
                0x000088d6       0x1a contiki-sky.a(list.o)
                0x000088d6                list_push
 .text.list_add
                0x000088f0       0x2a contiki-sky.a(list.o)
                0x000088f0                list_add
 .text.list_length
                0x0000891a       0x10 contiki-sky.a(list.o)
                0x0000891a                list_length
 .text.list_item_next
                0x0000892a        0x8 contiki-sky.a(list.o)
                0x0000892a                list_item_next
 .text.update_time
                0x00008932       0x78 contiki-sky.a(etimer.o)
 .text.etimer_request_poll
                0x000089aa        0xa contiki-sky.a(etimer.o)
                0x000089aa                etimer_request_poll
 .text.process_thread_etimer_process
                0x000089b4       0xce contiki-sky.a(etimer.o)
 .text.add_timer
                0x00008a82       0x40 contiki-sky.a(etimer.o)
 .text.etimer_set
                0x00008ac2       0x12 contiki-sky.a(etimer.o)
                0x00008ac2                etimer_set
 .text.etimer_reset
                0x00008ad4       0x12 contiki-sky.a(etimer.o)
                0x00008ad4                etimer_reset
 .text.etimer_pending
                0x00008ae6        0xe contiki-sky.a(etimer.o)
                0x00008ae6                etimer_pending
 .text.etimer_next_expiration_time
                0x00008af4       0x16 contiki-sky.a(etimer.o)
                0x00008af4                etimer_next_expiration_time
 .text.etimer_stop
                0x00008b0a       0x3c contiki-sky.a(etimer.o)
                0x00008b0a                etimer_stop
 .text.process_thread_ctimer_process
                0x00008b46       0xa4 contiki-sky.a(ctimer.o)
 .text.ctimer_init
                0x00008bea       0x18 contiki-sky.a(ctimer.o)
                0x00008bea                ctimer_init
 .text.ctimer_set
                0x00008c02       0x5a contiki-sky.a(ctimer.o)
                0x00008c02                ctimer_set
 .text.ctimer_reset
                0x00008c5c       0x3a contiki-sky.a(ctimer.o)
                0x00008c5c                ctimer_reset
 .text.ctimer_stop
                0x00008c96       0x28 contiki-sky.a(ctimer.o)
                0x00008c96                ctimer_stop
 .text.energest_init
                0x00008cbe       0x2a contiki-sky.a(energest.o)
                0x00008cbe                energest_init
 .text.energest_type_time
                0x00008ce8       0x44 contiki-sky.a(energest.o)
                0x00008ce8                energest_type_time
 .text.energest_type_set
                0x00008d2c        0xe contiki-sky.a(energest.o)
                0x00008d2c                energest_type_set
 .text.energest_flush
                0x00008d3a       0x4a contiki-sky.a(energest.o)
                0x00008d3a                energest_flush
 .text.rtimer_init
                0x00008d84        0x6 contiki-sky.a(rtimer.o)
                0x00008d84                rtimer_init
 .text.rtimer_set
                0x00008d8a       0x24 contiki-sky.a(rtimer.o)
                0x00008d8a                rtimer_set
 .text.rtimer_run_next
                0x00008dae       0x26 contiki-sky.a(rtimer.o)
                0x00008dae                rtimer_run_next
 .text.random_init
                0x00008dd4        0x6 contiki-sky.a(random.o)
                0x00008dd4                random_init
 .text.random_rand
                0x00008dda        0x6 contiki-sky.a(random.o)
                0x00008dda                random_rand
 .text.ringbuf_init
                0x00008de0       0x14 contiki-sky.a(ringbuf.o)
                0x00008de0                ringbuf_init
 .text.ringbuf_put
                0x00008df4       0x3c contiki-sky.a(ringbuf.o)
                0x00008df4                ringbuf_put
 .text.ringbuf_get
                0x00008e30       0x32 contiki-sky.a(ringbuf.o)
                0x00008e30                ringbuf_get
 .text.index_from_key
                0x00008e62       0x34 contiki-sky.a(nbr-table.o)
 .text.item_from_key
                0x00008e96       0x38 contiki-sky.a(nbr-table.o)
 .text.nbr_set_bit
                0x00008ece       0x6e contiki-sky.a(nbr-table.o)
 .text.index_from_lladdr
                0x00008f3c       0x42 contiki-sky.a(nbr-table.o)
 .text.nbr_get_bit.clone.0
                0x00008f7e       0x40 contiki-sky.a(nbr-table.o)
 .text.nbr_table_register
                0x00008fbe       0x26 contiki-sky.a(nbr-table.o)
                0x00008fbe                nbr_table_register
 .text.nbr_table_add_lladdr
                0x00008fe4      0x13e contiki-sky.a(nbr-table.o)
                0x00008fe4                nbr_table_add_lladdr
 .text.nbr_table_get_from_lladdr
                0x00009122       0x4c contiki-sky.a(nbr-table.o)
                0x00009122                nbr_table_get_from_lladdr
 .text.nbr_table_remove
                0x0000916e       0x32 contiki-sky.a(nbr-table.o)
                0x0000916e                nbr_table_remove
 .text.packetbuf_copyto_hdr
                0x000091a0       0x1c contiki-sky.a(packetbuf.o)
                0x000091a0                packetbuf_copyto_hdr
 .text.packetbuf_copyto
                0x000091bc       0x52 contiki-sky.a(packetbuf.o)
                0x000091bc                packetbuf_copyto
 .text.packetbuf_hdr_remove
                0x0000920e        0x6 contiki-sky.a(packetbuf.o)
                0x0000920e                packetbuf_hdr_remove
 .text.packetbuf_hdrreduce
                0x00009214       0x1a contiki-sky.a(packetbuf.o)
                0x00009214                packetbuf_hdrreduce
 .text.packetbuf_set_datalen
                0x0000922e        0x6 contiki-sky.a(packetbuf.o)
                0x0000922e                packetbuf_set_datalen
 .text.packetbuf_dataptr
                0x00009234        0xa contiki-sky.a(packetbuf.o)
                0x00009234                packetbuf_dataptr
 .text.packetbuf_hdrptr
                0x0000923e        0xa contiki-sky.a(packetbuf.o)
                0x0000923e                packetbuf_hdrptr
 .text.packetbuf_is_reference
                0x00009248        0xe contiki-sky.a(packetbuf.o)
                0x00009248                packetbuf_is_reference
 .text.packetbuf_compact
                0x00009256       0x48 contiki-sky.a(packetbuf.o)
                0x00009256                packetbuf_compact
 .text.packetbuf_reference_ptr
                0x0000929e        0x6 contiki-sky.a(packetbuf.o)
                0x0000929e                packetbuf_reference_ptr
 .text.packetbuf_datalen
                0x000092a4        0x6 contiki-sky.a(packetbuf.o)
                0x000092a4                packetbuf_datalen
 .text.packetbuf_totlen
                0x000092aa       0x10 contiki-sky.a(packetbuf.o)
                0x000092aa                packetbuf_totlen
 .text.packetbuf_hdralloc
                0x000092ba       0x2e contiki-sky.a(packetbuf.o)
                0x000092ba                packetbuf_hdralloc
 .text.packetbuf_attr_clear
                0x000092e8       0x2e contiki-sky.a(packetbuf.o)
                0x000092e8                packetbuf_attr_clear
 .text.packetbuf_clear
                0x00009316       0x20 contiki-sky.a(packetbuf.o)
                0x00009316                packetbuf_clear
 .text.packetbuf_copyfrom
                0x00009336       0x2e contiki-sky.a(packetbuf.o)
                0x00009336                packetbuf_copyfrom
 .text.packetbuf_attr_copyto
                0x00009364       0x20 contiki-sky.a(packetbuf.o)
                0x00009364                packetbuf_attr_copyto
 .text.packetbuf_attr_copyfrom
                0x00009384       0x2c contiki-sky.a(packetbuf.o)
                0x00009384                packetbuf_attr_copyfrom
 .text.queuebuf_init
                0x000093b0       0x1a contiki-sky.a(queuebuf.o)
                0x000093b0                queuebuf_init
 .text.queuebuf_new_from_packetbuf
                0x000093ca       0x80 contiki-sky.a(queuebuf.o)
                0x000093ca                queuebuf_new_from_packetbuf
 .text.queuebuf_update_attr_from_packetbuf
                0x0000944a       0x12 contiki-sky.a(queuebuf.o)
                0x0000944a                queuebuf_update_attr_from_packetbuf
 .text.queuebuf_free
                0x0000945c       0x46 contiki-sky.a(queuebuf.o)
                0x0000945c                queuebuf_free
 .text.queuebuf_to_packetbuf
                0x000094a2       0x70 contiki-sky.a(queuebuf.o)
                0x000094a2                queuebuf_to_packetbuf
 .text.queuebuf_attr
                0x00009512        0xe contiki-sky.a(queuebuf.o)
                0x00009512                queuebuf_attr
 .text.init_platform
                0x00009520        0xc contiki-sky.a(contiki-sky-pla)
                0x00009520                init_platform
 .text.status   0x0000952c       0x16 contiki-sky.a(button-sensor.o)
 .text.configure
                0x00009542       0x4a contiki-sky.a(button-sensor.o)
 .text.value    0x0000958c       0x26 contiki-sky.a(button-sensor.o)
 .text.irq_p2   0x000095b2       0x92 contiki-sky.a(button-sensor.o)
                0x000095b2                irq_p2
                0x000095b2                __isr_1
 .text.crc8_add
                0x00009644       0x1a contiki-sky.a(ds2411.o)
 .text.owreadb  0x0000965e       0x56 contiki-sky.a(ds2411.o)
 .text.ds2411_init
                0x000096b4      0x10a contiki-sky.a(ds2411.o)
                0x000096b4                ds2411_init
 .text.wait_ready
                0x000097be       0x4e contiki-sky.a(xmem.o)
 .text.xmem_init
                0x0000980c       0x3c contiki-sky.a(xmem.o)
                0x0000980c                xmem_init
 .text.xmem_pread
                0x00009848       0xdc contiki-sky.a(xmem.o)
                0x00009848                xmem_pread
 .text.node_id_restore
                0x00009924       0x38 contiki-sky.a(node-id.o)
                0x00009924                node_id_restore
 .text.get_sensor_index
                0x0000995c       0x22 contiki-sky.a(sensors.o)
 .text.process_thread_sensors_process
                0x0000997e       0xc2 contiki-sky.a(sensors.o)
 .text.sensors_changed
                0x00009a40       0x14 contiki-sky.a(sensors.o)
                0x00009a40                sensors_changed
 .text.strobe   0x00009a54       0x1e contiki-sky.a(cc2420.o)
 .text.status   0x00009a72       0x24 contiki-sky.a(cc2420.o)
 .text.getreg   0x00009a96       0x50 contiki-sky.a(cc2420.o)
 .text.setreg   0x00009ae6       0x48 contiki-sky.a(cc2420.o)
 .text.set_txpower
                0x00009b2e       0x2a contiki-sky.a(cc2420.o)
 .text.cc2420_receiving_packet
                0x00009b58       0x10 contiki-sky.a(cc2420.o)
 .text.pending_packet
                0x00009b68        0x8 contiki-sky.a(cc2420.o)
 .text.on       0x00009b70       0x46 contiki-sky.a(cc2420.o)
 .text.flushrx  0x00009bb6       0x74 contiki-sky.a(cc2420.o)
 .text.off      0x00009c2a       0x78 contiki-sky.a(cc2420.o)
 .text.RELEASE_LOCK
                0x00009ca2       0x28 contiki-sky.a(cc2420.o)
 .text.cc2420_prepare
                0x00009cca       0x82 contiki-sky.a(cc2420.o)
 .text.cc2420_on
                0x00009d4c       0x22 contiki-sky.a(cc2420.o)
                0x00009d4c                cc2420_on
 .text.cc2420_off
                0x00009d6e       0x30 contiki-sky.a(cc2420.o)
                0x00009d6e                cc2420_off
 .text.cc2420_cca
                0x00009d9e       0x7a contiki-sky.a(cc2420.o)
 .text.getrxdata
                0x00009e18       0x4e contiki-sky.a(cc2420.o)
 .text.cc2420_read
                0x00009e66       0xe6 contiki-sky.a(cc2420.o)
 .text.process_thread_cc2420_process
                0x00009f4c       0x50 contiki-sky.a(cc2420.o)
 .text.cc2420_set_channel
                0x00009f9c       0x7a contiki-sky.a(cc2420.o)
                0x00009f9c                cc2420_set_channel
 .text.cc2420_set_pan_addr
                0x0000a016      0x13a contiki-sky.a(cc2420.o)
                0x0000a016                cc2420_set_pan_addr
 .text.cc2420_init
                0x0000a150       0xd4 contiki-sky.a(cc2420.o)
                0x0000a150                cc2420_init
 .text.cc2420_interrupt
                0x0000a224       0x20 contiki-sky.a(cc2420.o)
                0x0000a224                cc2420_interrupt
 .text.cc2420_get_txpower
                0x0000a244       0x1e contiki-sky.a(cc2420.o)
                0x0000a244                cc2420_get_txpower
 .text.cc2420_transmit
                0x0000a262      0x1a4 contiki-sky.a(cc2420.o)
 .text.cc2420_send
                0x0000a406       0x12 contiki-sky.a(cc2420.o)
 .text.cc2420_port1_interrupt
                0x0000a418       0x6a contiki-sky.a(cc2420-arch.o)
                0x0000a418                __isr_4
                0x0000a418                cc2420_port1_interrupt
 .text.cc2420_arch_init
                0x0000a482       0x1a contiki-sky.a(cc2420-arch.o)
                0x0000a482                cc2420_arch_init
 .text.handle_rxdma_timer
                0x0000a49c       0x42 contiki-sky.a(uart1.o)
 .text.uart1_active
                0x0000a4de       0x18 contiki-sky.a(uart1.o)
                0x0000a4de                uart1_active
 .text.uart1_set_input
                0x0000a4f6       0x20 contiki-sky.a(uart1.o)
                0x0000a4f6                uart1_set_input
 .text.uart1_writeb
                0x0000a516       0x1a contiki-sky.a(uart1.o)
                0x0000a516                uart1_writeb
 .text.uart1_init
                0x0000a530       0xee contiki-sky.a(uart1.o)
                0x0000a530                uart1_init
 .text.putchar  0x0000a61e        0xe contiki-sky.a(uart1-putchar.o)
                0x0000a61e                putchar
 .text.msp430_init_dco
                0x0000a62c       0x74 contiki-sky.a(msp430.o)
                0x0000a62c                msp430_init_dco
 .text.msp430_add_lpm_req
                0x0000a6a0        0xa contiki-sky.a(msp430.o)
                0x0000a6a0                msp430_add_lpm_req
 .text.msp430_cpu_init
                0x0000a6aa       0x2a contiki-sky.a(msp430.o)
                0x0000a6aa                msp430_cpu_init
 .text.splhigh_
                0x0000a6d4        0x8 contiki-sky.a(msp430.o)
                0x0000a6d4                splhigh_
 .text.msp430_sync_dco
                0x0000a6dc       0x60 contiki-sky.a(msp430.o)
                0x0000a6dc                msp430_sync_dco
 .text.timera1  0x0000a73c       0xee contiki-sky.a(clock.o)
                0x0000a73c                __isr_5
                0x0000a73c                timera1
 .text.clock_time
                0x0000a82a       0x1a contiki-sky.a(clock.o)
                0x0000a82a                clock_time
 .text.clock_init
                0x0000a844       0x28 contiki-sky.a(clock.o)
                0x0000a844                clock_init
 .text.clock_delay
                0x0000a86c        0xc contiki-sky.a(clock.o)
                0x0000a86c                clock_delay
 .text.show_leds
                0x0000a878      0x10c contiki-sky.a(leds.o)
 .text.leds_init
                0x0000a984        0xe contiki-sky.a(leds.o)
                0x0000a984                leds_init
 .text.leds_on  0x0000a992       0x14 contiki-sky.a(leds.o)
                0x0000a992                leds_on
 .text.leds_off
                0x0000a9a6       0x14 contiki-sky.a(leds.o)
                0x0000a9a6                leds_off
 .text.leds_arch_init
                0x0000a9ba        0xe contiki-sky.a(leds-arch.o)
                0x0000a9ba                leds_arch_init
 .text.leds_arch_set
                0x0000a9c8       0x3a contiki-sky.a(leds-arch.o)
                0x0000a9c8                leds_arch_set
 .text.watchdog_interrupt
                0x0000aa02        0x6 contiki-sky.a(watchdog.o)
                0x0000aa02                __isr_10
                0x0000aa02                watchdog_interrupt
 .text.watchdog_start
                0x0000aa08       0x14 contiki-sky.a(watchdog.o)
                0x0000aa08                watchdog_start
 .text.watchdog_periodic
                0x0000aa1c       0x12 contiki-sky.a(watchdog.o)
                0x0000aa1c                watchdog_periodic
 .text.watchdog_stop
                0x0000aa2e       0x16 contiki-sky.a(watchdog.o)
                0x0000aa2e                watchdog_stop
 .text.watchdog_init
                0x0000aa44       0x14 contiki-sky.a(watchdog.o)
                0x0000aa44                watchdog_init
 .text.rtimer_arch_init
                0x0000aa58        0xe contiki-sky.a(rtimer-arch.o)
                0x0000aa58                rtimer_arch_init
 .text.rtimer_arch_now
                0x0000aa66        0xe contiki-sky.a(rtimer-arch.o)
                0x0000aa66                rtimer_arch_now
 .text.timera0  0x0000aa74       0x76 contiki-sky.a(rtimer-arch.o)
                0x0000aa74                __isr_6
                0x0000aa74                timera0
 .text.rtimer_arch_schedule
                0x0000aaea        0x6 contiki-sky.a(rtimer-arch.o)
                0x0000aaea                rtimer_arch_schedule
 .text.mac_call_sent_callback
                0x0000aaf0       0x14 contiki-sky.a(mac.o)
                0x0000aaf0                mac_call_sent_callback
 .text.parse    0x0000ab04       0xa8 contiki-sky.a(framer-802154.o)
 .text.create   0x0000abac      0x106 contiki-sky.a(framer-802154.o)
 .text.spi_init
                0x0000acb2       0x32 contiki-sky.a(spi.o)
                0x0000acb2                spi_init
 .text.field_len
                0x0000ace4       0x98 contiki-sky.a(frame802154.o)
 .text.frame802154_hdrlen
                0x0000ad7c       0x2e contiki-sky.a(frame802154.o)
                0x0000ad7c                frame802154_hdrlen
 .text.frame802154_create
                0x0000adaa      0x16c contiki-sky.a(frame802154.o)
                0x0000adaa                frame802154_create
 .text.frame802154_parse
                0x0000af16      0x19e contiki-sky.a(frame802154.o)
                0x0000af16                frame802154_parse
 .text.libgcc   0x0000b0b4       0x20 /usr/lib/gcc/msp430/4.5.3/mmpy-16/libgcc.a(_mulsi3.o)
                0x0000b0b4                __mulsi3
 .text.libgcc   0x0000b0d4       0x1c /usr/lib/gcc/msp430/4.5.3/mmpy-16/libgcc.a(_udivmodhi4.o)
                0x0000b0d4                __udivmodhi4
 .text.libgcc   0x0000b0f0       0x36 /usr/lib/gcc/msp430/4.5.3/mmpy-16/libgcc.a(_divmodhi4.o)
                0x0000b0f0                __divmodhi4
 .text.libgcc   0x0000b126       0x2a /usr/lib/gcc/msp430/4.5.3/mmpy-16/libgcc.a(_udivmodsi4.o)
                0x0000b126                __udivmodsi4
 .text.crt0     0x0000b150        0x2 /usr/lib/gcc/msp430/4.5.3/mmpy-16/libcrt0.a(_unexpected_.o)
                0x0000b150                _unexpected_

.rodata         0x0000b152        0x0
                0x0000b152                . = ALIGN (0x2)
 *(.rodata .rodata.* .gnu.linkonce.r.*)
                0x0000b152                . = ALIGN (0x2)
                0x0000b152                _etext = .

.data           0x00001100       0xa2 load address 0x0000b152
                0x00001100                . = ALIGN (0x2)
                0x00001100                PROVIDE (__data_start, .)
 *(.data)
 .data          0x00001100       0x1e glossy-test.co
                0x00001100                glossy_process
                0x0000110a                glossy_print_stats_process
                0x00001114                glossy_test
 .data          0x0000111e       0x18 contiki-sky.a(csma.o)
 .data          0x00001136       0x10 contiki-sky.a(phase.o)
 .data          0x00001146        0xa contiki-sky.a(serial-line.o)
                0x00001146                serial_line_process
 .data          0x00001150        0xa contiki-sky.a(etimer.o)
                0x00001150                etimer_process
 .data          0x0000115a        0xa contiki-sky.a(ctimer.o)
                0x0000115a                ctimer_process
 .data          0x00001164        0x8 contiki-sky.a(nbr-table.o)
 .data          0x0000116c       0x18 contiki-sky.a(queuebuf.o)
 .data          0x00001184        0x4 contiki-sky.a(contiki-sky-pla)
                0x00001184                sensors
 .data          0x00001188        0xa contiki-sky.a(sensors.o)
                0x00001188                sensors_process
 .data          0x00001192        0xa contiki-sky.a(cc2420.o)
                0x00001192                cc2420_process
 .data          0x0000119c        0x2 contiki-sky.a(msp430.o)
 .data          0x0000119e        0x4 /usr/lib/gcc/msp430/4.5.3/../../../../msp430/lib/mmpy-16/libc.a(rand.o)
 *(SORT(.data.*))
                0x000011a2                . = ALIGN (0x2)
 *(.gnu.linkonce.d*)
                0x000011a2                . = ALIGN (0x2)
                0x000011a2                _edata = .
                0x0000b152                PROVIDE (__data_load_start, LOADADDR (.data))
                0x000000a2                PROVIDE (__data_size, SIZEOF (.data))

.bss            0x000011a2     0x13f4 load address 0x0000b1f4
                0x000011a2                PROVIDE (__bss_start, .)
 *(.bss)
 .bss           0x000011a2       0x70 glossy-test.co
 .bss           0x00001212        0xc obj_sky/contiki-sky-main.o
 .bss           0x0000121e        0x2 contiki-sky.a(rime.o)
 .bss           0x00001220        0x6 contiki-sky.a(announcement.o)
 .bss           0x00001226       0x46 contiki-sky.a(broadcast-annou)
 .bss           0x0000126c        0x2 contiki-sky.a(channel.o)
 .bss           0x0000126e      0x126 contiki-sky.a(csma.o)
 .bss           0x00001394       0x78 contiki-sky.a(contikimac.o)
 .bss           0x0000140c      0x148 contiki-sky.a(phase.o)
 .bss           0x00001554       0x42 contiki-sky.a(process.o)
                0x00001554                process_list
                0x00001556                process_current
 .bss           0x00001596        0x8 contiki-sky.a(compower.o)
 .bss           0x0000159e      0x10a contiki-sky.a(serial-line.o)
 .bss           0x000016a8        0x6 contiki-sky.a(etimer.o)
 .bss           0x000016ae        0x4 contiki-sky.a(ctimer.o)
 .bss           0x000016b2        0x2 contiki-sky.a(rtimer.o)
 .bss           0x000016b4       0x4c contiki-sky.a(nbr-table.o)
 .bss           0x00001700       0xba contiki-sky.a(packetbuf.o)
 .bss           0x000017ba      0xc4e contiki-sky.a(queuebuf.o)
 .bss           0x00002408        0x8 contiki-sky.a(button-sensor.o)
 .bss           0x00002410        0x2 contiki-sky.a(node-id.o)
                0x00002410                node_id
 .bss           0x00002412        0x6 contiki-sky.a(sensors.o)
 .bss           0x00002418        0xa contiki-sky.a(cc2420.o)
 .bss           0x00002422       0x9a contiki-sky.a(uart1.o)
 .bss           0x000024bc        0xa contiki-sky.a(clock.o)
 .bss           0x000024c6        0x2 contiki-sky.a(leds.o)
 .bss           0x000024c8        0x2 contiki-sky.a(watchdog.o)
 .bss           0x000024ca        0x2 contiki-sky.a(framer-802154.o)
 .bss           0x000024cc        0x1 /usr/lib/gcc/msp430/4.5.3/../../../../msp430/lib/mmpy-16/libc.a(malloc.o)
 *(SORT(.bss.*))
 *(COMMON)
 *fill*         0x000024cd        0x1 00
 COMMON         0x000024ce        0xa glossy-test.co
                0x000024ce                high_T_irq
                0x000024d0                bad_header
                0x000024d2                bad_crc
                0x000024d4                bad_length
                0x000024d6                rx_timeout
 COMMON         0x000024d8        0x2 contiki-sky.a(rimeaddr.o)
                0x000024d8                rimeaddr_node_addr
 COMMON         0x000024da        0x1 contiki-sky.a(process.o)
                0x000024da                process_maxevents
 *fill*         0x000024db        0x1 00
 COMMON         0x000024dc        0x8 contiki-sky.a(compower.o)
                0x000024dc                compower_idle_activity
 COMMON         0x000024e4        0x1 contiki-sky.a(serial-line.o)
                0x000024e4                serial_line_event_message
 *fill*         0x000024e5        0x1 00
 COMMON         0x000024e6       0x56 contiki-sky.a(energest.o)
                0x000024e6                energest_total_time
                0x00002516                energest_total_count
                0x00002518                energest_current_mode
                0x00002524                energest_current_time
 COMMON         0x0000253c       0x38 contiki-sky.a(packetbuf.o)
                0x0000253c                packetbuf_addrs
                0x00002544                packetbuf_attrs
 COMMON         0x00002574        0x2 contiki-sky.a(contiki-sky-pla)
                0x00002574                sensors_flags
 COMMON         0x00002576        0x8 contiki-sky.a(ds2411.o)
                0x00002576                ds2411_id
 COMMON         0x0000257e        0x1 contiki-sky.a(sensors.o)
                0x0000257e                sensors_event
 *fill*         0x0000257f        0x1 00
 COMMON         0x00002580       0x14 contiki-sky.a(cc2420.o)
                0x00002580                cc2420_last_rssi
                0x00002582                cc2420_packets_read
                0x00002584                cc2420_packets_seen
                0x00002586                cc2420_sfd_start_time
                0x00002588                cc2420_time_of_departure
                0x0000258a                cc2420_time_of_arrival
                0x0000258c                cc2420_last_correlation
                0x0000258e                cc2420_authority_level_of_sender
                0x00002590                cc2420_sfd_counter
                0x00002592                cc2420_sfd_end_time
 COMMON         0x00002594        0x2 contiki-sky.a(msp430.o)
                0x00002594                msp430_dco_required
                0x00002596                PROVIDE (__bss_end, .)
                0x00002596                _end = .
                0x000013f4                PROVIDE (__bss_size, SIZEOF (.bss))

.noinit         0x00002596        0x0 load address 0x0000b1f4
                0x00002596                PROVIDE (__noinit_start, .)
 *(.noinit)
 *(.noinit.*)
 *(COMMON)
                0x00002596                PROVIDE (__noinit_end, .)
                0x00002596                _end = .

.infomem        0x00001000        0x0
 *(.infomem)
                0x00001000                . = ALIGN (0x2)
 *(.infomem.*)

.infomemnobits  0x00001000        0x0
                0x00001000                . = ALIGN (0x2)
 *(.infomemnobits)
                0x00001000                . = ALIGN (0x2)
 *(.infomemnobits.*)

.vectors        0x0000ffe0       0x20
                0x0000ffe0                PROVIDE (__vectors_start, .)
 *(.vectors*)
 .vectors       0x0000ffe0       0x20 /usr/lib/gcc/msp430/4.5.3/mmpy-16/crt0ivtbl16.o
                0x0000ffe0                __ivtbl_16
                0x00010000                _vectors_end = .

.fartext        0x00000000        0x0
                0x00000000                . = ALIGN (0x2)
 *(.fartext)
                0x00000000                . = ALIGN (0x2)
 *(.fartext.*)
                0x00000000                _efartext = .

.profiler
 *(.profiler)

.stab
 *(.stab)

.stabstr
 *(.stabstr)

.stab.excl
 *(.stab.excl)

.stab.exclstr
 *(.stab.exclstr)

.stab.index
 *(.stab.index)

.stab.indexstr
 *(.stab.indexstr)

.comment
 *(.comment)

.debug
 *(.debug)

.line
 *(.line)

.debug_srcinfo
 *(.debug_srcinfo)

.debug_sfnames
 *(.debug_sfnames)

.debug_aranges  0x00000000      0x244
 *(.debug_aranges)
 .debug_aranges
                0x00000000       0x14 /usr/lib/gcc/msp430/4.5.3/mmpy-16/libgcc.a(_mulsi3.o)
 .debug_aranges
                0x00000014       0x14 /usr/lib/gcc/msp430/4.5.3/mmpy-16/libgcc.a(_udivmodhi4.o)
 .debug_aranges
                0x00000028       0x14 /usr/lib/gcc/msp430/4.5.3/mmpy-16/libgcc.a(_divmodhi4.o)
 .debug_aranges
                0x0000003c       0x14 /usr/lib/gcc/msp430/4.5.3/mmpy-16/libgcc.a(_udivmodsi4.o)
 .debug_aranges
                0x00000050       0x14 /usr/lib/gcc/msp430/4.5.3/mmpy-16/libgcc.a(_fixunssfsi.o)
 .debug_aranges
                0x00000064       0x14 /usr/lib/gcc/msp430/4.5.3/mmpy-16/libgcc.a(_addsub_sf.o)
 .debug_aranges
                0x00000078       0x14 /usr/lib/gcc/msp430/4.5.3/mmpy-16/libgcc.a(_mul_sf.o)
 .debug_aranges
                0x0000008c       0x14 /usr/lib/gcc/msp430/4.5.3/mmpy-16/libgcc.a(_div_sf.o)
 .debug_aranges
                0x000000a0       0x14 /usr/lib/gcc/msp430/4.5.3/mmpy-16/libgcc.a(_ge_sf.o)
 .debug_aranges
                0x000000b4       0x14 /usr/lib/gcc/msp430/4.5.3/mmpy-16/libgcc.a(_sf_to_si.o)
 .debug_aranges
                0x000000c8       0x14 /usr/lib/gcc/msp430/4.5.3/mmpy-16/libgcc.a(_usi_to_sf.o)
 .debug_aranges
                0x000000dc       0x14 /usr/lib/gcc/msp430/4.5.3/mmpy-16/libgcc.a(_clzsi2.o)
 .debug_aranges
                0x000000f0       0x14 /usr/lib/gcc/msp430/4.5.3/mmpy-16/libgcc.a(_pack_sf.o)
 .debug_aranges
                0x00000104       0x14 /usr/lib/gcc/msp430/4.5.3/mmpy-16/libgcc.a(_unpack_sf.o)
 .debug_aranges
                0x00000118       0x14 /usr/lib/gcc/msp430/4.5.3/mmpy-16/libgcc.a(_fpcmp_parts_sf.o)
 .debug_aranges
                0x0000012c       0x14 /usr/lib/gcc/msp430/4.5.3/../../../../msp430/lib/mmpy-16/libc.a(memcmp.o)
 .debug_aranges
                0x00000140       0x14 /usr/lib/gcc/msp430/4.5.3/../../../../msp430/lib/mmpy-16/libc.a(memcpy.o)
 .debug_aranges
                0x00000154       0x14 /usr/lib/gcc/msp430/4.5.3/../../../../msp430/lib/mmpy-16/libc.a(memset.o)
 .debug_aranges
                0x00000168       0x14 /usr/lib/gcc/msp430/4.5.3/../../../../msp430/lib/mmpy-16/libc.a(malloc.o)
 .debug_aranges
                0x0000017c       0x14 /usr/lib/gcc/msp430/4.5.3/../../../../msp430/lib/mmpy-16/libc.a(printf.o)
 .debug_aranges
                0x00000190       0x14 /usr/lib/gcc/msp430/4.5.3/../../../../msp430/lib/mmpy-16/libc.a(vuprintf.o)
 .debug_aranges
                0x000001a4       0x14 /usr/lib/gcc/msp430/4.5.3/../../../../msp430/lib/mmpy-16/libc.a(puts.o)
 .debug_aranges
                0x000001b8       0x14 /usr/lib/gcc/msp430/4.5.3/../../../../msp430/lib/mmpy-16/libc.a(rand.o)
 .debug_aranges
                0x000001cc       0x14 /usr/lib/gcc/msp430/4.5.3/mmpy-16/libcrt0.a(__init_stack.o)
 .debug_aranges
                0x000001e0       0x14 /usr/lib/gcc/msp430/4.5.3/mmpy-16/libcrt0.a(__low_level_init.o)
 .debug_aranges
                0x000001f4       0x14 /usr/lib/gcc/msp430/4.5.3/mmpy-16/libcrt0.a(_copy_data.o)
 .debug_aranges
                0x00000208       0x14 /usr/lib/gcc/msp430/4.5.3/mmpy-16/libcrt0.a(_clear_bss.o)
 .debug_aranges
                0x0000021c       0x14 /usr/lib/gcc/msp430/4.5.3/mmpy-16/libcrt0.a(_endless_loop__.o)
 .debug_aranges
                0x00000230       0x14 /usr/lib/gcc/msp430/4.5.3/mmpy-16/libcrt0.a(_unexpected_.o)

.debug_pubnames
                0x00000000      0x2c6
 *(.debug_pubnames)
 .debug_pubnames
                0x00000000       0x23 /usr/lib/gcc/msp430/4.5.3/mmpy-16/libgcc.a(_fixunssfsi.o)
 .debug_pubnames
                0x00000023       0x2c /usr/lib/gcc/msp430/4.5.3/mmpy-16/libgcc.a(_addsub_sf.o)
 .debug_pubnames
                0x0000004f       0x1f /usr/lib/gcc/msp430/4.5.3/mmpy-16/libgcc.a(_mul_sf.o)
 .debug_pubnames
                0x0000006e       0x1f /usr/lib/gcc/msp430/4.5.3/mmpy-16/libgcc.a(_div_sf.o)
 .debug_pubnames
                0x0000008d       0x1e /usr/lib/gcc/msp430/4.5.3/mmpy-16/libgcc.a(_ge_sf.o)
 .debug_pubnames
                0x000000ab       0x20 /usr/lib/gcc/msp430/4.5.3/mmpy-16/libgcc.a(_sf_to_si.o)
 .debug_pubnames
                0x000000cb       0x22 /usr/lib/gcc/msp430/4.5.3/mmpy-16/libgcc.a(_thenan_sf.o)
 .debug_pubnames
                0x000000ed       0x24 /usr/lib/gcc/msp430/4.5.3/mmpy-16/libgcc.a(_usi_to_sf.o)
 .debug_pubnames
                0x00000111       0x1f /usr/lib/gcc/msp430/4.5.3/mmpy-16/libgcc.a(_clzsi2.o)
 .debug_pubnames
                0x00000130       0x1f /usr/lib/gcc/msp430/4.5.3/mmpy-16/libgcc.a(_pack_sf.o)
 .debug_pubnames
                0x0000014f       0x21 /usr/lib/gcc/msp430/4.5.3/mmpy-16/libgcc.a(_unpack_sf.o)
 .debug_pubnames
                0x00000170       0x26 /usr/lib/gcc/msp430/4.5.3/mmpy-16/libgcc.a(_fpcmp_parts_sf.o)
 .debug_pubnames
                0x00000196       0x20 /usr/lib/gcc/msp430/4.5.3/mmpy-16/libgcc.a(_clz.o)
 .debug_pubnames
                0x000001b6       0x1d /usr/lib/gcc/msp430/4.5.3/../../../../msp430/lib/mmpy-16/libc.a(memcmp.o)
 .debug_pubnames
                0x000001d3       0x1d /usr/lib/gcc/msp430/4.5.3/../../../../msp430/lib/mmpy-16/libc.a(memcpy.o)
 .debug_pubnames
                0x000001f0       0x1d /usr/lib/gcc/msp430/4.5.3/../../../../msp430/lib/mmpy-16/libc.a(memset.o)
 .debug_pubnames
                0x0000020d       0x26 /usr/lib/gcc/msp430/4.5.3/../../../../msp430/lib/mmpy-16/libc.a(malloc.o)
 .debug_pubnames
                0x00000233       0x29 /usr/lib/gcc/msp430/4.5.3/../../../../msp430/lib/mmpy-16/libc.a(printf.o)
 .debug_pubnames
                0x0000025c       0x1f /usr/lib/gcc/msp430/4.5.3/../../../../msp430/lib/mmpy-16/libc.a(vuprintf.o)
 .debug_pubnames
                0x0000027b       0x1b /usr/lib/gcc/msp430/4.5.3/../../../../msp430/lib/mmpy-16/libc.a(puts.o)
 .debug_pubnames
                0x00000296       0x30 /usr/lib/gcc/msp430/4.5.3/../../../../msp430/lib/mmpy-16/libc.a(rand.o)

.debug_info     0x00000000     0x2fbf
 *(.debug_info)
 .debug_info    0x00000000       0xd7 /usr/lib/gcc/msp430/4.5.3/mmpy-16/libgcc.a(_mulsi3.o)
 .debug_info    0x000000d7       0xd7 /usr/lib/gcc/msp430/4.5.3/mmpy-16/libgcc.a(_udivmodhi4.o)
 .debug_info    0x000001ae       0xd7 /usr/lib/gcc/msp430/4.5.3/mmpy-16/libgcc.a(_divmodhi4.o)
 .debug_info    0x00000285       0xd7 /usr/lib/gcc/msp430/4.5.3/mmpy-16/libgcc.a(_udivmodsi4.o)
 .debug_info    0x0000035c       0xae /usr/lib/gcc/msp430/4.5.3/mmpy-16/libgcc.a(_fixunssfsi.o)
 .debug_info    0x0000040a      0x432 /usr/lib/gcc/msp430/4.5.3/mmpy-16/libgcc.a(_addsub_sf.o)
 .debug_info    0x0000083c      0x3d6 /usr/lib/gcc/msp430/4.5.3/mmpy-16/libgcc.a(_mul_sf.o)
 .debug_info    0x00000c12      0x369 /usr/lib/gcc/msp430/4.5.3/mmpy-16/libgcc.a(_div_sf.o)
 .debug_info    0x00000f7b      0x27b /usr/lib/gcc/msp430/4.5.3/mmpy-16/libgcc.a(_ge_sf.o)
 .debug_info    0x000011f6      0x296 /usr/lib/gcc/msp430/4.5.3/mmpy-16/libgcc.a(_sf_to_si.o)
 .debug_info    0x0000148c      0x151 /usr/lib/gcc/msp430/4.5.3/mmpy-16/libgcc.a(_thenan_sf.o)
 .debug_info    0x000015dd      0x217 /usr/lib/gcc/msp430/4.5.3/mmpy-16/libgcc.a(_usi_to_sf.o)
 .debug_info    0x000017f4      0x115 /usr/lib/gcc/msp430/4.5.3/mmpy-16/libgcc.a(_clzsi2.o)
 .debug_info    0x00001909      0x2c2 /usr/lib/gcc/msp430/4.5.3/mmpy-16/libgcc.a(_pack_sf.o)
 .debug_info    0x00001bcb      0x24d /usr/lib/gcc/msp430/4.5.3/mmpy-16/libgcc.a(_unpack_sf.o)
 .debug_info    0x00001e18      0x1e2 /usr/lib/gcc/msp430/4.5.3/mmpy-16/libgcc.a(_fpcmp_parts_sf.o)
 .debug_info    0x00001ffa       0x99 /usr/lib/gcc/msp430/4.5.3/mmpy-16/libgcc.a(_clz.o)
 .debug_info    0x00002093       0xe2 /usr/lib/gcc/msp430/4.5.3/../../../../msp430/lib/mmpy-16/libc.a(memcmp.o)
 .debug_info    0x00002175      0x113 /usr/lib/gcc/msp430/4.5.3/../../../../msp430/lib/mmpy-16/libc.a(memcpy.o)
 .debug_info    0x00002288       0xfe /usr/lib/gcc/msp430/4.5.3/../../../../msp430/lib/mmpy-16/libc.a(memset.o)
 .debug_info    0x00002386      0x15e /usr/lib/gcc/msp430/4.5.3/../../../../msp430/lib/mmpy-16/libc.a(malloc.o)
 .debug_info    0x000024e4      0x103 /usr/lib/gcc/msp430/4.5.3/../../../../msp430/lib/mmpy-16/libc.a(printf.o)
 .debug_info    0x000025e7      0x3b5 /usr/lib/gcc/msp430/4.5.3/../../../../msp430/lib/mmpy-16/libc.a(vuprintf.o)
 .debug_info    0x0000299c       0x96 /usr/lib/gcc/msp430/4.5.3/../../../../msp430/lib/mmpy-16/libc.a(puts.o)
 .debug_info    0x00002a32      0x137 /usr/lib/gcc/msp430/4.5.3/../../../../msp430/lib/mmpy-16/libc.a(rand.o)
 .debug_info    0x00002b69       0xb9 /usr/lib/gcc/msp430/4.5.3/mmpy-16/libcrt0.a(__init_stack.o)
 .debug_info    0x00002c22       0xb9 /usr/lib/gcc/msp430/4.5.3/mmpy-16/libcrt0.a(__low_level_init.o)
 .debug_info    0x00002cdb       0xb9 /usr/lib/gcc/msp430/4.5.3/mmpy-16/libcrt0.a(_copy_data.o)
 .debug_info    0x00002d94       0xb9 /usr/lib/gcc/msp430/4.5.3/mmpy-16/libcrt0.a(_clear_bss.o)
 .debug_info    0x00002e4d       0xb9 /usr/lib/gcc/msp430/4.5.3/mmpy-16/libcrt0.a(_endless_loop__.o)
 .debug_info    0x00002f06       0xb9 /usr/lib/gcc/msp430/4.5.3/mmpy-16/libcrt0.a(_unexpected_.o)
 *(.gnu.linkonce.wi.*)

.debug_abbrev   0x00000000     0x16c8
 *(.debug_abbrev)
 .debug_abbrev  0x00000000       0x14 /usr/lib/gcc/msp430/4.5.3/mmpy-16/libgcc.a(_mulsi3.o)
 .debug_abbrev  0x00000014       0x14 /usr/lib/gcc/msp430/4.5.3/mmpy-16/libgcc.a(_udivmodhi4.o)
 .debug_abbrev  0x00000028       0x14 /usr/lib/gcc/msp430/4.5.3/mmpy-16/libgcc.a(_divmodhi4.o)
 .debug_abbrev  0x0000003c       0x14 /usr/lib/gcc/msp430/4.5.3/mmpy-16/libgcc.a(_udivmodsi4.o)
 .debug_abbrev  0x00000050       0x5d /usr/lib/gcc/msp430/4.5.3/mmpy-16/libgcc.a(_fixunssfsi.o)
 .debug_abbrev  0x000000ad      0x1ab /usr/lib/gcc/msp430/4.5.3/mmpy-16/libgcc.a(_addsub_sf.o)
 .debug_abbrev  0x00000258      0x1d9 /usr/lib/gcc/msp430/4.5.3/mmpy-16/libgcc.a(_mul_sf.o)
 .debug_abbrev  0x00000431      0x1c4 /usr/lib/gcc/msp430/4.5.3/mmpy-16/libgcc.a(_div_sf.o)
 .debug_abbrev  0x000005f5      0x151 /usr/lib/gcc/msp430/4.5.3/mmpy-16/libgcc.a(_ge_sf.o)
 .debug_abbrev  0x00000746      0x160 /usr/lib/gcc/msp430/4.5.3/mmpy-16/libgcc.a(_sf_to_si.o)
 .debug_abbrev  0x000008a6       0xcb /usr/lib/gcc/msp430/4.5.3/mmpy-16/libgcc.a(_thenan_sf.o)
 .debug_abbrev  0x00000971      0x16d /usr/lib/gcc/msp430/4.5.3/mmpy-16/libgcc.a(_usi_to_sf.o)
 .debug_abbrev  0x00000ade       0xbd /usr/lib/gcc/msp430/4.5.3/mmpy-16/libgcc.a(_clzsi2.o)
 .debug_abbrev  0x00000b9b      0x183 /usr/lib/gcc/msp430/4.5.3/mmpy-16/libgcc.a(_pack_sf.o)
 .debug_abbrev  0x00000d1e      0x14b /usr/lib/gcc/msp430/4.5.3/mmpy-16/libgcc.a(_unpack_sf.o)
 .debug_abbrev  0x00000e69      0x10b /usr/lib/gcc/msp430/4.5.3/mmpy-16/libgcc.a(_fpcmp_parts_sf.o)
 .debug_abbrev  0x00000f74       0x61 /usr/lib/gcc/msp430/4.5.3/mmpy-16/libgcc.a(_clz.o)
 .debug_abbrev  0x00000fd5       0x8a /usr/lib/gcc/msp430/4.5.3/../../../../msp430/lib/mmpy-16/libc.a(memcmp.o)
 .debug_abbrev  0x0000105f       0x97 /usr/lib/gcc/msp430/4.5.3/../../../../msp430/lib/mmpy-16/libc.a(memcpy.o)
 .debug_abbrev  0x000010f6       0x8d /usr/lib/gcc/msp430/4.5.3/../../../../msp430/lib/mmpy-16/libc.a(memset.o)
 .debug_abbrev  0x00001183       0xf8 /usr/lib/gcc/msp430/4.5.3/../../../../msp430/lib/mmpy-16/libc.a(malloc.o)
 .debug_abbrev  0x0000127b       0xce /usr/lib/gcc/msp430/4.5.3/../../../../msp430/lib/mmpy-16/libc.a(printf.o)
 .debug_abbrev  0x00001349      0x1cb /usr/lib/gcc/msp430/4.5.3/../../../../msp430/lib/mmpy-16/libc.a(vuprintf.o)
 .debug_abbrev  0x00001514       0x60 /usr/lib/gcc/msp430/4.5.3/../../../../msp430/lib/mmpy-16/libc.a(puts.o)
 .debug_abbrev  0x00001574       0xdc /usr/lib/gcc/msp430/4.5.3/../../../../msp430/lib/mmpy-16/libc.a(rand.o)
 .debug_abbrev  0x00001650       0x14 /usr/lib/gcc/msp430/4.5.3/mmpy-16/libcrt0.a(__init_stack.o)
 .debug_abbrev  0x00001664       0x14 /usr/lib/gcc/msp430/4.5.3/mmpy-16/libcrt0.a(__low_level_init.o)
 .debug_abbrev  0x00001678       0x14 /usr/lib/gcc/msp430/4.5.3/mmpy-16/libcrt0.a(_copy_data.o)
 .debug_abbrev  0x0000168c       0x14 /usr/lib/gcc/msp430/4.5.3/mmpy-16/libcrt0.a(_clear_bss.o)
 .debug_abbrev  0x000016a0       0x14 /usr/lib/gcc/msp430/4.5.3/mmpy-16/libcrt0.a(_endless_loop__.o)
 .debug_abbrev  0x000016b4       0x14 /usr/lib/gcc/msp430/4.5.3/mmpy-16/libcrt0.a(_unexpected_.o)

.debug_line     0x00000000     0x1609
 *(.debug_line)
 .debug_line    0x00000000       0x9d /usr/lib/gcc/msp430/4.5.3/mmpy-16/libgcc.a(_mulsi3.o)
 .debug_line    0x0000009d       0x9a /usr/lib/gcc/msp430/4.5.3/mmpy-16/libgcc.a(_udivmodhi4.o)
 .debug_line    0x00000137       0xa5 /usr/lib/gcc/msp430/4.5.3/mmpy-16/libgcc.a(_divmodhi4.o)
 .debug_line    0x000001dc       0xa1 /usr/lib/gcc/msp430/4.5.3/mmpy-16/libgcc.a(_udivmodsi4.o)
 .debug_line    0x0000027d       0x94 /usr/lib/gcc/msp430/4.5.3/mmpy-16/libgcc.a(_fixunssfsi.o)
 .debug_line    0x00000311      0x144 /usr/lib/gcc/msp430/4.5.3/mmpy-16/libgcc.a(_addsub_sf.o)
 .debug_line    0x00000455      0x13d /usr/lib/gcc/msp430/4.5.3/mmpy-16/libgcc.a(_mul_sf.o)
 .debug_line    0x00000592      0x102 /usr/lib/gcc/msp430/4.5.3/mmpy-16/libgcc.a(_div_sf.o)
 .debug_line    0x00000694       0xb1 /usr/lib/gcc/msp430/4.5.3/mmpy-16/libgcc.a(_ge_sf.o)
 .debug_line    0x00000745       0xc3 /usr/lib/gcc/msp430/4.5.3/mmpy-16/libgcc.a(_sf_to_si.o)
 .debug_line    0x00000808       0x94 /usr/lib/gcc/msp430/4.5.3/mmpy-16/libgcc.a(_thenan_sf.o)
 .debug_line    0x0000089c       0xc4 /usr/lib/gcc/msp430/4.5.3/mmpy-16/libgcc.a(_usi_to_sf.o)
 .debug_line    0x00000960       0xbd /usr/lib/gcc/msp430/4.5.3/mmpy-16/libgcc.a(_clzsi2.o)
 .debug_line    0x00000a1d       0xfd /usr/lib/gcc/msp430/4.5.3/mmpy-16/libgcc.a(_pack_sf.o)
 .debug_line    0x00000b1a       0xd9 /usr/lib/gcc/msp430/4.5.3/mmpy-16/libgcc.a(_unpack_sf.o)
 .debug_line    0x00000bf3       0xe8 /usr/lib/gcc/msp430/4.5.3/mmpy-16/libgcc.a(_fpcmp_parts_sf.o)
 .debug_line    0x00000cdb       0x80 /usr/lib/gcc/msp430/4.5.3/mmpy-16/libgcc.a(_clz.o)
 .debug_line    0x00000d5b       0x7c /usr/lib/gcc/msp430/4.5.3/../../../../msp430/lib/mmpy-16/libc.a(memcmp.o)
 .debug_line    0x00000dd7       0xf3 /usr/lib/gcc/msp430/4.5.3/../../../../msp430/lib/mmpy-16/libc.a(memcpy.o)
 .debug_line    0x00000eca       0xbd /usr/lib/gcc/msp430/4.5.3/../../../../msp430/lib/mmpy-16/libc.a(memset.o)
 .debug_line    0x00000f87       0xbe /usr/lib/gcc/msp430/4.5.3/../../../../msp430/lib/mmpy-16/libc.a(malloc.o)
 .debug_line    0x00001045       0x72 /usr/lib/gcc/msp430/4.5.3/../../../../msp430/lib/mmpy-16/libc.a(printf.o)
 .debug_line    0x000010b7      0x198 /usr/lib/gcc/msp430/4.5.3/../../../../msp430/lib/mmpy-16/libc.a(vuprintf.o)
 .debug_line    0x0000124f       0x4d /usr/lib/gcc/msp430/4.5.3/../../../../msp430/lib/mmpy-16/libc.a(puts.o)
 .debug_line    0x0000129c       0x52 /usr/lib/gcc/msp430/4.5.3/../../../../msp430/lib/mmpy-16/libc.a(rand.o)
 .debug_line    0x000012ee       0x82 /usr/lib/gcc/msp430/4.5.3/mmpy-16/libcrt0.a(__init_stack.o)
 .debug_line    0x00001370       0x84 /usr/lib/gcc/msp430/4.5.3/mmpy-16/libcrt0.a(__low_level_init.o)
 .debug_line    0x000013f4       0x88 /usr/lib/gcc/msp430/4.5.3/mmpy-16/libcrt0.a(_copy_data.o)
 .debug_line    0x0000147c       0x88 /usr/lib/gcc/msp430/4.5.3/mmpy-16/libcrt0.a(_clear_bss.o)
 .debug_line    0x00001504       0x83 /usr/lib/gcc/msp430/4.5.3/mmpy-16/libcrt0.a(_endless_loop__.o)
 .debug_line    0x00001587       0x82 /usr/lib/gcc/msp430/4.5.3/mmpy-16/libcrt0.a(_unexpected_.o)

.debug_frame    0x00000000      0x46c
 *(.debug_frame)
 .debug_frame   0x00000000       0x28 /usr/lib/gcc/msp430/4.5.3/mmpy-16/libgcc.a(_fixunssfsi.o)
 .debug_frame   0x00000028       0x7e /usr/lib/gcc/msp430/4.5.3/mmpy-16/libgcc.a(_addsub_sf.o)
 .debug_frame   0x000000a6       0x4a /usr/lib/gcc/msp430/4.5.3/mmpy-16/libgcc.a(_mul_sf.o)
 .debug_frame   0x000000f0       0x44 /usr/lib/gcc/msp430/4.5.3/mmpy-16/libgcc.a(_div_sf.o)
 .debug_frame   0x00000134       0x2c /usr/lib/gcc/msp430/4.5.3/mmpy-16/libgcc.a(_ge_sf.o)
 .debug_frame   0x00000160       0x22 /usr/lib/gcc/msp430/4.5.3/mmpy-16/libgcc.a(_sf_to_si.o)
 .debug_frame   0x00000182       0x3a /usr/lib/gcc/msp430/4.5.3/mmpy-16/libgcc.a(_usi_to_sf.o)
 .debug_frame   0x000001bc       0x24 /usr/lib/gcc/msp430/4.5.3/mmpy-16/libgcc.a(_clzsi2.o)
 .debug_frame   0x000001e0       0x3c /usr/lib/gcc/msp430/4.5.3/mmpy-16/libgcc.a(_pack_sf.o)
 .debug_frame   0x0000021c       0x2e /usr/lib/gcc/msp430/4.5.3/mmpy-16/libgcc.a(_unpack_sf.o)
 .debug_frame   0x0000024a       0x24 /usr/lib/gcc/msp430/4.5.3/mmpy-16/libgcc.a(_fpcmp_parts_sf.o)
 .debug_frame   0x0000026e       0x28 /usr/lib/gcc/msp430/4.5.3/../../../../msp430/lib/mmpy-16/libc.a(memcmp.o)
 .debug_frame   0x00000296       0x32 /usr/lib/gcc/msp430/4.5.3/../../../../msp430/lib/mmpy-16/libc.a(memcpy.o)
 .debug_frame   0x000002c8       0x32 /usr/lib/gcc/msp430/4.5.3/../../../../msp430/lib/mmpy-16/libc.a(memset.o)
 .debug_frame   0x000002fa       0x52 /usr/lib/gcc/msp430/4.5.3/../../../../msp430/lib/mmpy-16/libc.a(malloc.o)
 .debug_frame   0x0000034c       0x2a /usr/lib/gcc/msp430/4.5.3/../../../../msp430/lib/mmpy-16/libc.a(printf.o)
 .debug_frame   0x00000376       0x82 /usr/lib/gcc/msp430/4.5.3/../../../../msp430/lib/mmpy-16/libc.a(vuprintf.o)
 .debug_frame   0x000003f8       0x24 /usr/lib/gcc/msp430/4.5.3/../../../../msp430/lib/mmpy-16/libc.a(puts.o)
 .debug_frame   0x0000041c       0x50 /usr/lib/gcc/msp430/4.5.3/../../../../msp430/lib/mmpy-16/libc.a(rand.o)

.debug_str      0x00000000      0x62d
 *(.debug_str)
 .debug_str     0x00000000      0x10e /usr/lib/gcc/msp430/4.5.3/mmpy-16/libgcc.a(_fixunssfsi.o)
                                0x14f (size before relaxing)
 .debug_str     0x0000010e      0x155 /usr/lib/gcc/msp430/4.5.3/mmpy-16/libgcc.a(_addsub_sf.o)
                                0x22c (size before relaxing)
 .debug_str     0x00000263       0x27 /usr/lib/gcc/msp430/4.5.3/mmpy-16/libgcc.a(_mul_sf.o)
                                0x1e5 (size before relaxing)
 .debug_str     0x0000028a       0x35 /usr/lib/gcc/msp430/4.5.3/mmpy-16/libgcc.a(_div_sf.o)
                                0x1ee (size before relaxing)
 .debug_str     0x000002bf        0x8 /usr/lib/gcc/msp430/4.5.3/mmpy-16/libgcc.a(_ge_sf.o)
                                0x1b3 (size before relaxing)
 .debug_str     0x000002c7        0xa /usr/lib/gcc/msp430/4.5.3/mmpy-16/libgcc.a(_sf_to_si.o)
                                0x1bc (size before relaxing)
 .debug_str     0x00000000      0x15e /usr/lib/gcc/msp430/4.5.3/mmpy-16/libgcc.a(_thenan_sf.o)
 .debug_str     0x000002d1       0x2a /usr/lib/gcc/msp430/4.5.3/mmpy-16/libgcc.a(_usi_to_sf.o)
                                0x19e (size before relaxing)
 .debug_str     0x000002fb       0x17 /usr/lib/gcc/msp430/4.5.3/mmpy-16/libgcc.a(_clzsi2.o)
                                0x15b (size before relaxing)
 .debug_str     0x00000312       0x10 /usr/lib/gcc/msp430/4.5.3/mmpy-16/libgcc.a(_pack_sf.o)
                                0x1bb (size before relaxing)
 .debug_str     0x00000322        0xb /usr/lib/gcc/msp430/4.5.3/mmpy-16/libgcc.a(_unpack_sf.o)
                                0x19d (size before relaxing)
 .debug_str     0x0000032d       0x10 /usr/lib/gcc/msp430/4.5.3/mmpy-16/libgcc.a(_fpcmp_parts_sf.o)
                                0x181 (size before relaxing)
 .debug_str     0x00000000      0x13e /usr/lib/gcc/msp430/4.5.3/mmpy-16/libgcc.a(_clz.o)
 .debug_str     0x0000033d       0x5a /usr/lib/gcc/msp430/4.5.3/../../../../msp430/lib/mmpy-16/libc.a(memcmp.o)
                                 0xd2 (size before relaxing)
 .debug_str     0x00000397       0x34 /usr/lib/gcc/msp430/4.5.3/../../../../msp430/lib/mmpy-16/libc.a(memcpy.o)
                                 0xed (size before relaxing)
 .debug_str     0x000003cb       0x26 /usr/lib/gcc/msp430/4.5.3/../../../../msp430/lib/mmpy-16/libc.a(memset.o)
                                 0xeb (size before relaxing)
 .debug_str     0x000003f1       0x5b /usr/lib/gcc/msp430/4.5.3/../../../../msp430/lib/mmpy-16/libc.a(malloc.o)
                                0x119 (size before relaxing)
 .debug_str     0x0000044c       0x40 /usr/lib/gcc/msp430/4.5.3/../../../../msp430/lib/mmpy-16/libc.a(printf.o)
                                0x101 (size before relaxing)
 .debug_str     0x0000048c      0x162 /usr/lib/gcc/msp430/4.5.3/../../../../msp430/lib/mmpy-16/libc.a(vuprintf.o)
                                0x25d (size before relaxing)
 .debug_str     0x000005ee       0x15 /usr/lib/gcc/msp430/4.5.3/../../../../msp430/lib/mmpy-16/libc.a(puts.o)
                                 0xc7 (size before relaxing)
 .debug_str     0x00000603       0x2a /usr/lib/gcc/msp430/4.5.3/../../../../msp430/lib/mmpy-16/libc.a(rand.o)
                                 0xe6 (size before relaxing)

.debug_loc      0x00000000     0x1509
 *(.debug_loc)
 .debug_loc     0x00000000       0x44 /usr/lib/gcc/msp430/4.5.3/mmpy-16/libgcc.a(_fixunssfsi.o)
 .debug_loc     0x00000044      0x315 /usr/lib/gcc/msp430/4.5.3/mmpy-16/libgcc.a(_addsub_sf.o)
 .debug_loc     0x00000359      0x266 /usr/lib/gcc/msp430/4.5.3/mmpy-16/libgcc.a(_mul_sf.o)
 .debug_loc     0x000005bf      0x16c /usr/lib/gcc/msp430/4.5.3/mmpy-16/libgcc.a(_div_sf.o)
 .debug_loc     0x0000072b       0x4c /usr/lib/gcc/msp430/4.5.3/mmpy-16/libgcc.a(_ge_sf.o)
 .debug_loc     0x00000777       0x3c /usr/lib/gcc/msp430/4.5.3/mmpy-16/libgcc.a(_sf_to_si.o)
 .debug_loc     0x000007b3       0xc6 /usr/lib/gcc/msp430/4.5.3/mmpy-16/libgcc.a(_usi_to_sf.o)
 .debug_loc     0x00000879       0x58 /usr/lib/gcc/msp430/4.5.3/mmpy-16/libgcc.a(_clzsi2.o)
 .debug_loc     0x000008d1      0x18a /usr/lib/gcc/msp430/4.5.3/mmpy-16/libgcc.a(_pack_sf.o)
 .debug_loc     0x00000a5b       0xc5 /usr/lib/gcc/msp430/4.5.3/mmpy-16/libgcc.a(_unpack_sf.o)
 .debug_loc     0x00000b20       0x5b /usr/lib/gcc/msp430/4.5.3/mmpy-16/libgcc.a(_fpcmp_parts_sf.o)
 .debug_loc     0x00000b7b       0x59 /usr/lib/gcc/msp430/4.5.3/../../../../msp430/lib/mmpy-16/libc.a(memcmp.o)
 .debug_loc     0x00000bd4      0x1d6 /usr/lib/gcc/msp430/4.5.3/../../../../msp430/lib/mmpy-16/libc.a(memcpy.o)
 .debug_loc     0x00000daa       0xeb /usr/lib/gcc/msp430/4.5.3/../../../../msp430/lib/mmpy-16/libc.a(memset.o)
 .debug_loc     0x00000e95      0x135 /usr/lib/gcc/msp430/4.5.3/../../../../msp430/lib/mmpy-16/libc.a(malloc.o)
 .debug_loc     0x00000fca       0x24 /usr/lib/gcc/msp430/4.5.3/../../../../msp430/lib/mmpy-16/libc.a(printf.o)
 .debug_loc     0x00000fee      0x49c /usr/lib/gcc/msp430/4.5.3/../../../../msp430/lib/mmpy-16/libc.a(vuprintf.o)
 .debug_loc     0x0000148a       0x2d /usr/lib/gcc/msp430/4.5.3/../../../../msp430/lib/mmpy-16/libc.a(puts.o)
 .debug_loc     0x000014b7       0x52 /usr/lib/gcc/msp430/4.5.3/../../../../msp430/lib/mmpy-16/libc.a(rand.o)

.debug_macinfo
 *(.debug_macinfo)

.debug_pubtypes
                0x00000000      0x6d1
 *(.debug_pubtypes)
 .debug_pubtypes
                0x00000000       0x34 /usr/lib/gcc/msp430/4.5.3/mmpy-16/libgcc.a(_fixunssfsi.o)
 .debug_pubtypes
                0x00000034       0x9d /usr/lib/gcc/msp430/4.5.3/mmpy-16/libgcc.a(_addsub_sf.o)
 .debug_pubtypes
                0x000000d1       0x86 /usr/lib/gcc/msp430/4.5.3/mmpy-16/libgcc.a(_mul_sf.o)
 .debug_pubtypes
                0x00000157       0x86 /usr/lib/gcc/msp430/4.5.3/mmpy-16/libgcc.a(_div_sf.o)
 .debug_pubtypes
                0x000001dd       0x91 /usr/lib/gcc/msp430/4.5.3/mmpy-16/libgcc.a(_ge_sf.o)
 .debug_pubtypes
                0x0000026e       0x91 /usr/lib/gcc/msp430/4.5.3/mmpy-16/libgcc.a(_sf_to_si.o)
 .debug_pubtypes
                0x000002ff       0x5b /usr/lib/gcc/msp430/4.5.3/mmpy-16/libgcc.a(_thenan_sf.o)
 .debug_pubtypes
                0x0000035a       0x73 /usr/lib/gcc/msp430/4.5.3/mmpy-16/libgcc.a(_usi_to_sf.o)
 .debug_pubtypes
                0x000003cd       0x35 /usr/lib/gcc/msp430/4.5.3/mmpy-16/libgcc.a(_clzsi2.o)
 .debug_pubtypes
                0x00000402       0x86 /usr/lib/gcc/msp430/4.5.3/mmpy-16/libgcc.a(_pack_sf.o)
 .debug_pubtypes
                0x00000488       0x86 /usr/lib/gcc/msp430/4.5.3/mmpy-16/libgcc.a(_unpack_sf.o)
 .debug_pubtypes
                0x0000050e       0x5b /usr/lib/gcc/msp430/4.5.3/mmpy-16/libgcc.a(_fpcmp_parts_sf.o)
 .debug_pubtypes
                0x00000569       0x1e /usr/lib/gcc/msp430/4.5.3/mmpy-16/libgcc.a(_clz.o)
 .debug_pubtypes
                0x00000587       0x1d /usr/lib/gcc/msp430/4.5.3/../../../../msp430/lib/mmpy-16/libc.a(memcmp.o)
 .debug_pubtypes
                0x000005a4       0x26 /usr/lib/gcc/msp430/4.5.3/../../../../msp430/lib/mmpy-16/libc.a(memcpy.o)
 .debug_pubtypes
                0x000005ca       0x32 /usr/lib/gcc/msp430/4.5.3/../../../../msp430/lib/mmpy-16/libc.a(memset.o)
 .debug_pubtypes
                0x000005fc       0x2a /usr/lib/gcc/msp430/4.5.3/../../../../msp430/lib/mmpy-16/libc.a(malloc.o)
 .debug_pubtypes
                0x00000626       0x31 /usr/lib/gcc/msp430/4.5.3/../../../../msp430/lib/mmpy-16/libc.a(printf.o)
 .debug_pubtypes
                0x00000657       0x56 /usr/lib/gcc/msp430/4.5.3/../../../../msp430/lib/mmpy-16/libc.a(vuprintf.o)
 .debug_pubtypes
                0x000006ad       0x12 /usr/lib/gcc/msp430/4.5.3/../../../../msp430/lib/mmpy-16/libc.a(puts.o)
 .debug_pubtypes
                0x000006bf       0x12 /usr/lib/gcc/msp430/4.5.3/../../../../msp430/lib/mmpy-16/libc.a(rand.o)

.debug_ranges   0x00000000       0x9c
 *(.debug_ranges)
 .debug_ranges  0x00000000       0x14 /usr/lib/gcc/msp430/4.5.3/mmpy-16/libgcc.a(_addsub_sf.o)
 .debug_ranges  0x00000014       0x28 /usr/lib/gcc/msp430/4.5.3/mmpy-16/libgcc.a(_mul_sf.o)
 .debug_ranges  0x0000003c       0x24 /usr/lib/gcc/msp430/4.5.3/mmpy-16/libgcc.a(_div_sf.o)
 .debug_ranges  0x00000060        0xc /usr/lib/gcc/msp430/4.5.3/mmpy-16/libgcc.a(_usi_to_sf.o)
 .debug_ranges  0x0000006c        0xc /usr/lib/gcc/msp430/4.5.3/mmpy-16/libgcc.a(_clzsi2.o)
 .debug_ranges  0x00000078       0x18 /usr/lib/gcc/msp430/4.5.3/mmpy-16/libgcc.a(_pack_sf.o)
 .debug_ranges  0x00000090        0xc /usr/lib/gcc/msp430/4.5.3/../../../../msp430/lib/mmpy-16/libc.a(vuprintf.o)
                0x00003900                PROVIDE (__stack, (ORIGIN (ram) + 0x2800))
                0x0000b152                PROVIDE (__data_start_rom, _etext)
                0x0000b1f4                PROVIDE (__data_end_rom, (_etext + SIZEOF (.data)))
OUTPUT(glossy-test.sky elf32-msp430)

.glossy         0x00002596      0x164
 .glossy        0x00002596      0x164 glossy-test.co
                0x00002596                timerb1_interrupt
                0x00002596                __isr_12
